fdtdec.c:635:20:get_prop_check_min_len	48	static
fdtdec.c:79:13:fdtdec_get_compatible	0	static
fdtdec.c:301:10:fdtdec_get_uint64	48	static
fdtdec.c:314:5:fdtdec_get_is_enabled	16	static
fdtdec.c:1092:12:get_next_memory_node	48	static
fdtdec.c:331:20:fdtdec_lookup	64	static
fdtdec.c:343:5:fdtdec_next_compatible	0	static
fdtdec.c:348:5:fdtdec_next_compatible_subnode	48	static
fdtdec.c:363:5:fdtdec_next_alias	96	static
fdtdec.c:395:5:fdtdec_add_aliases_for_id	128	dynamic
fdtdec.c:385:5:fdtdec_find_aliases_for_id	64	static
fdtdec.c:510:5:fdtdec_get_alias_seq	96	static
fdtdec.c:552:13:fdtdec_get_chosen_prop	32	static
fdtdec.c:562:5:fdtdec_get_chosen_node	32	static
fdtdec.c:589:5:fdtdec_prepare_fdt	16	static
fdtdec.c:572:5:fdtdec_check_fdt	16	static
fdtdec.c:610:5:fdtdec_lookup_phandle	32	static
fdtdec.c:653:5:fdtdec_get_int_array	48	static
fdtdec.c:973:12:decode_timing_property	64	static
fdtdec.c:671:5:fdtdec_get_int_array_count	48	static
fdtdec.c:691:12:fdtdec_locate_array	32	static
fdtdec.c:702:5:fdtdec_get_bool	32	static
fdtdec.c:712:5:fdtdec_parse_phandle_with_args	112	static
fdtdec.c:836:5:fdtdec_get_child_count	32	static
fdtdec.c:847:5:fdtdec_get_byte_array	48	static
fdtdec.c:859:11:fdtdec_locate_byte_array	32	static
fdtdec.c:871:5:fdtdec_get_config_int	48	static
fdtdec.c:883:5:fdtdec_get_config_bool	32	static
fdtdec.c:897:7:fdtdec_get_config_string	48	static
fdtdec.c:915:5:fdtdec_get_number	0	static
fdtdec.c:86:12:fdtdec_get_addr_size_fixed	96	static
fdtdec.c:132:12:fdtdec_get_addr_size_auto_parent	80	static
fdtdec.c:159:12:fdtdec_get_addr_size_auto_noparent	64	static
fdtdec.c:178:12:fdtdec_get_addr_size	0	static
fdtdec.c:188:12:fdtdec_get_addr	0	static
fdtdec.c:925:5:fdt_get_resource	96	static
fdtdec.c:960:5:fdt_get_named_resource	48	static
fdtdec.c:997:5:fdtdec_decode_display_timing	64	static
fdtdec.c:1065:5:fdtdec_setup_mem_size_base	32	static
fdtdec.c:1102:5:fdtdec_setup_memory_banksize	48	static
fdtdec.c:1220:5:fdtdec_setup	16	static
fdtdec.c:1318:5:fdtdec_decode_ram_size	144	static
