Archive member included to satisfy reference by file (symbol)

./build/rpi3/debug/lib/libc.a(assert.o)
                              ./build/rpi3/debug/bl31/plat_psci_common.o (__assert)
./build/rpi3/debug/lib/libc.a(memchr.o)
                              ./build/rpi3/debug/bl31/fdt_ro.o (memchr)
./build/rpi3/debug/lib/libc.a(memcmp.o)
                              ./build/rpi3/debug/bl31/fdt.o (memcmp)
./build/rpi3/debug/lib/libc.a(memcpy.o)
                              ./build/rpi3/debug/bl31/rpi3_bl31_setup.o (memcpy)
./build/rpi3/debug/lib/libc.a(memmove.o)
                              ./build/rpi3/debug/bl31/fdt.o (memmove)
./build/rpi3/debug/lib/libc.a(memset.o)
                              ./build/rpi3/debug/bl31/fdt_rw.o (memset)
./build/rpi3/debug/lib/libc.a(printf.o)
                              ./build/rpi3/debug/bl31/tf_log.o (vprintf)
./build/rpi3/debug/lib/libc.a(putchar.o)
                              ./build/rpi3/debug/bl31/tf_log.o (putchar)
./build/rpi3/debug/lib/libc.a(strlen.o)
                              ./build/rpi3/debug/bl31/fdt.o (strlen)
./build/rpi3/debug/lib/libc.a(strnlen.o)
                              ./build/rpi3/debug/bl31/fdt_ro.o (strnlen)
./build/rpi3/debug/lib/libc.a(strrchr.o)
                              ./build/rpi3/debug/bl31/fdt_ro.o (strrchr)

Allocating common symbols
Common symbol       size              file

mmu_cfg_params      0x18              ./build/rpi3/debug/bl31/xlat_tables_context.o
rt_svc_descs_indices
                    0x80              ./build/rpi3/debug/bl31/runtime_svc.o
psci_cpu_pd_nodes   0x40              ./build/rpi3/debug/bl31/psci_common.o
psci_caps           0x4               ./build/rpi3/debug/bl31/psci_setup.o
optee_vector_table  0x8               ./build/rpi3/debug/bl31/opteed_main.o
psci_plat_pm_ops    0x8               ./build/rpi3/debug/bl31/psci_common.o
opteed_rw           0x4               ./build/rpi3/debug/bl31/opteed_main.o
percpu_data         0x200             ./build/rpi3/debug/bl31/cpu_data_array.o
opteed_sp_context   0x9c0             ./build/rpi3/debug/bl31/opteed_main.o
console_list        0x8               ./build/rpi3/debug/bl31/multi_console.o
psci_spd_pm         0x8               ./build/rpi3/debug/bl31/psci_common.o

Discarded input sections

 .text          0x0000000000000000        0x0 ./build/rpi3/debug/bl31/build_message.o
 .data          0x0000000000000000        0x0 ./build/rpi3/debug/bl31/build_message.o
 .bss           0x0000000000000000        0x0 ./build/rpi3/debug/bl31/build_message.o
 .text          0x0000000000000000        0x0 ./build/rpi3/debug/bl31/plat_psci_common.o
 .data          0x0000000000000000        0x0 ./build/rpi3/debug/bl31/plat_psci_common.o
 .bss           0x0000000000000000        0x0 ./build/rpi3/debug/bl31/plat_psci_common.o
 .eh_frame      0x0000000000000000       0x38 ./build/rpi3/debug/bl31/plat_psci_common.o
 .text          0x0000000000000000        0x0 ./build/rpi3/debug/bl31/rpi3_bl31_setup.o
 .data          0x0000000000000000        0x0 ./build/rpi3/debug/bl31/rpi3_bl31_setup.o
 .bss           0x0000000000000000        0x0 ./build/rpi3/debug/bl31/rpi3_bl31_setup.o
 .text.plat_get_ns_image_entrypoint
                0x0000000000000000        0x8 ./build/rpi3/debug/bl31/rpi3_bl31_setup.o
 .eh_frame      0x0000000000000000       0xb8 ./build/rpi3/debug/bl31/rpi3_bl31_setup.o
 .text          0x0000000000000000        0x0 ./build/rpi3/debug/bl31/rpi3_pm.o
 .data          0x0000000000000000        0x0 ./build/rpi3/debug/bl31/rpi3_pm.o
 .bss           0x0000000000000000        0x0 ./build/rpi3/debug/bl31/rpi3_pm.o
 .eh_frame      0x0000000000000000      0x108 ./build/rpi3/debug/bl31/rpi3_pm.o
 .text          0x0000000000000000        0x0 ./build/rpi3/debug/bl31/rpi3_topology.o
 .data          0x0000000000000000        0x0 ./build/rpi3/debug/bl31/rpi3_topology.o
 .bss           0x0000000000000000        0x0 ./build/rpi3/debug/bl31/rpi3_topology.o
 .eh_frame      0x0000000000000000       0x40 ./build/rpi3/debug/bl31/rpi3_topology.o
 .text          0x0000000000000000        0x0 ./build/rpi3/debug/bl31/fdt.o
 .data          0x0000000000000000        0x0 ./build/rpi3/debug/bl31/fdt.o
 .bss           0x0000000000000000        0x0 ./build/rpi3/debug/bl31/fdt.o
 .text.fdt_offset_ptr
                0x0000000000000000       0x7c ./build/rpi3/debug/bl31/fdt.o
 .text.fdt_next_tag
                0x0000000000000000      0x108 ./build/rpi3/debug/bl31/fdt.o
 .rodata.fdt_next_tag
                0x0000000000000000        0x9 ./build/rpi3/debug/bl31/fdt.o
 .text.fdt_check_node_offset_
                0x0000000000000000       0x40 ./build/rpi3/debug/bl31/fdt.o
 .text.fdt_check_prop_offset_
                0x0000000000000000       0x40 ./build/rpi3/debug/bl31/fdt.o
 .text.fdt_next_node
                0x0000000000000000       0xb0 ./build/rpi3/debug/bl31/fdt.o
 .text.fdt_first_subnode
                0x0000000000000000       0x34 ./build/rpi3/debug/bl31/fdt.o
 .text.fdt_next_subnode
[...]
Memory Configuration

Name             Origin             Length             Attributes
RAM              0x00000000100e0000 0x0000000000020000 xrw
*default*        0x0000000000000000 0xffffffffffffffff

Linker script and memory map

                0x00000000100e0000                . = 0x100e0000
                0x0000000000000001                ASSERT ((. == ALIGN (0x1000)), BL31_BASE address is not aligned on a page boundary.)
                0x00000000100e0000                __BL31_START__ = .

.text           0x00000000100e0000     0x8000
                0x00000000100e0000                __TEXT_START__ = .
 *bl31_entrypoint.o(.text*)
 .text.asm.bl31_entrypoint
                0x00000000100e0000      0x104 ./build/rpi3/debug/bl31/bl31_entrypoint.o
                0x00000000100e0000                bl31_entrypoint
 .text.asm.bl31_warm_entrypoint
                0x00000000100e0104       0x80 ./build/rpi3/debug/bl31/bl31_entrypoint.o
                0x00000000100e0104                bl31_warm_entrypoint
 *(.text*)
 .text.plat_get_target_pwr_state
                0x00000000100e0184       0x44 ./build/rpi3/debug/bl31/plat_psci_common.o
                0x00000000100e0184                plat_get_target_pwr_state
 .text.bl31_plat_get_next_image_ep_info
                0x00000000100e01c8       0x44 ./build/rpi3/debug/bl31/rpi3_bl31_setup.o
                0x00000000100e01c8                bl31_plat_get_next_image_ep_info
 .text.bl31_early_platform_setup2
                0x00000000100e020c      0x104 ./build/rpi3/debug/bl31/rpi3_bl31_setup.o
                0x00000000100e020c                bl31_early_platform_setup2
 .text.bl31_plat_arch_setup
                0x00000000100e0310       0x60 ./build/rpi3/debug/bl31/rpi3_bl31_setup.o
                0x00000000100e0310                bl31_plat_arch_setup
 .text.bl31_platform_setup
                0x00000000100e0370       0xd0 ./build/rpi3/debug/bl31/rpi3_bl31_setup.o
                0x00000000100e0370                bl31_platform_setup
 .text.rpi3_pwr_domain_off
                0x00000000100e0440        0x4 ./build/rpi3/debug/bl31/rpi3_pm.o
 .text.rpi3_watchdog_reset
                0x00000000100e0444       0x50 ./build/rpi3/debug/bl31/rpi3_pm.o
 .text.rpi3_system_reset
                0x00000000100e0494       0x18 ./build/rpi3/debug/bl31/rpi3_pm.o
 .text.rpi3_system_off
                0x00000000100e04ac       0x34 ./build/rpi3/debug/bl31/rpi3_pm.o
 .text.rpi3_validate_power_state
                0x00000000100e04e0       0x5c ./build/rpi3/debug/bl31/rpi3_pm.o
 .text.rpi3_pwr_domain_on_finish
                0x00000000100e053c       0x28 ./build/rpi3/debug/bl31/rpi3_pm.o
 .text.rpi3_cpu_standby
                0x00000000100e0564       0x30 ./build/rpi3/debug/bl31/rpi3_pm.o
 .text.rpi3_pwr_domain_on
                0x00000000100e0594       0x4c ./build/rpi3/debug/bl31/rpi3_pm.o
 .text.plat_setup_psci_ops
                0x00000000100e05e0       0x1c ./build/rpi3/debug/bl31/rpi3_pm.o
                0x00000000100e05e0                plat_setup_psci_ops
 .text.plat_get_power_domain_tree_desc
                0x00000000100e05fc        0xc ./build/rpi3/debug/bl31/rpi3_topology.o
                0x00000000100e05fc                plat_get_power_domain_tree_desc
 .text.plat_core_pos_by_mpidr
                0x00000000100e0608       0x34 ./build/rpi3/debug/bl31/rpi3_topology.o
                0x00000000100e0608                plat_core_pos_by_mpidr
 .text.fdt32_to_cpu
                0x00000000100e063c        0x8 ./build/rpi3/debug/bl31/fdt.o
 .text.fdt_check_header
                0x00000000100e0644       0x88 ./build/rpi3/debug/bl31/fdt.o
                0x00000000100e0644                fdt_check_header
 .text.fdt32_to_cpu
                0x00000000100e06cc        0x8 ./build/rpi3/debug/bl31/fdt_ro.o
 .text.fdt64_to_cpu
                0x00000000100e06d4        0x8 ./build/rpi3/debug/bl31/fdt_ro.o
 .text.fdt_get_mem_rsv
                0x00000000100e06dc       0x6c ./build/rpi3/debug/bl31/fdt_ro.o
                0x00000000100e06dc                fdt_get_mem_rsv
 .text.fdt_num_mem_rsv
                0x00000000100e0748       0x40 ./build/rpi3/debug/bl31/fdt_ro.o
                0x00000000100e0748                fdt_num_mem_rsv
 .text.fdt32_to_cpu
                0x00000000100e0788        0x8 ./build/rpi3/debug/bl31/fdt_rw.o
 .text.cpu_to_fdt64
                0x00000000100e0790        0x8 ./build/rpi3/debug/bl31/fdt_rw.o
 .text.fdt_blocks_misordered_
                0x00000000100e0798       0x80 ./build/rpi3/debug/bl31/fdt_rw.o
 .text.fdt_rw_check_header_
                0x00000000100e0818       0x74 ./build/rpi3/debug/bl31/fdt_rw.o
 .text.fdt_splice_
                0x00000000100e088c       0x9c ./build/rpi3/debug/bl31/fdt_rw.o
 .text.fdt_splice_mem_rsv_
                0x00000000100e0928       0x74 ./build/rpi3/debug/bl31/fdt_rw.o
 .text.fdt_add_mem_rsv
                0x00000000100e099c       0x98 ./build/rpi3/debug/bl31/fdt_rw.o
                0x00000000100e099c                fdt_add_mem_rsv
 .text.fdt_del_mem_rsv
                0x00000000100e0a34       0x78 ./build/rpi3/debug/bl31/fdt_rw.o
                0x00000000100e0a34                fdt_del_mem_rsv
 .text.get_arm_std_svc_args
                0x00000000100e0aac       0x30 ./build/rpi3/debug/bl31/bl31_main.o
                0x00000000100e0aac                get_arm_std_svc_args
 .text.bl31_setup
                0x00000000100e0adc       0x14 ./build/rpi3/debug/bl31/bl31_main.o
                0x00000000100e0adc                bl31_setup
 .text.bl31_prepare_next_image_entry
                0x00000000100e0af0       0xc8 ./build/rpi3/debug/bl31/bl31_main.o
                0x00000000100e0af0                bl31_prepare_next_image_entry
 .text.bl31_main
                0x00000000100e0bb8       0x90 ./build/rpi3/debug/bl31/bl31_main.o
                0x00000000100e0bb8                bl31_main
 .text.bl31_register_bl32_init
                0x00000000100e0c48        0xc ./build/rpi3/debug/bl31/bl31_main.o
                0x00000000100e0c48                bl31_register_bl32_init
 .text.set_scr_el3_from_rm
                0x00000000100e0c54       0x84 ./build/rpi3/debug/bl31/interrupt_mgmt.o
 .text.get_scr_el3_from_routing_model
                0x00000000100e0cd8       0x50 ./build/rpi3/debug/bl31/interrupt_mgmt.o
                0x00000000100e0cd8                get_scr_el3_from_routing_model
 .text.set_routing_model
                0x00000000100e0d28       0x9c ./build/rpi3/debug/bl31/interrupt_mgmt.o
                0x00000000100e0d28                set_routing_model
 .text.register_interrupt_type_handler
                0x00000000100e0dc4       0x6c ./build/rpi3/debug/bl31/interrupt_mgmt.o
                0x00000000100e0dc4                register_interrupt_type_handler
 .text.get_interrupt_type_handler
                0x00000000100e0e30       0x2c ./build/rpi3/debug/bl31/interrupt_mgmt.o
                0x00000000100e0e30                get_interrupt_type_handler
 .text.cm_get_context
                0x00000000100e0e5c       0x2c ./build/rpi3/debug/bl31/bl31_context_mgmt.o
                0x00000000100e0e5c                cm_get_context
 .text.cm_set_context
                0x00000000100e0e88       0x2c ./build/rpi3/debug/bl31/bl31_context_mgmt.o
                0x00000000100e0e88                cm_set_context
 .text.cm_get_context_by_index
                0x00000000100e0eb4       0x3c ./build/rpi3/debug/bl31/bl31_context_mgmt.o
                0x00000000100e0eb4                cm_get_context_by_index
 .text.cm_set_context_by_index
                0x00000000100e0ef0       0x40 ./build/rpi3/debug/bl31/bl31_context_mgmt.o
                0x00000000100e0ef0                cm_set_context_by_index
 .text.runtime_svc_init
                0x00000000100e0f30      0x164 ./build/rpi3/debug/bl31/runtime_svc.o
                0x00000000100e0f30                runtime_svc_init
 .text.arm_arch_svc_smc_handler
                0x00000000100e1094       0x98 ./build/rpi3/debug/bl31/arm_arch_svc_setup.o
 .text.std_svc_smc_handler
                0x00000000100e112c       0xbc ./build/rpi3/debug/bl31/std_svc_setup.o
 .text.std_svc_setup
                0x00000000100e11e8       0x38 ./build/rpi3/debug/bl31/std_svc_setup.o
 .text.cm_init  0x00000000100e1220        0x4 ./build/rpi3/debug/bl31/context_mgmt.o
                0x00000000100e1220                cm_init
 .text.cm_setup_context
                0x00000000100e1224      0x130 ./build/rpi3/debug/bl31/context_mgmt.o
                0x00000000100e1224                cm_setup_context
 .text.cm_init_context_by_index
                0x00000000100e1354       0x2c ./build/rpi3/debug/bl31/context_mgmt.o
                0x00000000100e1354                cm_init_context_by_index
 .text.cm_init_my_context
                0x00000000100e1380       0x2c ./build/rpi3/debug/bl31/context_mgmt.o
                0x00000000100e1380                cm_init_my_context
 .text.cm_el1_sysregs_context_save
                0x00000000100e13ac       0x90 ./build/rpi3/debug/bl31/context_mgmt.o
                0x00000000100e13ac                cm_el1_sysregs_context_save
 .text.cm_el1_sysregs_context_restore
                0x00000000100e143c       0x90 ./build/rpi3/debug/bl31/context_mgmt.o
                0x00000000100e143c                cm_el1_sysregs_context_restore
 .text.cm_set_elr_el3
                0x00000000100e14cc       0x38 ./build/rpi3/debug/bl31/context_mgmt.o
                0x00000000100e14cc                cm_set_elr_el3
 .text.cm_write_scr_el3_bit
                0x00000000100e1504       0x78 ./build/rpi3/debug/bl31/context_mgmt.o
                0x00000000100e1504                cm_write_scr_el3_bit
 .text.cm_set_next_eret_context
                0x00000000100e157c       0x4c ./build/rpi3/debug/bl31/context_mgmt.o
                0x00000000100e157c                cm_set_next_eret_context
 .text.cm_prepare_el3_exit
                0x00000000100e15c8       0xe8 ./build/rpi3/debug/bl31/context_mgmt.o
                0x00000000100e15c8                cm_prepare_el3_exit
 .text.errata_needs_reporting
                0x00000000100e16b0       0x60 ./build/rpi3/debug/bl31/errata_report.o
                0x00000000100e16b0                errata_needs_reporting
 .text.errata_print_msg
                0x00000000100e1710       0x98 ./build/rpi3/debug/bl31/errata_report.o
                0x00000000100e1710                errata_print_msg
 .text.psci_do_cpu_off
                0x00000000100e17a8      0x11c ./build/rpi3/debug/bl31/psci_off.o
                0x00000000100e17a8                psci_do_cpu_off
 .text.psci_cpu_on_start
                0x00000000100e18c4      0x1ec ./build/rpi3/debug/bl31/psci_on.o
                0x00000000100e18c4                psci_cpu_on_start
 .text.psci_cpu_on_finish
                0x00000000100e1ab0       0xf8 ./build/rpi3/debug/bl31/psci_on.o
                0x00000000100e1ab0                psci_cpu_on_finish
 .text.psci_cpu_suspend_start
                0x00000000100e1ba8      0x1d4 ./build/rpi3/debug/bl31/psci_suspend.o
                0x00000000100e1ba8                psci_cpu_suspend_start
 .text.psci_cpu_suspend_finish
                0x00000000100e1d7c       0xdc ./build/rpi3/debug/bl31/psci_suspend.o
                0x00000000100e1d7c                psci_cpu_suspend_finish
 .text.psci_validate_power_state
                0x00000000100e1e58       0x44 ./build/rpi3/debug/bl31/psci_common.o
                0x00000000100e1e58                psci_validate_power_state
 .text.psci_query_sys_suspend_pwrstate
                0x00000000100e1e9c       0x30 ./build/rpi3/debug/bl31/psci_common.o
                0x00000000100e1e9c                psci_query_sys_suspend_pwrstate
 .text.psci_is_last_on_cpu
                0x00000000100e1ecc       0x74 ./build/rpi3/debug/bl31/psci_common.o
                0x00000000100e1ecc                psci_is_last_on_cpu
 .text.psci_init_req_local_pwr_states
                0x00000000100e1f40       0x20 ./build/rpi3/debug/bl31/psci_common.o
                0x00000000100e1f40                psci_init_req_local_pwr_states
 .text.psci_get_target_local_pwr_states
                0x00000000100e1f60       0x80 ./build/rpi3/debug/bl31/psci_common.o
                0x00000000100e1f60                psci_get_target_local_pwr_states
 .text.psci_get_parent_pwr_domain_nodes
                0x00000000100e1fe0       0x48 ./build/rpi3/debug/bl31/psci_common.o
                0x00000000100e1fe0                psci_get_parent_pwr_domain_nodes
 .text.psci_set_pwr_domains_to_run
                0x00000000100e2028       0xb4 ./build/rpi3/debug/bl31/psci_common.o
                0x00000000100e2028                psci_set_pwr_domains_to_run
 .text.psci_do_state_coordination
                0x00000000100e20dc      0x124 ./build/rpi3/debug/bl31/psci_common.o
                0x00000000100e20dc                psci_do_state_coordination
 .text.psci_find_max_off_lvl
                0x00000000100e2200       0x2c ./build/rpi3/debug/bl31/psci_common.o
                0x00000000100e2200                psci_find_max_off_lvl
 .text.psci_find_target_suspend_lvl
                0x00000000100e222c       0x24 ./build/rpi3/debug/bl31/psci_common.o
                0x00000000100e222c                psci_find_target_suspend_lvl
 .text.psci_validate_suspend_req
                0x00000000100e2250       0xa0 ./build/rpi3/debug/bl31/psci_common.o
                0x00000000100e2250                psci_validate_suspend_req
 .text.psci_acquire_pwr_domain_locks
                0x00000000100e22f0       0x6c ./build/rpi3/debug/bl31/psci_common.o
                0x00000000100e22f0                psci_acquire_pwr_domain_locks
 .text.psci_release_pwr_domain_locks
                0x00000000100e235c       0x58 ./build/rpi3/debug/bl31/psci_common.o
                0x00000000100e235c                psci_release_pwr_domain_locks
 .text.psci_validate_mpidr
                0x00000000100e23b4       0x20 ./build/rpi3/debug/bl31/psci_common.o
                0x00000000100e23b4                psci_validate_mpidr
 .text.psci_validate_entry_point
                0x00000000100e23d4       0xf4 ./build/rpi3/debug/bl31/psci_common.o
                0x00000000100e23d4                psci_validate_entry_point
 .text.psci_warmboot_entrypoint
                0x00000000100e24c8       0xe4 ./build/rpi3/debug/bl31/psci_common.o
                0x00000000100e24c8                psci_warmboot_entrypoint
 .text.psci_register_spd_pm_hook
                0x00000000100e25ac       0x58 ./build/rpi3/debug/bl31/psci_common.o
                0x00000000100e25ac                psci_register_spd_pm_hook
 .text.psci_spd_migrate_info
                0x00000000100e2604       0x4c ./build/rpi3/debug/bl31/psci_common.o
                0x00000000100e2604                psci_spd_migrate_info
 .text.psci_print_power_domain_map
                0x00000000100e2650       0xf8 ./build/rpi3/debug/bl31/psci_common.o
                0x00000000100e2650                psci_print_power_domain_map
 .text.psci_do_pwrdown_sequence
                0x00000000100e2748        0x4 ./build/rpi3/debug/bl31/psci_common.o
                0x00000000100e2748                psci_do_pwrdown_sequence
 .text.psci_cpu_on
                0x00000000100e274c       0x5c ./build/rpi3/debug/bl31/psci_main.o
                0x00000000100e274c                psci_cpu_on
 .text.psci_cpu_suspend
                0x00000000100e27a8      0x124 ./build/rpi3/debug/bl31/psci_main.o
                0x00000000100e27a8                psci_cpu_suspend
 .text.psci_system_suspend
                0x00000000100e28cc       0xac ./build/rpi3/debug/bl31/psci_main.o
                0x00000000100e28cc                psci_system_suspend
 .text.psci_cpu_off
                0x00000000100e2978       0x30 ./build/rpi3/debug/bl31/psci_main.o
                0x00000000100e2978                psci_cpu_off
 .text.psci_affinity_info
                0x00000000100e29a8       0x58 ./build/rpi3/debug/bl31/psci_main.o
                0x00000000100e29a8                psci_affinity_info
 .text.psci_migrate
                0x00000000100e2a00       0xa4 ./build/rpi3/debug/bl31/psci_main.o
                0x00000000100e2a00                psci_migrate
 .text.psci_migrate_info_type
                0x00000000100e2aa4       0x18 ./build/rpi3/debug/bl31/psci_main.o
                0x00000000100e2aa4                psci_migrate_info_type
 .text.psci_migrate_info_up_cpu
                0x00000000100e2abc       0x28 ./build/rpi3/debug/bl31/psci_main.o
                0x00000000100e2abc                psci_migrate_info_up_cpu
 .text.psci_node_hw_state
                0x00000000100e2ae4       0x7c ./build/rpi3/debug/bl31/psci_main.o
                0x00000000100e2ae4                psci_node_hw_state
 .text.psci_features
                0x00000000100e2b60       0x68 ./build/rpi3/debug/bl31/psci_main.o
                0x00000000100e2b60                psci_features
 .text.psci_smc_handler
                0x00000000100e2bc8      0x15c ./build/rpi3/debug/bl31/psci_main.o
                0x00000000100e2bc8                psci_smc_handler
 .text.psci_arch_setup
                0x00000000100e2d24       0x20 ./build/rpi3/debug/bl31/psci_setup.o
                0x00000000100e2d24                psci_arch_setup
 .text.psci_setup
                0x00000000100e2d44      0x384 ./build/rpi3/debug/bl31/psci_setup.o
                0x00000000100e2d44                psci_setup
 .text.psci_system_off
                0x00000000100e30c8       0x5c ./build/rpi3/debug/bl31/psci_system_off.o
                0x00000000100e30c8                psci_system_off
 .text.psci_system_reset
                0x00000000100e3124       0x5c ./build/rpi3/debug/bl31/psci_system_off.o
                0x00000000100e3124                psci_system_reset
 .text.psci_system_reset2
                0x00000000100e3180       0xbc ./build/rpi3/debug/bl31/psci_system_off.o
                0x00000000100e3180                psci_system_reset2
 .text.psci_mem_protect
                0x00000000100e323c       0x80 ./build/rpi3/debug/bl31/psci_mem_protect.o
                0x00000000100e323c                psci_mem_protect
 .text.psci_mem_chk_range
                0x00000000100e32bc       0x54 ./build/rpi3/debug/bl31/psci_mem_protect.o
                0x00000000100e32bc                psci_mem_chk_range
 .text.bakery_lock_get
                0x00000000100e3310       0xec ./build/rpi3/debug/bl31/bakery_lock_coherent.o
                0x00000000100e3310                bakery_lock_get
 .text.bakery_lock_release
                0x00000000100e33fc       0x64 ./build/rpi3/debug/bl31/bakery_lock_coherent.o
                0x00000000100e33fc                bakery_lock_release
 .text.spe_supported
                0x00000000100e3460       0x14 ./build/rpi3/debug/bl31/spe.o
                0x00000000100e3460                spe_supported
 .text.spe_drain_buffers_hook
                0x00000000100e3474       0x30 ./build/rpi3/debug/bl31/spe.o
 .text.spe_enable
                0x00000000100e34a4       0x44 ./build/rpi3/debug/bl31/spe.o
                0x00000000100e34a4                spe_enable
 .text.sve_supported
                0x00000000100e34e8       0x14 ./build/rpi3/debug/bl31/sve.o
                0x00000000100e34e8                sve_supported
 .text.disable_sve_hook
                0x00000000100e34fc       0x3c ./build/rpi3/debug/bl31/sve.o
 .text.enable_sve_hook
                0x00000000100e3538       0x3c ./build/rpi3/debug/bl31/sve.o
 .text.sve_enable
                0x00000000100e3574       0x50 ./build/rpi3/debug/bl31/sve.o
                0x00000000100e3574                sve_enable
 .text.opteed_init_optee_ep_state
                0x00000000100e35c4       0xd0 ./build/rpi3/debug/bl31/opteed_common.o
                0x00000000100e35c4                opteed_init_optee_ep_state
 .text.opteed_synchronous_sp_entry
                0x00000000100e3694       0x78 ./build/rpi3/debug/bl31/opteed_common.o
                0x00000000100e3694                opteed_synchronous_sp_entry
 .text.opteed_synchronous_sp_exit
                0x00000000100e370c       0x64 ./build/rpi3/debug/bl31/opteed_common.o
                0x00000000100e370c                opteed_synchronous_sp_exit
 .text.opteed_smc_handler
                0x00000000100e3770      0x244 ./build/rpi3/debug/bl31/opteed_main.o
 .text.opteed_setup
                0x00000000100e39b4       0x88 ./build/rpi3/debug/bl31/opteed_main.o
 .text.opteed_sel1_interrupt_handler
                0x00000000100e3a3c       0xc8 ./build/rpi3/debug/bl31/opteed_main.o
 .text.opteed_init
                0x00000000100e3b04       0x60 ./build/rpi3/debug/bl31/opteed_main.o
 .text.opteed_cpu_on_handler
                0x00000000100e3b64        0x4 ./build/rpi3/debug/bl31/opteed_pm.o
 .text.opteed_cpu_migrate_info
                0x00000000100e3b68        0x8 ./build/rpi3/debug/bl31/opteed_pm.o
 .text.opteed_system_reset
                0x00000000100e3b70       0x7c ./build/rpi3/debug/bl31/opteed_pm.o
 .text.opteed_system_off
                0x00000000100e3bec       0x7c ./build/rpi3/debug/bl31/opteed_pm.o
 .text.opteed_cpu_suspend_finish_handler
                0x00000000100e3c68       0xbc ./build/rpi3/debug/bl31/opteed_pm.o
 .text.opteed_cpu_suspend_handler
                0x00000000100e3d24       0xbc ./build/rpi3/debug/bl31/opteed_pm.o
 .text.opteed_cpu_off_handler
                0x00000000100e3de0       0xb0 ./build/rpi3/debug/bl31/opteed_pm.o
 .text.opteed_cpu_on_finish_handler
                0x00000000100e3e90       0xcc ./build/rpi3/debug/bl31/opteed_pm.o
 .text.print_entry_point_info
                0x00000000100e3f5c       0x38 ./build/rpi3/debug/bl31/bl_common.o
                0x00000000100e3f5c                print_entry_point_info
 .text.tf_log   0x00000000100e3f94       0xc8 ./build/rpi3/debug/bl31/tf_log.o
                0x00000000100e3f94                tf_log
 .text.console_is_registered
                0x00000000100e405c       0x48 ./build/rpi3/debug/bl31/multi_console.o
                0x00000000100e405c                console_is_registered
 .text.console_register
                0x00000000100e40a4       0x70 ./build/rpi3/debug/bl31/multi_console.o
                0x00000000100e40a4                console_register
 .text.console_switch_state
                0x00000000100e4114        0xc ./build/rpi3/debug/bl31/multi_console.o
                0x00000000100e4114                console_switch_state
 .text.console_set_scope
                0x00000000100e4120       0x34 ./build/rpi3/debug/bl31/multi_console.o
                0x00000000100e4120                console_set_scope
 .text.console_putc
                0x00000000100e4154       0x9c ./build/rpi3/debug/bl31/multi_console.o
                0x00000000100e4154                console_putc
 .text.console_flush
                0x00000000100e41f0       0x70 ./build/rpi3/debug/bl31/multi_console.o
                0x00000000100e41f0                console_flush
 .text.plat_log_get_prefix
                0x00000000100e4260       0x30 ./build/rpi3/debug/bl31/plat_log_common.o
                0x00000000100e4260                plat_log_get_prefix
 .text.bl31_plat_runtime_setup
                0x00000000100e4290        0x8 ./build/rpi3/debug/bl31/plat_common.o
                0x00000000100e4290                bl31_plat_runtime_setup
 .text.plat_ea_handler
                0x00000000100e4298       0x4c ./build/rpi3/debug/bl31/plat_common.o
                0x00000000100e4298                plat_ea_handler
 .text.is_address_readable
                0x00000000100e42e4       0x40 ./build/rpi3/debug/bl31/backtrace.o
 .text.is_valid_object.constprop.0
                0x00000000100e4324       0x54 ./build/rpi3/debug/bl31/backtrace.o
 .text.backtrace
                0x00000000100e4378      0x14c ./build/rpi3/debug/bl31/backtrace.o
                0x00000000100e4378                backtrace
 .text.rpi3_console_init
                0x00000000100e44c4       0x5c ./build/rpi3/debug/bl31/rpi3_common.o
                0x00000000100e44c4                rpi3_console_init
 .text.rpi3_setup_page_tables
                0x00000000100e4520       0x98 ./build/rpi3/debug/bl31/rpi3_common.o
                0x00000000100e4520                rpi3_setup_page_tables
 .text.plat_get_syscnt_freq2
                0x00000000100e45b8        0xc ./build/rpi3/debug/bl31/rpi3_common.o
                0x00000000100e45b8                plat_get_syscnt_freq2
 .text.plat_ic_get_pending_interrupt_type
                0x00000000100e45c4       0x20 ./build/rpi3/debug/bl31/rpi3_common.o
                0x00000000100e45c4                plat_ic_get_pending_interrupt_type
 .text.plat_interrupt_type_to_line
                0x00000000100e45e4       0x44 ./build/rpi3/debug/bl31/rpi3_common.o
                0x00000000100e45e4                plat_interrupt_type_to_line
 .text.tcr_physical_addr_size_bits
                0x00000000100e4628       0x6c ./build/rpi3/debug/bl31/xlat_tables_arch.o
                0x00000000100e4628                tcr_physical_addr_size_bits
 .text.xlat_arch_get_max_supported_pa
                0x00000000100e4694       0x44 ./build/rpi3/debug/bl31/xlat_tables_arch.o
                0x00000000100e4694                xlat_arch_get_max_supported_pa
 .text.xlat_get_min_virt_addr_space_size
                0x00000000100e46d8       0x1c ./build/rpi3/debug/bl31/xlat_tables_arch.o
                0x00000000100e46d8                xlat_get_min_virt_addr_space_size
 .text.is_dcache_enabled
                0x00000000100e46f4       0x34 ./build/rpi3/debug/bl31/xlat_tables_arch.o
                0x00000000100e46f4                is_dcache_enabled
 .text.xlat_arch_regime_get_xn_desc
                0x00000000100e4728       0x38 ./build/rpi3/debug/bl31/xlat_tables_arch.o
                0x00000000100e4728                xlat_arch_regime_get_xn_desc
 .text.xlat_arch_current_el
                0x00000000100e4760       0x2c ./build/rpi3/debug/bl31/xlat_tables_arch.o
                0x00000000100e4760                xlat_arch_current_el
 .text.is_mmu_enabled_ctx
                0x00000000100e478c       0x8c ./build/rpi3/debug/bl31/xlat_tables_arch.o
                0x00000000100e478c                is_mmu_enabled_ctx
 .text.setup_mmu_cfg
                0x00000000100e4818      0x108 ./build/rpi3/debug/bl31/xlat_tables_arch.o
                0x00000000100e4818                setup_mmu_cfg
 .text.mmap_add_region
                0x00000000100e4920       0x34 ./build/rpi3/debug/bl31/xlat_tables_context.o
                0x00000000100e4920                mmap_add_region
 .text.mmap_add
                0x00000000100e4954       0x10 ./build/rpi3/debug/bl31/xlat_tables_context.o
                0x00000000100e4954                mmap_add
 .text.init_xlat_tables
                0x00000000100e4964       0x68 ./build/rpi3/debug/bl31/xlat_tables_context.o
                0x00000000100e4964                init_xlat_tables
 .text.enable_mmu_el3
                0x00000000100e49cc       0x48 ./build/rpi3/debug/bl31/xlat_tables_context.o
                0x00000000100e49cc                enable_mmu_el3
 .text.xlat_clean_dcache_range
                0x00000000100e4a14       0x40 ./build/rpi3/debug/bl31/xlat_tables_core.o
 .text.xlat_desc
                0x00000000100e4a54      0x104 ./build/rpi3/debug/bl31/xlat_tables_core.o
                0x00000000100e4a54                xlat_desc
 .text.xlat_tables_map_region
                0x00000000100e4b58      0x274 ./build/rpi3/debug/bl31/xlat_tables_core.o
 .text.mmap_add_region_ctx
                0x00000000100e4dcc      0x25c ./build/rpi3/debug/bl31/xlat_tables_core.o
                0x00000000100e4dcc                mmap_add_region_ctx
 .text.mmap_add_ctx
                0x00000000100e5028       0x3c ./build/rpi3/debug/bl31/xlat_tables_core.o
                0x00000000100e5028                mmap_add_ctx
 .text.init_xlat_tables_ctx
                0x00000000100e5064      0x1e8 ./build/rpi3/debug/bl31/xlat_tables_core.o
                0x00000000100e5064                init_xlat_tables_ctx
 .text.xlat_mmap_print
                0x00000000100e524c        0x4 ./build/rpi3/debug/bl31/xlat_tables_utils.o
                0x00000000100e524c                xlat_mmap_print
 .text.xlat_tables_print
                0x00000000100e5250        0x4 ./build/rpi3/debug/bl31/xlat_tables_utils.o
                0x00000000100e5250                xlat_tables_print
 .text.asm.cortex_a53_disable_dcache
                0x00000000100e5254       0x14 ./build/rpi3/debug/bl31/cortex_a53.o
 .text.asm.cortex_a53_disable_smp
                0x00000000100e5268       0x18 ./build/rpi3/debug/bl31/cortex_a53.o
 .text.asm.check_errata_819472
                0x00000000100e5280        0x8 ./build/rpi3/debug/bl31/cortex_a53.o
 .text.asm.check_errata_824069
                0x00000000100e5288        0x8 ./build/rpi3/debug/bl31/cortex_a53.o
 .text.asm.errata_a53_826319_wa
                0x00000000100e5290       0x20 ./build/rpi3/debug/bl31/cortex_a53.o
 .text.asm.check_errata_826319
                0x00000000100e52b0        0x8 ./build/rpi3/debug/bl31/cortex_a53.o
 .text.asm.check_errata_827319
                0x00000000100e52b8        0x8 ./build/rpi3/debug/bl31/cortex_a53.o
 .text.asm.a53_disable_non_temporal_hint
                0x00000000100e52c0       0x1c ./build/rpi3/debug/bl31/cortex_a53.o
 .text.asm.check_errata_disable_non_temporal_hint
                0x00000000100e52dc        0x8 ./build/rpi3/debug/bl31/cortex_a53.o
 .text.asm.errata_a53_855873_wa
                0x00000000100e52e4       0x1c ./build/rpi3/debug/bl31/cortex_a53.o
 .text.asm.check_errata_855873
                0x00000000100e5300        0x8 ./build/rpi3/debug/bl31/cortex_a53.o
 .text.asm.check_errata_835769
                0x00000000100e5308       0x24 ./build/rpi3/debug/bl31/cortex_a53.o
 .text.asm.check_errata_843419
                0x00000000100e532c       0x24 ./build/rpi3/debug/bl31/cortex_a53.o
 .text.asm.cortex_a53_reset_func
                0x00000000100e5350       0x38 ./build/rpi3/debug/bl31/cortex_a53.o
 .text.asm.cortex_a53_core_pwr_dwn
                0x00000000100e5388       0x18 ./build/rpi3/debug/bl31/cortex_a53.o
 .text.asm.cortex_a53_cluster_pwr_dwn
                0x00000000100e53a0       0x24 ./build/rpi3/debug/bl31/cortex_a53.o
 .text.asm.cortex_a53_errata_report
                0x00000000100e53c4       0xcc ./build/rpi3/debug/bl31/cortex_a53.o
 .text.asm.cortex_a53_cpu_reg_dump
                0x00000000100e5490       0x18 ./build/rpi3/debug/bl31/cortex_a53.o
 .text.asm.plat_my_core_pos
                0x00000000100e54a8        0x8 ./build/rpi3/debug/bl31/plat_helpers.o
                0x00000000100e54a8                plat_my_core_pos
 .text.asm.plat_rpi3_calc_core_pos
                0x00000000100e54b0       0x10 ./build/rpi3/debug/bl31/plat_helpers.o
                0x00000000100e54b0                plat_rpi3_calc_core_pos
 .text.asm.plat_crash_console_init
                0x00000000100e54c0       0x1c ./build/rpi3/debug/bl31/plat_helpers.o
                0x00000000100e54c0                plat_crash_console_init
 .text.asm.plat_crash_console_putc
                0x00000000100e54dc        0xc ./build/rpi3/debug/bl31/plat_helpers.o
                0x00000000100e54dc                plat_crash_console_putc
 .text.asm.plat_crash_console_flush
                0x00000000100e54e8        0xc ./build/rpi3/debug/bl31/plat_helpers.o
                0x00000000100e54e8                plat_crash_console_flush
 .text.asm.size_controlled_print
                0x00000000100e54f4       0x4c ./build/rpi3/debug/bl31/crash_reporting.o
 .text.asm.print_alignment
                0x00000000100e5540        0xc ./build/rpi3/debug/bl31/crash_reporting.o
 .text.asm.str_in_crash_buf_print
                0x00000000100e554c       0x18 ./build/rpi3/debug/bl31/crash_reporting.o
 .text.asm.report_unhandled_exception
                0x00000000100e5564       0x28 ./build/rpi3/debug/bl31/crash_reporting.o
                0x00000000100e5564                report_unhandled_exception
 .text.asm.report_unhandled_interrupt
                0x00000000100e558c       0x28 ./build/rpi3/debug/bl31/crash_reporting.o
                0x00000000100e558c                report_unhandled_interrupt
 .text.asm.el3_panic
                0x00000000100e55b4       0x2c ./build/rpi3/debug/bl31/crash_reporting.o
                0x00000000100e55b4                el3_panic
 .text.asm.do_crash_reporting
                0x00000000100e55e0      0x170 ./build/rpi3/debug/bl31/crash_reporting.o
 .text.asm.crash_panic
                0x00000000100e5750        0x8 ./build/rpi3/debug/bl31/crash_reporting.o
 .text.asm.enter_lower_el_sync_ea
                0x00000000100e5758       0x78 ./build/rpi3/debug/bl31/ea_delegate.o
                0x00000000100e5758                enter_lower_el_sync_ea
 .text.asm.enter_lower_el_async_ea
                0x00000000100e57d0       0x18 ./build/rpi3/debug/bl31/ea_delegate.o
                0x00000000100e57d0                enter_lower_el_async_ea
 .text.asm.delegate_sync_ea
                0x00000000100e57e8        0x4 ./build/rpi3/debug/bl31/ea_delegate.o
 .text.asm.delegate_async_ea
                0x00000000100e57ec        0x4 ./build/rpi3/debug/bl31/ea_delegate.o
 .text.asm.ea_proceed
                0x00000000100e57f0       0x9c ./build/rpi3/debug/bl31/ea_delegate.o
 .text.asm.smc_handler
                0x00000000100e588c       0x88 ./build/rpi3/debug/bl31/runtime_exceptions.o
 .text.asm.plat_get_my_stack
                0x00000000100e5914       0x1c ./build/rpi3/debug/bl31/platform_mp_stack.o
                0x00000000100e5914                plat_get_my_stack
 .text.asm.plat_set_my_stack
                0x00000000100e5930       0x10 ./build/rpi3/debug/bl31/platform_mp_stack.o
                0x00000000100e5930                plat_set_my_stack
 .text.asm.init_cpu_data_ptr
                0x00000000100e5940       0x14 ./build/rpi3/debug/bl31/cpu_data.o
                0x00000000100e5940                init_cpu_data_ptr
 .text.asm._cpu_data_by_index
                0x00000000100e5954       0x14 ./build/rpi3/debug/bl31/cpu_data.o
                0x00000000100e5954                _cpu_data_by_index
 .text.asm.reset_handler
                0x00000000100e5968       0x34 ./build/rpi3/debug/bl31/cpu_helpers.o
                0x00000000100e5968                reset_handler
 .text.asm.prepare_cpu_pwr_dwn
                0x00000000100e599c       0x38 ./build/rpi3/debug/bl31/cpu_helpers.o
                0x00000000100e599c                prepare_cpu_pwr_dwn
 .text.asm.init_cpu_ops
                0x00000000100e59d4       0x34 ./build/rpi3/debug/bl31/cpu_helpers.o
                0x00000000100e59d4                init_cpu_ops
 .text.asm.do_cpu_reg_dump
                0x00000000100e5a08       0x20 ./build/rpi3/debug/bl31/cpu_helpers.o
                0x00000000100e5a08                do_cpu_reg_dump
 .text.asm.get_cpu_ops_ptr
                0x00000000100e5a28       0x3c ./build/rpi3/debug/bl31/cpu_helpers.o
                0x00000000100e5a28                get_cpu_ops_ptr
 .text.asm.cpu_get_rev_var
                0x00000000100e5a64       0x10 ./build/rpi3/debug/bl31/cpu_helpers.o
                0x00000000100e5a64                cpu_get_rev_var
 .text.asm.cpu_rev_var_ls
                0x00000000100e5a74       0x14 ./build/rpi3/debug/bl31/cpu_helpers.o
                0x00000000100e5a74                cpu_rev_var_ls
 .text.asm.cpu_rev_var_hs
                0x00000000100e5a88       0x14 ./build/rpi3/debug/bl31/cpu_helpers.o
                0x00000000100e5a88                cpu_rev_var_hs
 .text.asm.print_errata_status
                0x00000000100e5a9c       0x38 ./build/rpi3/debug/bl31/cpu_helpers.o
                0x00000000100e5a9c                print_errata_status
 .text.asm.spin_lock
                0x00000000100e5ad4       0x20 ./build/rpi3/debug/bl31/spinlock.o
                0x00000000100e5ad4                spin_lock
 .text.asm.spin_unlock
                0x00000000100e5af4        0x8 ./build/rpi3/debug/bl31/spinlock.o
                0x00000000100e5af4                spin_unlock
 .text.asm.psci_do_pwrdown_cache_maintenance
                0x00000000100e5afc       0x3c ./build/rpi3/debug/bl31/psci_helpers.o
                0x00000000100e5afc                psci_do_pwrdown_cache_maintenance
 .text.asm.psci_do_pwrup_cache_maintenance
                0x00000000100e5b38       0x34 ./build/rpi3/debug/bl31/psci_helpers.o
                0x00000000100e5b38                psci_do_pwrup_cache_maintenance
 .text.asm.psci_power_down_wfi
                0x00000000100e5b6c       0x10 ./build/rpi3/debug/bl31/psci_helpers.o
                0x00000000100e5b6c                psci_power_down_wfi
 .text.asm.el1_sysregs_context_save
                0x00000000100e5b7c       0xcc ./build/rpi3/debug/bl31/context.o
                0x00000000100e5b7c                el1_sysregs_context_save
 .text.asm.el1_sysregs_context_restore
                0x00000000100e5c48       0xcc ./build/rpi3/debug/bl31/context.o
                0x00000000100e5c48                el1_sysregs_context_restore
 .text.asm.save_gp_pmcr_pauth_regs
                0x00000000100e5d14       0x74 ./build/rpi3/debug/bl31/context.o
                0x00000000100e5d14                save_gp_pmcr_pauth_regs
 .text.asm.restore_gp_pmcr_pauth_regs
                0x00000000100e5d88       0x68 ./build/rpi3/debug/bl31/context.o
                0x00000000100e5d88                restore_gp_pmcr_pauth_regs
 .text.asm.el3_exit
                0x00000000100e5df0       0x2c ./build/rpi3/debug/bl31/context.o
                0x00000000100e5df0                el3_exit
 .text.asm.opteed_enter_sp
                0x00000000100e5e1c       0x28 ./build/rpi3/debug/bl31/opteed_helpers.o
                0x00000000100e5e1c                opteed_enter_sp
 .text.asm.opteed_exit_sp
                0x00000000100e5e44       0x24 ./build/rpi3/debug/bl31/opteed_helpers.o
                0x00000000100e5e44                opteed_exit_sp
 .text.asm.asm_assert
                0x00000000100e5e68       0x60 ./build/rpi3/debug/bl31/debug.o
                0x00000000100e5e68                asm_assert
 .text.asm.asm_print_str
                0x00000000100e5ec8       0x18 ./build/rpi3/debug/bl31/debug.o
                0x00000000100e5ec8                asm_print_str
 .text.asm.asm_print_hex
                0x00000000100e5ee0       0x30 ./build/rpi3/debug/bl31/debug.o
                0x00000000100e5ee0                asm_print_hex
                0x00000000100e5ee4                asm_print_hex_bits
 .text.asm.asm_print_newline
                0x00000000100e5f10        0x8 ./build/rpi3/debug/bl31/debug.o
                0x00000000100e5f10                asm_print_newline
 .text.asm.do_panic
                0x00000000100e5f18       0x44 ./build/rpi3/debug/bl31/debug.o
                0x00000000100e5f18                do_panic
 .text.asm.flush_dcache_range
                0x00000000100e5f5c       0x38 ./build/rpi3/debug/bl31/cache_helpers.o
                0x00000000100e5f5c                flush_dcache_range
 .text.asm.clean_dcache_range
                0x00000000100e5f94       0x38 ./build/rpi3/debug/bl31/cache_helpers.o
                0x00000000100e5f94                clean_dcache_range
 .text.asm.inv_dcache_range
                0x00000000100e5fcc       0x38 ./build/rpi3/debug/bl31/cache_helpers.o
                0x00000000100e5fcc                inv_dcache_range
 .text.asm.do_dcsw_op
                0x00000000100e6004       0xdc ./build/rpi3/debug/bl31/cache_helpers.o
 .text.asm.dcsw_op_level1
                0x00000000100e60e0       0x10 ./build/rpi3/debug/bl31/cache_helpers.o
                0x00000000100e60e0                dcsw_op_level1
 .text.asm.dcsw_op_level2
                0x00000000100e60f0       0x10 ./build/rpi3/debug/bl31/cache_helpers.o
                0x00000000100e60f0                dcsw_op_level2
 .text.asm.zeromem
                0x00000000100e6100        0x8 ./build/rpi3/debug/bl31/misc_helpers.o
                0x00000000100e6100                zeromem
 .text.asm.zeromem_dczva
                0x00000000100e6108      0x114 ./build/rpi3/debug/bl31/misc_helpers.o
                0x00000000100e6108                zero_normalmem
 .text.asm.plat_reset_handler
                0x00000000100e621c        0x4 ./build/rpi3/debug/bl31/platform_helpers.o
                0x00000000100e621c                plat_reset_handler
 .text.asm.plat_disable_acp
                0x00000000100e6220        0x4 ./build/rpi3/debug/bl31/platform_helpers.o
                0x00000000100e6220                plat_disable_acp
 .text.asm.plat_panic_handler
                0x00000000100e6224        0x8 ./build/rpi3/debug/bl31/platform_helpers.o
                0x00000000100e6224                plat_panic_handler
 .text.asm.bl31_plat_enable_mmu
                0x00000000100e622c        0x4 ./build/rpi3/debug/bl31/platform_helpers.o
                0x00000000100e622c                bl31_plat_enable_mmu
 .text.asm.plat_handle_double_fault
                0x00000000100e6230        0x4 ./build/rpi3/debug/bl31/platform_helpers.o
                0x00000000100e6230                plat_handle_double_fault
 .text.asm.plat_handle_el3_ea
                0x00000000100e6234        0x4 ./build/rpi3/debug/bl31/platform_helpers.o
                0x00000000100e6234                plat_handle_el3_ea
 .text.asm.console_16550_core_init
                0x00000000100e6238       0x70 ./build/rpi3/debug/bl31/16550_console.o
                0x00000000100e6238                console_16550_core_init
 .text.asm.console_16550_register
                0x00000000100e62a8       0x54 ./build/rpi3/debug/bl31/16550_console.o
                0x00000000100e62a8                console_16550_register
 .text.asm.console_16550_core_putc
                0x00000000100e62fc       0x4c ./build/rpi3/debug/bl31/16550_console.o
                0x00000000100e62fc                console_16550_core_putc
 .text.asm.console_16550_putc
                0x00000000100e6348       0x1c ./build/rpi3/debug/bl31/16550_console.o
                0x00000000100e6348                console_16550_putc
 .text.asm.console_16550_core_getc
                0x00000000100e6364       0x2c ./build/rpi3/debug/bl31/16550_console.o
                0x00000000100e6364                console_16550_core_getc
 .text.asm.console_16550_getc
                0x00000000100e6390       0x1c ./build/rpi3/debug/bl31/16550_console.o
                0x00000000100e6390                console_16550_getc
 .text.asm.console_16550_core_flush
                0x00000000100e63ac       0x2c ./build/rpi3/debug/bl31/16550_console.o
                0x00000000100e63ac                console_16550_core_flush
 .text.asm.console_16550_flush
                0x00000000100e63d8       0x1c ./build/rpi3/debug/bl31/16550_console.o
                0x00000000100e63d8                console_16550_flush
 .text.asm.enable_mmu_direct_el3
                0x00000000100e63f4       0x70 ./build/rpi3/debug/bl31/enable_mmu.o
                0x00000000100e63f4                enable_mmu_direct_el3
 .text.__assert
                0x00000000100e6464       0x30 ./build/rpi3/debug/lib/libc.a(assert.o)
                0x00000000100e6464                __assert
 .text.memcpy   0x00000000100e6494       0x20 ./build/rpi3/debug/lib/libc.a(memcpy.o)
                0x00000000100e6494                memcpy
 .text.memmove  0x00000000100e64b4       0x34 ./build/rpi3/debug/lib/libc.a(memmove.o)
                0x00000000100e64b4                memmove
 .text.memset   0x00000000100e64e8       0x1c ./build/rpi3/debug/lib/libc.a(memset.o)
                0x00000000100e64e8                memset
 .text.unsigned_num_print
                0x00000000100e6504       0xd0 ./build/rpi3/debug/lib/libc.a(printf.o)
 .text.vprintf  0x00000000100e65d4      0x400 ./build/rpi3/debug/lib/libc.a(printf.o)
                0x00000000100e65d4                vprintf
 .text.printf   0x00000000100e69d4       0x54 ./build/rpi3/debug/lib/libc.a(printf.o)
                0x00000000100e69d4                printf
 .text.putchar  0x00000000100e6a28       0x2c ./build/rpi3/debug/lib/libc.a(putchar.o)
                0x00000000100e6a28                putchar
 *(.vectors)
 *fill*         0x00000000100e6a54      0x5ac 
 .vectors       0x00000000100e7000      0x800 ./build/rpi3/debug/bl31/runtime_exceptions.o
                0x00000000100e7000                sync_exception_sp_el0
                0x00000000100e7000                runtime_exceptions
                0x00000000100e7080                irq_sp_el0
                0x00000000100e7100                fiq_sp_el0
                0x00000000100e7180                serror_sp_el0
                0x00000000100e7200                sync_exception_sp_elx
                0x00000000100e7280                irq_sp_elx
                0x00000000100e7300                fiq_sp_elx
                0x00000000100e7380                serror_sp_elx
                0x00000000100e7400                sync_exception_aarch64
                0x00000000100e7480                irq_aarch64
                0x00000000100e7500                fiq_aarch64
                0x00000000100e7580                serror_aarch64
                0x00000000100e7600                sync_exception_aarch32
                0x00000000100e7680                irq_aarch32
                0x00000000100e7700                fiq_aarch32
                0x00000000100e7780                serror_aarch32
                0x00000000100e8000                . = ALIGN (0x1000)
 *fill*         0x00000000100e7800      0x800 
                0x00000000100e8000                __TEXT_END__ = .

.iplt           0x00000000100e8000        0x0
 .iplt          0x00000000100e8000        0x0 ./build/rpi3/debug/bl31/build_message.o

.rodata         0x00000000100e8000     0x2000
                0x00000000100e8000                __RODATA_START__ = .
 *(.rodata*)
 .rodata.build_message
                0x00000000100e8000       0x1e ./build/rpi3/debug/bl31/build_message.o
                0x00000000100e8000                build_message
 .rodata.version_string
                0x00000000100e801e       0x1c ./build/rpi3/debug/bl31/build_message.o
                0x00000000100e801e                version_string
 .rodata.plat_get_target_pwr_state.str1.1
                0x00000000100e803a       0x1f ./build/rpi3/debug/bl31/plat_psci_common.o
 .rodata.bl31_plat_get_next_image_ep_info.str1.1
                0x00000000100e8059       0x20 ./build/rpi3/debug/bl31/rpi3_bl31_setup.o
 .rodata.bl31_platform_setup.str1.1
                0x00000000100e8079       0x97 ./build/rpi3/debug/bl31/rpi3_bl31_setup.o
 .rodata.__func__.2210
                0x00000000100e8110       0x1b ./build/rpi3/debug/bl31/rpi3_bl31_setup.o
 .rodata.rpi3_system_reset.str1.1
                0x00000000100e812b       0x33 ./build/rpi3/debug/bl31/rpi3_pm.o
 .rodata.rpi3_system_off.str1.1
                0x00000000100e815e       0x31 ./build/rpi3/debug/bl31/rpi3_pm.o
 .rodata.rpi3_validate_power_state.str1.1
                0x00000000100e818f       0x1a ./build/rpi3/debug/bl31/rpi3_pm.o
 *fill*         0x00000000100e81a9        0x7 
 .rodata.plat_rpi3_psci_pm_ops
                0x00000000100e81b0       0xa8 ./build/rpi3/debug/bl31/rpi3_pm.o
 .rodata.rpi3_pm_idle_states
                0x00000000100e8258       0x10 ./build/rpi3/debug/bl31/rpi3_pm.o
 .rodata.get_arm_std_svc_args.str1.1
                0x00000000100e8268       0x11 ./build/rpi3/debug/bl31/bl31_main.o
 .rodata.bl31_prepare_next_image_entry.str1.1
                0x00000000100e8279       0x89 ./build/rpi3/debug/bl31/bl31_main.o
 .rodata.bl31_main.str1.1
                0x00000000100e8302       0x6e ./build/rpi3/debug/bl31/bl31_main.o
 .rodata.__func__.2970
                0x00000000100e8370       0x1e ./build/rpi3/debug/bl31/bl31_main.o
 *fill*         0x00000000100e838e        0x2 
 .rodata.psci_args.2945
                0x00000000100e8390       0x10 ./build/rpi3/debug/bl31/bl31_main.o
 .rodata.get_scr_el3_from_routing_model.str1.1
                0x00000000100e83a0       0x16 ./build/rpi3/debug/bl31/interrupt_mgmt.o
 .rodata.cm_get_context.str1.1
                0x00000000100e83b6       0x19 ./build/rpi3/debug/bl31/bl31_context_mgmt.o
 .rodata.handle_runtime_svc.str1.1
                0x00000000100e83cf       0x15 ./build/rpi3/debug/bl31/runtime_svc.o
 .rodata.runtime_svc_init.str1.1
                0x00000000100e83e4       0x50 ./build/rpi3/debug/bl31/runtime_svc.o
 .rodata.__func__.1382
                0x00000000100e8434       0x11 ./build/rpi3/debug/bl31/runtime_svc.o
 .rodata.arm_arch_svc_smc_handler.str1.1
                0x00000000100e8445       0x35 ./build/rpi3/debug/bl31/arm_arch_svc_setup.o
 .rodata.str1.1
                0x00000000100e847a        0xd ./build/rpi3/debug/bl31/arm_arch_svc_setup.o
 .rodata.std_svc_smc_handler.str1.1
                0x00000000100e8487       0x2d ./build/rpi3/debug/bl31/std_svc_setup.o
 .rodata.std_svc_setup.str1.1
                0x00000000100e84b4       0x21 ./build/rpi3/debug/bl31/std_svc_setup.o
 .rodata.str1.1
                0x00000000100e84d5        0x8 ./build/rpi3/debug/bl31/std_svc_setup.o
 .rodata.cm_setup_context.str1.1
                0x00000000100e84dd       0x27 ./build/rpi3/debug/bl31/context_mgmt.o
 .rodata.cm_set_next_eret_context.str1.1
                0x00000000100e8504       0x27 ./build/rpi3/debug/bl31/context_mgmt.o
 .rodata.errata_print_msg.str1.1
                0x00000000100e852b       0x7d ./build/rpi3/debug/bl31/errata_report.o
 .rodata.psci_do_cpu_off.str1.1
                0x00000000100e85a8       0x14 ./build/rpi3/debug/bl31/psci_off.o
 .rodata.psci_cpu_on_start.str1.1
                0x00000000100e85bc       0x13 ./build/rpi3/debug/bl31/psci_on.o
 .rodata.psci_cpu_suspend_start.str1.1
                0x00000000100e85cf       0x18 ./build/rpi3/debug/bl31/psci_suspend.o
 .rodata.psci_validate_power_state.str1.1
                0x00000000100e85e7       0x17 ./build/rpi3/debug/bl31/psci_common.o
 .rodata.psci_warmboot_entrypoint.str1.1
                0x00000000100e85fe       0x20 ./build/rpi3/debug/bl31/psci_common.o
 .rodata.psci_print_power_domain_map.str1.1
                0x00000000100e861e       0x91 ./build/rpi3/debug/bl31/psci_common.o
 .rodata.str1.1
                0x00000000100e86af        0xe ./build/rpi3/debug/bl31/psci_common.o
                                         0x11 (size before relaxing)
 .rodata.__func__.3208
                0x00000000100e86bd       0x19 ./build/rpi3/debug/bl31/psci_common.o
 *fill*         0x00000000100e86d6        0x2 
 .rodata.psci_state_type_str.3222
                0x00000000100e86d8       0x18 ./build/rpi3/debug/bl31/psci_common.o
 .rodata.psci_cpu_suspend.str1.1
                0x00000000100e86f0       0x48 ./build/rpi3/debug/bl31/psci_main.o
 .rodata.psci_smc_handler.str1.1
                0x00000000100e8738       0x20 ./build/rpi3/debug/bl31/psci_main.o
 .rodata.psci_smc_handler
                0x00000000100e8758       0x2c ./build/rpi3/debug/bl31/psci_main.o
 .rodata.__func__.2987
                0x00000000100e8784       0x11 ./build/rpi3/debug/bl31/psci_main.o
 .rodata.psci_setup.str1.1
                0x00000000100e8795       0x16 ./build/rpi3/debug/bl31/psci_setup.o
 .rodata.psci_system_off.str1.1
                0x00000000100e87ab       0x1b ./build/rpi3/debug/bl31/psci_system_off.o
 .rodata.psci_mem_protect.str1.1
                0x00000000100e87c6       0x1c ./build/rpi3/debug/bl31/psci_mem_protect.o
 .rodata.bakery_lock_get.str1.1
                0x00000000100e87e2       0x28 ./build/rpi3/debug/bl31/bakery_lock_coherent.o
 .rodata.opteed_init_optee_ep_state.str1.1
                0x00000000100e880a       0x24 ./build/rpi3/debug/bl31/opteed_common.o
 .rodata.opteed_smc_handler.str1.1
                0x00000000100e882e       0x22 ./build/rpi3/debug/bl31/opteed_main.o
 .rodata.opteed_smc_handler
                0x00000000100e8850        0x9 ./build/rpi3/debug/bl31/opteed_main.o
 .rodata.opteed_setup.str1.1
                0x00000000100e8859       0x82 ./build/rpi3/debug/bl31/opteed_main.o
 .rodata.str1.1
                0x00000000100e88db       0x17 ./build/rpi3/debug/bl31/opteed_main.o
 .rodata.__func__.2967
                0x00000000100e88f2       0x13 ./build/rpi3/debug/bl31/opteed_main.o
 .rodata.opteed_system_reset.str1.1
                0x00000000100e8905       0x20 ./build/rpi3/debug/bl31/opteed_pm.o
 .rodata.__func__.2854
                0x00000000100e8925       0x17 ./build/rpi3/debug/bl31/opteed_pm.o
 .rodata.__func__.2861
                0x00000000100e893c       0x1b ./build/rpi3/debug/bl31/opteed_pm.o
 .rodata.__func__.2869
                0x00000000100e8957       0x1d ./build/rpi3/debug/bl31/opteed_pm.o
 .rodata.__func__.2876
                0x00000000100e8974       0x22 ./build/rpi3/debug/bl31/opteed_pm.o
 *fill*         0x00000000100e8996        0x2 
 .rodata.opteed_pm
                0x00000000100e8998       0x48 ./build/rpi3/debug/bl31/opteed_pm.o
                0x00000000100e8998                opteed_pm
 .rodata.print_entry_point_info.str1.1
                0x00000000100e89e0       0x2c ./build/rpi3/debug/bl31/bl_common.o
 .rodata.tf_log.str1.1
                0x00000000100e8a0c       0x10 ./build/rpi3/debug/bl31/tf_log.o
 .rodata.console_unregister.str1.1
                0x00000000100e8a1c       0x20 ./build/rpi3/debug/bl31/multi_console.o
 .rodata.str1.1
                0x00000000100e8a3c       0x32 ./build/rpi3/debug/bl31/plat_log_common.o
 *fill*         0x00000000100e8a6e        0x2 
 .rodata.plat_prefix_str
                0x00000000100e8a70       0x28 ./build/rpi3/debug/bl31/plat_log_common.o
 .rodata.plat_ea_handler.str1.1
                0x00000000100e8a98       0x5c ./build/rpi3/debug/bl31/plat_common.o
 .rodata.__func__.2711
                0x00000000100e8af4       0x10 ./build/rpi3/debug/bl31/plat_common.o
 .rodata.backtrace.str1.1
                0x00000000100e8b04       0xdb ./build/rpi3/debug/bl31/backtrace.o
 .rodata.plat_ic_get_pending_interrupt_type.str1.1
                0x00000000100e8bdf       0x21 ./build/rpi3/debug/bl31/rpi3_common.o
 .rodata.plat_interrupt_type_to_line.str1.1
                0x00000000100e8c00       0x1e ./build/rpi3/debug/bl31/rpi3_common.o
 .rodata.__func__.2426
                0x00000000100e8c1e       0x12 ./build/rpi3/debug/bl31/rpi3_common.o
 .rodata.plat_rpi3_mmap
                0x00000000100e8c30       0xc8 ./build/rpi3/debug/bl31/rpi3_common.o
 .rodata.xlat_arch_get_max_supported_granule_size.str1.1
                0x00000000100e8cf8       0x2e ./build/rpi3/debug/bl31/xlat_tables_arch.o
 *fill*         0x00000000100e8d26        0x2 
 .rodata.pa_range_bits_arr
                0x00000000100e8d28       0x1c ./build/rpi3/debug/bl31/xlat_tables_arch.o
 .rodata.mmap_add_alloc_va.str1.1
                0x00000000100e8d44       0x29 ./build/rpi3/debug/bl31/xlat_tables_context.o
 .rodata.xlat_desc.str1.1
                0x00000000100e8d6d       0x26 ./build/rpi3/debug/bl31/xlat_tables_core.o
 .rodata.mmap_add_region_ctx.str1.1
                0x00000000100e8d93       0x2b ./build/rpi3/debug/bl31/xlat_tables_core.o
 .rodata.init_xlat_tables_ctx.str1.1
                0x00000000100e8dbe       0x4f ./build/rpi3/debug/bl31/xlat_tables_core.o
 .rodata.__func__.2543
                0x00000000100e8e0d       0x15 ./build/rpi3/debug/bl31/xlat_tables_core.o
 .rodata        0x00000000100e8e22       0x56 ./build/rpi3/debug/bl31/cortex_a53.o
 .rodata.cortex_a53_regs
                0x00000000100e8e78       0x36 ./build/rpi3/debug/bl31/cortex_a53.o
 .rodata.crash_prints
                0x00000000100e8eae      0x29d ./build/rpi3/debug/bl31/crash_reporting.o
 .rodata.str1.1
                0x00000000100e914b       0x1b ./build/rpi3/debug/bl31/ea_delegate.o
 .rodata.str1.1
                0x00000000100e9166       0x1f ./build/rpi3/debug/bl31/cpu_helpers.o
 .rodata.assert_str
                0x00000000100e9185       0x15 ./build/rpi3/debug/bl31/debug.o
 .rodata.panic_str
                0x00000000100e919a       0x11 ./build/rpi3/debug/bl31/debug.o
 .rodata.str1.1
                0x00000000100e91ab       0x1b ./build/rpi3/debug/bl31/misc_helpers.o
 .rodata.str1.1
                0x00000000100e91c6       0x28 ./build/rpi3/debug/bl31/16550_console.o
 .rodata.str1.1
                0x00000000100e91ee       0x28 ./build/rpi3/debug/bl31/enable_mmu.o
 .rodata.__assert.str1.1
                0x00000000100e9216       0x16 ./build/rpi3/debug/lib/libc.a(assert.o)
 .rodata.vprintf.str1.1
                0x00000000100e922c       0x15 ./build/rpi3/debug/lib/libc.a(printf.o)
 *fill*         0x00000000100e9241        0x3 
 .rodata.vprintf
                0x00000000100e9244       0x2e ./build/rpi3/debug/lib/libc.a(printf.o)
                0x00000000100e9278                . = ALIGN (0x8)
 *fill*         0x00000000100e9272        0x6 
                0x00000000100e9278                __RT_SVC_DESCS_START__ = .
 *(rt_svc_descs)
 rt_svc_descs   0x00000000100e9278       0x20 ./build/rpi3/debug/bl31/arm_arch_svc_setup.o
 rt_svc_descs   0x00000000100e9298       0x20 ./build/rpi3/debug/bl31/std_svc_setup.o
 rt_svc_descs   0x00000000100e92b8       0x40 ./build/rpi3/debug/bl31/opteed_main.o
                0x00000000100e92f8                __RT_SVC_DESCS_END__ = .
                0x00000000100e92f8                . = ALIGN (0x8)
                0x00000000100e92f8                __CPU_OPS_START__ = .
 *(cpu_ops)
 cpu_ops        0x00000000100e92f8       0x58 ./build/rpi3/debug/bl31/cortex_a53.o
                0x00000000100e9350                __CPU_OPS_END__ = .
                0x00000000100e9350                . = ALIGN (0x8)
                0x00000000100e9350                __GOT_START__ = .
 *(.got)
                0x00000000100e9350                __GOT_END__ = .
                0x00000000100e9350                . = ALIGN (0x8)
                0x00000000100e9350                __pubsub_psci_cpu_on_finish_start = .
 *(__pubsub_psci_cpu_on_finish)
                0x00000000100e9350                __pubsub_psci_cpu_on_finish_end = .
                0x00000000100e9350                __pubsub_psci_suspend_pwrdown_start_start = .
 *(__pubsub_psci_suspend_pwrdown_start)
                0x00000000100e9350                __pubsub_psci_suspend_pwrdown_start_end = .
                0x00000000100e9350                __pubsub_psci_suspend_pwrdown_finish_start = .
 *(__pubsub_psci_suspend_pwrdown_finish)
                0x00000000100e9350                __pubsub_psci_suspend_pwrdown_finish_end = .
                0x00000000100e9350                __pubsub_cm_entering_secure_world_start = .
 *(__pubsub_cm_entering_secure_world)
 __pubsub_cm_entering_secure_world
                0x00000000100e9350        0x8 ./build/rpi3/debug/bl31/spe.o
                0x00000000100e9350                __cb_func_spe_drain_buffers_hookcm_entering_secure_world
                0x00000000100e9358                __pubsub_cm_entering_secure_world_end = .
                0x00000000100e9358                __pubsub_cm_exited_secure_world_start = .
 *(__pubsub_cm_exited_secure_world)
                0x00000000100e9358                __pubsub_cm_exited_secure_world_end = .
                0x00000000100e9358                __pubsub_cm_entering_normal_world_start = .
 *(__pubsub_cm_entering_normal_world)
 __pubsub_cm_entering_normal_world
                0x00000000100e9358        0x8 ./build/rpi3/debug/bl31/sve.o
                0x00000000100e9358                __cb_func_enable_sve_hookcm_entering_normal_world
                0x00000000100e9360                __pubsub_cm_entering_normal_world_end = .
                0x00000000100e9360                __pubsub_cm_exited_normal_world_start = .
 *(__pubsub_cm_exited_normal_world)
 __pubsub_cm_exited_normal_world
                0x00000000100e9360        0x8 ./build/rpi3/debug/bl31/sve.o
                0x00000000100e9360                __cb_func_disable_sve_hookcm_exited_normal_world
                0x00000000100e9368                __pubsub_cm_exited_normal_world_end = .
                0x00000000100ea000                . = ALIGN (0x1000)
 *fill*         0x00000000100e9368      0xc98 
                0x00000000100ea000                __RODATA_END__ = .
                0x0000000000000001                ASSERT ((__CPU_OPS_END__ > __CPU_OPS_START__), cpu_ops not defined for this platform.)
                0x00000000100ea000                __RW_START__ = .

.data           0x00000000100ea000       0x78
                0x00000000100ea000                __DATA_START__ = .
 *(.data*)
 .data.power_domain_tree_desc
                0x00000000100ea000        0x2 ./build/rpi3/debug/bl31/rpi3_topology.o
 *fill*         0x00000000100ea002        0x2 
 .data.next_image_type
                0x00000000100ea004        0x4 ./build/rpi3/debug/bl31/bl31_main.o
 .data.max_log_level
                0x00000000100ea008        0x4 ./build/rpi3/debug/bl31/tf_log.o
 .data.console_state
                0x00000000100ea00c        0x1 ./build/rpi3/debug/bl31/multi_console.o
                0x00000000100ea00c                console_state
 *fill*         0x00000000100ea00d        0x3 
 .data.tf_xlat_ctx
                0x00000000100ea010       0x60 ./build/rpi3/debug/bl31/xlat_tables_context.o
 .data          0x00000000100ea070        0x8 ./build/rpi3/debug/bl31/cortex_a53.o
                0x00000000100ea078                __DATA_END__ = .

.igot.plt       0x00000000100ea078        0x0
 .igot.plt      0x00000000100ea078        0x0 ./build/rpi3/debug/bl31/build_message.o
                0x00000000100ea078                . = ALIGN (0x8)
                0x00000000100ea078                __RELA_START__ = .

.rela.dyn       0x00000000100ea078        0x0
 .rela.iplt     0x00000000100ea078        0x0 ./build/rpi3/debug/bl31/build_message.o
 .rela.text.bl31_plat_arch_setup
                0x00000000100ea078        0x0 ./build/rpi3/debug/bl31/build_message.o
 .rela.text.runtime_svc_init
                0x00000000100ea078        0x0 ./build/rpi3/debug/bl31/build_message.o
 .rela.text.cm_el1_sysregs_context_save
                0x00000000100ea078        0x0 ./build/rpi3/debug/bl31/build_message.o
 .rela.text.cm_el1_sysregs_context_restore
                0x00000000100ea078        0x0 ./build/rpi3/debug/bl31/build_message.o
 .rela.text.psci_do_cpu_off
                0x00000000100ea078        0x0 ./build/rpi3/debug/bl31/build_message.o
 .rela.text.psci_cpu_on_start
                0x00000000100ea078        0x0 ./build/rpi3/debug/bl31/build_message.o
 .rela.text.psci_cpu_on_finish
                0x00000000100ea078        0x0 ./build/rpi3/debug/bl31/build_message.o
 .rela.text.psci_cpu_suspend_start
                0x00000000100ea078        0x0 ./build/rpi3/debug/bl31/build_message.o
 .rela.text.psci_cpu_suspend_finish
                0x00000000100ea078        0x0 ./build/rpi3/debug/bl31/build_message.o
 .rela.text.psci_validate_power_state
                0x00000000100ea078        0x0 ./build/rpi3/debug/bl31/build_message.o
 .rela.text.psci_query_sys_suspend_pwrstate
                0x00000000100ea078        0x0 ./build/rpi3/debug/bl31/build_message.o
 .rela.text.psci_get_target_local_pwr_states
                0x00000000100ea078        0x0 ./build/rpi3/debug/bl31/build_message.o
 .rela.text.psci_get_parent_pwr_domain_nodes
                0x00000000100ea078        0x0 ./build/rpi3/debug/bl31/build_message.o
 .rela.text.psci_set_pwr_domains_to_run
                0x00000000100ea078        0x0 ./build/rpi3/debug/bl31/build_message.o
 .rela.text.psci_do_state_coordination
                0x00000000100ea078        0x0 ./build/rpi3/debug/bl31/build_message.o
 .rela.text.psci_validate_entry_point
                0x00000000100ea078        0x0 ./build/rpi3/debug/bl31/build_message.o
 .rela.text.psci_register_spd_pm_hook
                0x00000000100ea078        0x0 ./build/rpi3/debug/bl31/build_message.o
 .rela.text.psci_spd_migrate_info
                0x00000000100ea078        0x0 ./build/rpi3/debug/bl31/build_message.o
 .rela.text.psci_print_power_domain_map
                0x00000000100ea078        0x0 ./build/rpi3/debug/bl31/build_message.o
 .rela.text.psci_cpu_suspend
                0x00000000100ea078        0x0 ./build/rpi3/debug/bl31/build_message.o
 .rela.text.psci_migrate
                0x00000000100ea078        0x0 ./build/rpi3/debug/bl31/build_message.o
 .rela.text.psci_node_hw_state
                0x00000000100ea078        0x0 ./build/rpi3/debug/bl31/build_message.o
 .rela.text.psci_features
                0x00000000100ea078        0x0 ./build/rpi3/debug/bl31/build_message.o
 .rela.text.psci_smc_handler
                0x00000000100ea078        0x0 ./build/rpi3/debug/bl31/build_message.o
 .rela.text.psci_setup
                0x00000000100ea078        0x0 ./build/rpi3/debug/bl31/build_message.o
 .rela.text.psci_system_off
                0x00000000100ea078        0x0 ./build/rpi3/debug/bl31/build_message.o
 .rela.text.psci_system_reset
                0x00000000100ea078        0x0 ./build/rpi3/debug/bl31/build_message.o
 .rela.text.psci_system_reset2
                0x00000000100ea078        0x0 ./build/rpi3/debug/bl31/build_message.o
 .rela.text.psci_mem_protect
                0x00000000100ea078        0x0 ./build/rpi3/debug/bl31/build_message.o
 .rela.text.psci_mem_chk_range
                0x00000000100ea078        0x0 ./build/rpi3/debug/bl31/build_message.o
 .rela.text.opteed_smc_handler
                0x00000000100ea078        0x0 ./build/rpi3/debug/bl31/build_message.o
 .rela.text.opteed_setup
                0x00000000100ea078        0x0 ./build/rpi3/debug/bl31/build_message.o
 .rela.text.opteed_sel1_interrupt_handler
                0x00000000100ea078        0x0 ./build/rpi3/debug/bl31/build_message.o
 .rela.text.opteed_init
                0x00000000100ea078        0x0 ./build/rpi3/debug/bl31/build_message.o
 .rela.text.opteed_system_reset
                0x00000000100ea078        0x0 ./build/rpi3/debug/bl31/build_message.o
 .rela.text.opteed_system_off
                0x00000000100ea078        0x0 ./build/rpi3/debug/bl31/build_message.o
 .rela.text.opteed_cpu_suspend_finish_handler
                0x00000000100ea078        0x0 ./build/rpi3/debug/bl31/build_message.o
 .rela.text.opteed_cpu_suspend_handler
                0x00000000100ea078        0x0 ./build/rpi3/debug/bl31/build_message.o
 .rela.text.opteed_cpu_off_handler
                0x00000000100ea078        0x0 ./build/rpi3/debug/bl31/build_message.o
 .rela.text.opteed_cpu_on_finish_handler
                0x00000000100ea078        0x0 ./build/rpi3/debug/bl31/build_message.o
 .rela.text.console_is_registered
                0x00000000100ea078        0x0 ./build/rpi3/debug/bl31/build_message.o
 .rela.text.console_register
                0x00000000100ea078        0x0 ./build/rpi3/debug/bl31/build_message.o
 .rela.text.console_putc
                0x00000000100ea078        0x0 ./build/rpi3/debug/bl31/build_message.o
 .rela.text.console_flush
                0x00000000100ea078        0x0 ./build/rpi3/debug/bl31/build_message.o
 .rela.text.enable_mmu_el3
                0x00000000100ea078        0x0 ./build/rpi3/debug/bl31/build_message.o
 .rela.text.asm.bl31_entrypoint
                0x00000000100ea078        0x0 ./build/rpi3/debug/bl31/build_message.o
 .rela.text.asm.smc_handler
                0x00000000100ea078        0x0 ./build/rpi3/debug/bl31/build_message.o
 .rela.text.asm._cpu_data_by_index
                0x00000000100ea078        0x0 ./build/rpi3/debug/bl31/build_message.o
 .rela.text.asm.get_cpu_ops_ptr
                0x00000000100ea078        0x0 ./build/rpi3/debug/bl31/build_message.o
 .rela.text.asm.enable_mmu_direct_el3
                0x00000000100ea078        0x0 ./build/rpi3/debug/bl31/build_message.o
                0x00000000100ea078                __RELA_END__ = .
                0x0000000000000001                ASSERT ((. <= 0x100ee000), BL31 progbits has exceeded its limit.)

stacks          0x00000000100ea080     0x4000
                0x00000000100ea080                __STACKS_START__ = .
 *(tzfw_normal_stacks)
 tzfw_normal_stacks
                0x00000000100ea080     0x4000 ./build/rpi3/debug/bl31/platform_mp_stack.o
                0x00000000100ee080                __STACKS_END__ = .

.bss            0x00000000100ee080     0x1910
                0x00000000100ee080                __BSS_START__ = .
 *(.bss*)
 .bss.bl32_image_ep_info
                0x00000000100ee080       0x58 ./build/rpi3/debug/bl31/rpi3_bl31_setup.o
 .bss.bl33_image_ep_info
                0x00000000100ee0d8       0x58 ./build/rpi3/debug/bl31/rpi3_bl31_setup.o
 .bss.bl32_init
                0x00000000100ee130        0x8 ./build/rpi3/debug/bl31/bl31_main.o
 .bss.intr_type_descs
                0x00000000100ee138       0x48 ./build/rpi3/debug/bl31/interrupt_mgmt.o
 .bss.psci_req_local_pwr_states
                0x00000000100ee180        0x4 ./build/rpi3/debug/bl31/psci_common.o
 *fill*         0x00000000100ee184        0xc 
 .bss.psci_ns_context
                0x00000000100ee190      0x940 ./build/rpi3/debug/bl31/psci_setup.o
 .bss.rpi3_console
                0x00000000100eead0       0x30 ./build/rpi3/debug/bl31/rpi3_common.o
 .bss.tf_base_xlat_table
                0x00000000100eeb00       0x20 ./build/rpi3/debug/bl31/xlat_tables_context.o
 .bss.tf_mmap   0x00000000100eeb20      0x168 ./build/rpi3/debug/bl31/xlat_tables_context.o
 *(COMMON)
 COMMON         0x00000000100eec88       0x80 ./build/rpi3/debug/bl31/runtime_svc.o
                0x00000000100eec88                rt_svc_descs_indices
 *fill*         0x00000000100eed08       0x38 
 COMMON         0x00000000100eed40      0x200 ./build/rpi3/debug/bl31/cpu_data_array.o
                0x00000000100eed40                percpu_data
 COMMON         0x00000000100eef40       0x50 ./build/rpi3/debug/bl31/psci_common.o
                0x00000000100eef40                psci_cpu_pd_nodes
                0x00000000100eef80                psci_plat_pm_ops
                0x00000000100eef88                psci_spd_pm
 COMMON         0x00000000100eef90        0x4 ./build/rpi3/debug/bl31/psci_setup.o
                0x00000000100eef90                psci_caps
 *fill*         0x00000000100eef94        0xc 
 COMMON         0x00000000100eefa0      0x9d0 ./build/rpi3/debug/bl31/opteed_main.o
                0x00000000100eefa0                optee_vector_table
                0x00000000100eefa8                opteed_rw
                0x00000000100eefb0                opteed_sp_context
 COMMON         0x00000000100ef970        0x8 ./build/rpi3/debug/bl31/multi_console.o
                0x00000000100ef970                console_list
 COMMON         0x00000000100ef978       0x18 ./build/rpi3/debug/bl31/xlat_tables_context.o
                0x00000000100ef978                mmu_cfg_params
                0x00000000100ef990                __BSS_END__ = .

xlat_table      0x00000000100f0000     0x4000
 *(xlat_table)
 xlat_table     0x00000000100f0000     0x4000 ./build/rpi3/debug/bl31/xlat_tables_context.o

coherent_ram    0x00000000100f4000     0x1000
                0x00000000100f4000                __COHERENT_RAM_START__ = .
 *(bakery_lock)
 bakery_lock    0x00000000100f4000        0x8 ./build/rpi3/debug/bl31/psci_common.o
                0x00000000100f4000                psci_locks
 *(tzfw_coherent_mem)
 tzfw_coherent_mem
                0x00000000100f4008       0x10 ./build/rpi3/debug/bl31/psci_common.o
                0x00000000100f4008                psci_non_cpu_pd_nodes
                0x00000000100f4018                __COHERENT_RAM_END_UNALIGNED__ = .
                0x00000000100f5000                . = ALIGN (0x1000)
 *fill*         0x00000000100f4018      0xfe8 
                0x00000000100f5000                __COHERENT_RAM_END__ = .
                0x00000000100f5000                __RW_END__ = .
                0x00000000100f5000                __BL31_END__ = .
                0x0000000000000001                ASSERT ((. <= 0x10100000), BL31 image has exceeded its limit.)
LOAD ./build/rpi3/debug/bl31/build_message.o
LOAD ./build/rpi3/debug/bl31/plat_psci_common.o
LOAD ./build/rpi3/debug/bl31/rpi3_bl31_setup.o
LOAD ./build/rpi3/debug/bl31/rpi3_pm.o
LOAD ./build/rpi3/debug/bl31/rpi3_topology.o
LOAD ./build/rpi3/debug/bl31/fdt.o
LOAD ./build/rpi3/debug/bl31/fdt_addresses.o
LOAD ./build/rpi3/debug/bl31/fdt_empty_tree.o
LOAD ./build/rpi3/debug/bl31/fdt_ro.o
LOAD ./build/rpi3/debug/bl31/fdt_rw.o
LOAD ./build/rpi3/debug/bl31/fdt_strerror.o
LOAD ./build/rpi3/debug/bl31/fdt_sw.o
LOAD ./build/rpi3/debug/bl31/fdt_wip.o
LOAD ./build/rpi3/debug/bl31/bl31_main.o
LOAD ./build/rpi3/debug/bl31/interrupt_mgmt.o
LOAD ./build/rpi3/debug/bl31/bl31_context_mgmt.o
LOAD ./build/rpi3/debug/bl31/runtime_svc.o
LOAD ./build/rpi3/debug/bl31/arm_arch_svc_setup.o
LOAD ./build/rpi3/debug/bl31/std_svc_setup.o
LOAD ./build/rpi3/debug/bl31/cpu_data_array.o
LOAD ./build/rpi3/debug/bl31/context_mgmt.o
LOAD ./build/rpi3/debug/bl31/errata_report.o
LOAD ./build/rpi3/debug/bl31/psci_off.o
LOAD ./build/rpi3/debug/bl31/psci_on.o
LOAD ./build/rpi3/debug/bl31/psci_suspend.o
LOAD ./build/rpi3/debug/bl31/psci_common.o
LOAD ./build/rpi3/debug/bl31/psci_main.o
LOAD ./build/rpi3/debug/bl31/psci_setup.o
LOAD ./build/rpi3/debug/bl31/psci_system_off.o
LOAD ./build/rpi3/debug/bl31/psci_mem_protect.o
LOAD ./build/rpi3/debug/bl31/bakery_lock_coherent.o
LOAD ./build/rpi3/debug/bl31/spe.o
LOAD ./build/rpi3/debug/bl31/sve.o
LOAD ./build/rpi3/debug/bl31/opteed_common.o
LOAD ./build/rpi3/debug/bl31/opteed_main.o
LOAD ./build/rpi3/debug/bl31/opteed_pm.o
LOAD ./build/rpi3/debug/bl31/bl_common.o
LOAD ./build/rpi3/debug/bl31/tf_log.o
LOAD ./build/rpi3/debug/bl31/multi_console.o
LOAD ./build/rpi3/debug/bl31/plat_bl_common.o
LOAD ./build/rpi3/debug/bl31/plat_log_common.o
LOAD ./build/rpi3/debug/bl31/plat_common.o
LOAD ./build/rpi3/debug/bl31/backtrace.o
LOAD ./build/rpi3/debug/bl31/rpi3_common.o
LOAD ./build/rpi3/debug/bl31/xlat_tables_arch.o
LOAD ./build/rpi3/debug/bl31/xlat_tables_context.o
LOAD ./build/rpi3/debug/bl31/xlat_tables_core.o
LOAD ./build/rpi3/debug/bl31/xlat_tables_utils.o
LOAD ./build/rpi3/debug/bl31/cortex_a53.o
LOAD ./build/rpi3/debug/bl31/plat_helpers.o
LOAD ./build/rpi3/debug/bl31/bl31_entrypoint.o
LOAD ./build/rpi3/debug/bl31/crash_reporting.o
LOAD ./build/rpi3/debug/bl31/ea_delegate.o
LOAD ./build/rpi3/debug/bl31/runtime_exceptions.o
LOAD ./build/rpi3/debug/bl31/dsu_helpers.o
LOAD ./build/rpi3/debug/bl31/platform_mp_stack.o
LOAD ./build/rpi3/debug/bl31/cpu_data.o
LOAD ./build/rpi3/debug/bl31/cpu_helpers.o
LOAD ./build/rpi3/debug/bl31/spinlock.o
LOAD ./build/rpi3/debug/bl31/psci_helpers.o
LOAD ./build/rpi3/debug/bl31/context.o
LOAD ./build/rpi3/debug/bl31/opteed_helpers.o
LOAD ./build/rpi3/debug/bl31/debug.o
LOAD ./build/rpi3/debug/bl31/cache_helpers.o
LOAD ./build/rpi3/debug/bl31/misc_helpers.o
LOAD ./build/rpi3/debug/bl31/platform_helpers.o
LOAD ./build/rpi3/debug/bl31/16550_console.o
LOAD ./build/rpi3/debug/bl31/enable_mmu.o
LOAD ./build/rpi3/debug/lib/libfdt.a
LOAD ./build/rpi3/debug/lib/libc.a
OUTPUT(build/rpi3/debug/bl31/bl31.elf elf64-littleaarch64)

.debug_info     0x0000000000000000    0x1fed8
 .debug_info    0x0000000000000000       0x83 ./build/rpi3/debug/bl31/build_message.o
 .debug_info    0x0000000000000083      0x28a ./build/rpi3/debug/bl31/plat_psci_common.o
 .debug_info    0x000000000000030d      0x8aa ./build/rpi3/debug/bl31/rpi3_bl31_setup.o
 .debug_info    0x0000000000000bb7      0xc71 ./build/rpi3/debug/bl31/rpi3_pm.o
 .debug_info    0x0000000000001828      0x271 ./build/rpi3/debug/bl31/rpi3_topology.o
 .debug_info    0x0000000000001a99      0x8e0 ./build/rpi3/debug/bl31/fdt.o
 .debug_info    0x0000000000002379     0x25d0 ./build/rpi3/debug/bl31/fdt_ro.o
 .debug_info    0x0000000000004949     0x2b74 ./build/rpi3/debug/bl31/fdt_rw.o
 .debug_info    0x00000000000074bd      0xa36 ./build/rpi3/debug/bl31/bl31_main.o
 .debug_info    0x0000000000007ef3      0x8c8 ./build/rpi3/debug/bl31/interrupt_mgmt.o
 .debug_info    0x00000000000087bb      0x56f ./build/rpi3/debug/bl31/bl31_context_mgmt.o
 .debug_info    0x0000000000008d2a      0x8d8 ./build/rpi3/debug/bl31/runtime_svc.o
 .debug_info    0x0000000000009602      0x585 ./build/rpi3/debug/bl31/arm_arch_svc_setup.o
 .debug_info    0x0000000000009b87      0x9d5 ./build/rpi3/debug/bl31/std_svc_setup.o
 .debug_info    0x000000000000a55c      0x2ad ./build/rpi3/debug/bl31/cpu_data_array.o
 .debug_info    0x000000000000a809     0x161a ./build/rpi3/debug/bl31/context_mgmt.o
 .debug_info    0x000000000000be23      0x48d ./build/rpi3/debug/bl31/errata_report.o
 .debug_info    0x000000000000c2b0      0xcb9 ./build/rpi3/debug/bl31/psci_off.o
 .debug_info    0x000000000000cf69     0x1233 ./build/rpi3/debug/bl31/psci_on.o
 .debug_info    0x000000000000e19c     0x133f ./build/rpi3/debug/bl31/psci_suspend.o
 .debug_info    0x000000000000f4db     0x24ec ./build/rpi3/debug/bl31/psci_common.o
 .debug_info    0x00000000000119c7     0x196c ./build/rpi3/debug/bl31/psci_main.o
 .debug_info    0x0000000000013333     0x11e5 ./build/rpi3/debug/bl31/psci_setup.o
 .debug_info    0x0000000000014518      0x9e4 ./build/rpi3/debug/bl31/psci_system_off.o
 .debug_info    0x0000000000014efc      0x968 ./build/rpi3/debug/bl31/psci_mem_protect.o
 .debug_info    0x0000000000015864      0x84b ./build/rpi3/debug/bl31/bakery_lock_coherent.o
 .debug_info    0x00000000000160af      0x5bc ./build/rpi3/debug/bl31/spe.o
 .debug_info    0x000000000001666b      0x6be ./build/rpi3/debug/bl31/sve.o
 .debug_info    0x0000000000016d29      0x9e7 ./build/rpi3/debug/bl31/opteed_common.o
 .debug_info    0x0000000000017710     0x1066 ./build/rpi3/debug/bl31/opteed_main.o
 .debug_info    0x0000000000018776      0xf4f ./build/rpi3/debug/bl31/opteed_pm.o
 .debug_info    0x00000000000196c5      0x7be ./build/rpi3/debug/bl31/bl_common.o
 .debug_info    0x0000000000019e83      0x32d ./build/rpi3/debug/bl31/tf_log.o
 .debug_info    0x000000000001a1b0      0x6fd ./build/rpi3/debug/bl31/multi_console.o
 .debug_info    0x000000000001a8ad      0x201 ./build/rpi3/debug/bl31/plat_log_common.o
 .debug_info    0x000000000001aaae      0x42c ./build/rpi3/debug/bl31/plat_common.o
 .debug_info    0x000000000001aeda      0x88d ./build/rpi3/debug/bl31/backtrace.o
 .debug_info    0x000000000001b767      0x729 ./build/rpi3/debug/bl31/rpi3_common.o
 .debug_info    0x000000000001be90      0xd73 ./build/rpi3/debug/bl31/xlat_tables_arch.o
 .debug_info    0x000000000001cc03      0x94a ./build/rpi3/debug/bl31/xlat_tables_context.o
 .debug_info    0x000000000001d54d     0x101e ./build/rpi3/debug/bl31/xlat_tables_core.o
 .debug_info    0x000000000001e56b      0xb69 ./build/rpi3/debug/bl31/xlat_tables_utils.o
 .debug_info    0x000000000001f0d4       0x22 ./build/rpi3/debug/bl31/cortex_a53.o
 .debug_info    0x000000000001f0f6       0x22 ./build/rpi3/debug/bl31/plat_helpers.o
 .debug_info    0x000000000001f118       0x22 ./build/rpi3/debug/bl31/bl31_entrypoint.o
 .debug_info    0x000000000001f13a       0x22 ./build/rpi3/debug/bl31/crash_reporting.o
 .debug_info    0x000000000001f15c       0x22 ./build/rpi3/debug/bl31/ea_delegate.o
 .debug_info    0x000000000001f17e       0x22 ./build/rpi3/debug/bl31/runtime_exceptions.o
 .debug_info    0x000000000001f1a0       0x22 ./build/rpi3/debug/bl31/platform_mp_stack.o
 .debug_info    0x000000000001f1c2       0x22 ./build/rpi3/debug/bl31/cpu_data.o
 .debug_info    0x000000000001f1e4       0x22 ./build/rpi3/debug/bl31/cpu_helpers.o
 .debug_info    0x000000000001f206       0x22 ./build/rpi3/debug/bl31/spinlock.o
 .debug_info    0x000000000001f228       0x22 ./build/rpi3/debug/bl31/psci_helpers.o
 .debug_info    0x000000000001f24a       0x22 ./build/rpi3/debug/bl31/context.o
 .debug_info    0x000000000001f26c       0x22 ./build/rpi3/debug/bl31/opteed_helpers.o
 .debug_info    0x000000000001f28e       0x22 ./build/rpi3/debug/bl31/debug.o
 .debug_info    0x000000000001f2b0       0x22 ./build/rpi3/debug/bl31/cache_helpers.o
 .debug_info    0x000000000001f2d2       0x22 ./build/rpi3/debug/bl31/misc_helpers.o
 .debug_info    0x000000000001f2f4       0x22 ./build/rpi3/debug/bl31/platform_helpers.o
 .debug_info    0x000000000001f316       0x22 ./build/rpi3/debug/bl31/16550_console.o
 .debug_info    0x000000000001f338       0x22 ./build/rpi3/debug/bl31/enable_mmu.o
 .debug_info    0x000000000001f35a      0x241 ./build/rpi3/debug/lib/libc.a(assert.o)
 .debug_info    0x000000000001f59b       0xdc ./build/rpi3/debug/lib/libc.a(memcpy.o)
 .debug_info    0x000000000001f677      0x12e ./build/rpi3/debug/lib/libc.a(memmove.o)
 .debug_info    0x000000000001f7a5       0xc1 ./build/rpi3/debug/lib/libc.a(memset.o)
 .debug_info    0x000000000001f866      0x581 ./build/rpi3/debug/lib/libc.a(printf.o)
 .debug_info    0x000000000001fde7       0xf1 ./build/rpi3/debug/lib/libc.a(putchar.o)

.debug_abbrev   0x0000000000000000     0x763d
 .debug_abbrev  0x0000000000000000       0x45 ./build/rpi3/debug/bl31/build_message.o
 .debug_abbrev  0x0000000000000045      0x111 ./build/rpi3/debug/bl31/plat_psci_common.o
 .debug_abbrev  0x0000000000000156      0x227 ./build/rpi3/debug/bl31/rpi3_bl31_setup.o
 .debug_abbrev  0x000000000000037d      0x2ff ./build/rpi3/debug/bl31/rpi3_pm.o
 .debug_abbrev  0x000000000000067c      0x122 ./build/rpi3/debug/bl31/rpi3_topology.o
 .debug_abbrev  0x000000000000079e      0x202 ./build/rpi3/debug/bl31/fdt.o
 .debug_abbrev  0x00000000000009a0      0x3fc ./build/rpi3/debug/bl31/fdt_ro.o
 .debug_abbrev  0x0000000000000d9c      0x408 ./build/rpi3/debug/bl31/fdt_rw.o
 .debug_abbrev  0x00000000000011a4      0x30f ./build/rpi3/debug/bl31/bl31_main.o
 .debug_abbrev  0x00000000000014b3      0x26d ./build/rpi3/debug/bl31/interrupt_mgmt.o
 .debug_abbrev  0x0000000000001720      0x20b ./build/rpi3/debug/bl31/bl31_context_mgmt.o
 .debug_abbrev  0x000000000000192b      0x305 ./build/rpi3/debug/bl31/runtime_svc.o
 .debug_abbrev  0x0000000000001c30      0x268 ./build/rpi3/debug/bl31/arm_arch_svc_setup.o
 .debug_abbrev  0x0000000000001e98      0x2e8 ./build/rpi3/debug/bl31/std_svc_setup.o
 .debug_abbrev  0x0000000000002180      0x10c ./build/rpi3/debug/bl31/cpu_data_array.o
 .debug_abbrev  0x000000000000228c      0x4c4 ./build/rpi3/debug/bl31/context_mgmt.o
 .debug_abbrev  0x0000000000002750      0x1fd ./build/rpi3/debug/bl31/errata_report.o
 .debug_abbrev  0x000000000000294d      0x33c ./build/rpi3/debug/bl31/psci_off.o
 .debug_abbrev  0x0000000000002c89      0x36e ./build/rpi3/debug/bl31/psci_on.o
 .debug_abbrev  0x0000000000002ff7      0x450 ./build/rpi3/debug/bl31/psci_suspend.o
 .debug_abbrev  0x0000000000003447      0x4db ./build/rpi3/debug/bl31/psci_common.o
 .debug_abbrev  0x0000000000003922      0x4e8 ./build/rpi3/debug/bl31/psci_main.o
 .debug_abbrev  0x0000000000003e0a      0x44f ./build/rpi3/debug/bl31/psci_setup.o
 .debug_abbrev  0x0000000000004259      0x229 ./build/rpi3/debug/bl31/psci_system_off.o
 .debug_abbrev  0x0000000000004482      0x1fd ./build/rpi3/debug/bl31/psci_mem_protect.o
 .debug_abbrev  0x000000000000467f      0x28e ./build/rpi3/debug/bl31/bakery_lock_coherent.o
 .debug_abbrev  0x000000000000490d      0x25e ./build/rpi3/debug/bl31/spe.o
 .debug_abbrev  0x0000000000004b6b      0x246 ./build/rpi3/debug/bl31/sve.o
 .debug_abbrev  0x0000000000004db1      0x2e9 ./build/rpi3/debug/bl31/opteed_common.o
 .debug_abbrev  0x000000000000509a      0x354 ./build/rpi3/debug/bl31/opteed_main.o
 .debug_abbrev  0x00000000000053ee      0x33d ./build/rpi3/debug/bl31/opteed_pm.o
 .debug_abbrev  0x000000000000572b      0x1f6 ./build/rpi3/debug/bl31/bl_common.o
 .debug_abbrev  0x0000000000005921      0x14c ./build/rpi3/debug/bl31/tf_log.o
 .debug_abbrev  0x0000000000005a6d      0x254 ./build/rpi3/debug/bl31/multi_console.o
 .debug_abbrev  0x0000000000005cc1       0xd7 ./build/rpi3/debug/bl31/plat_log_common.o
 .debug_abbrev  0x0000000000005d98      0x18c ./build/rpi3/debug/bl31/plat_common.o
 .debug_abbrev  0x0000000000005f24      0x2fa ./build/rpi3/debug/bl31/backtrace.o
 .debug_abbrev  0x000000000000621e      0x1d0 ./build/rpi3/debug/bl31/rpi3_common.o
 .debug_abbrev  0x00000000000063ee      0x335 ./build/rpi3/debug/bl31/xlat_tables_arch.o
 .debug_abbrev  0x0000000000006723      0x1df ./build/rpi3/debug/bl31/xlat_tables_context.o
 .debug_abbrev  0x0000000000006902      0x38c ./build/rpi3/debug/bl31/xlat_tables_core.o
 .debug_abbrev  0x0000000000006c8e      0x295 ./build/rpi3/debug/bl31/xlat_tables_utils.o
 .debug_abbrev  0x0000000000006f23       0x12 ./build/rpi3/debug/bl31/cortex_a53.o
 .debug_abbrev  0x0000000000006f35       0x12 ./build/rpi3/debug/bl31/plat_helpers.o
 .debug_abbrev  0x0000000000006f47       0x12 ./build/rpi3/debug/bl31/bl31_entrypoint.o
 .debug_abbrev  0x0000000000006f59       0x12 ./build/rpi3/debug/bl31/crash_reporting.o
 .debug_abbrev  0x0000000000006f6b       0x12 ./build/rpi3/debug/bl31/ea_delegate.o
 .debug_abbrev  0x0000000000006f7d       0x12 ./build/rpi3/debug/bl31/runtime_exceptions.o
 .debug_abbrev  0x0000000000006f8f       0x12 ./build/rpi3/debug/bl31/platform_mp_stack.o
 .debug_abbrev  0x0000000000006fa1       0x12 ./build/rpi3/debug/bl31/cpu_data.o
 .debug_abbrev  0x0000000000006fb3       0x12 ./build/rpi3/debug/bl31/cpu_helpers.o
 .debug_abbrev  0x0000000000006fc5       0x12 ./build/rpi3/debug/bl31/spinlock.o
 .debug_abbrev  0x0000000000006fd7       0x12 ./build/rpi3/debug/bl31/psci_helpers.o
 .debug_abbrev  0x0000000000006fe9       0x12 ./build/rpi3/debug/bl31/context.o
 .debug_abbrev  0x0000000000006ffb       0x12 ./build/rpi3/debug/bl31/opteed_helpers.o
 .debug_abbrev  0x000000000000700d       0x12 ./build/rpi3/debug/bl31/debug.o
 .debug_abbrev  0x000000000000701f       0x12 ./build/rpi3/debug/bl31/cache_helpers.o
 .debug_abbrev  0x0000000000007031       0x12 ./build/rpi3/debug/bl31/misc_helpers.o
 .debug_abbrev  0x0000000000007043       0x12 ./build/rpi3/debug/bl31/platform_helpers.o
 .debug_abbrev  0x0000000000007055       0x12 ./build/rpi3/debug/bl31/16550_console.o
 .debug_abbrev  0x0000000000007067       0x12 ./build/rpi3/debug/bl31/enable_mmu.o
 .debug_abbrev  0x0000000000007079       0xe3 ./build/rpi3/debug/lib/libc.a(assert.o)
 .debug_abbrev  0x000000000000715c       0xa1 ./build/rpi3/debug/lib/libc.a(memcpy.o)
 .debug_abbrev  0x00000000000071fd       0xc6 ./build/rpi3/debug/lib/libc.a(memmove.o)
 .debug_abbrev  0x00000000000072c3       0xa0 ./build/rpi3/debug/lib/libc.a(memset.o)
 .debug_abbrev  0x0000000000007363      0x240 ./build/rpi3/debug/lib/libc.a(printf.o)
 .debug_abbrev  0x00000000000075a3       0x9a ./build/rpi3/debug/lib/libc.a(putchar.o)

.debug_aranges  0x0000000000000000     0x2030
 .debug_aranges
                0x0000000000000000       0x20 ./build/rpi3/debug/bl31/build_message.o
 .debug_aranges
                0x0000000000000020       0x30 ./build/rpi3/debug/bl31/plat_psci_common.o
 .debug_aranges
                0x0000000000000050       0x70 ./build/rpi3/debug/bl31/rpi3_bl31_setup.o
 .debug_aranges
                0x00000000000000c0       0xb0 ./build/rpi3/debug/bl31/rpi3_pm.o
 .debug_aranges
                0x0000000000000170       0x40 ./build/rpi3/debug/bl31/rpi3_topology.o
 .debug_aranges
                0x00000000000001b0       0xd0 ./build/rpi3/debug/bl31/fdt.o
 .debug_aranges
                0x0000000000000280      0x270 ./build/rpi3/debug/bl31/fdt_ro.o
 .debug_aranges
                0x00000000000004f0      0x170 ./build/rpi3/debug/bl31/fdt_rw.o
 .debug_aranges
                0x0000000000000660       0xa0 ./build/rpi3/debug/bl31/bl31_main.o
 .debug_aranges
                0x0000000000000700       0x90 ./build/rpi3/debug/bl31/interrupt_mgmt.o
 .debug_aranges
                0x0000000000000790       0x60 ./build/rpi3/debug/bl31/bl31_context_mgmt.o
 .debug_aranges
                0x00000000000007f0       0x40 ./build/rpi3/debug/bl31/runtime_svc.o
 .debug_aranges
                0x0000000000000830       0x30 ./build/rpi3/debug/bl31/arm_arch_svc_setup.o
 .debug_aranges
                0x0000000000000860       0x40 ./build/rpi3/debug/bl31/std_svc_setup.o
 .debug_aranges
                0x00000000000008a0       0x20 ./build/rpi3/debug/bl31/cpu_data_array.o
 .debug_aranges
                0x00000000000008c0       0xe0 ./build/rpi3/debug/bl31/context_mgmt.o
 .debug_aranges
                0x00000000000009a0       0x40 ./build/rpi3/debug/bl31/errata_report.o
 .debug_aranges
                0x00000000000009e0       0x30 ./build/rpi3/debug/bl31/psci_off.o
 .debug_aranges
                0x0000000000000a10       0x40 ./build/rpi3/debug/bl31/psci_on.o
 .debug_aranges
                0x0000000000000a50       0x40 ./build/rpi3/debug/bl31/psci_suspend.o
 .debug_aranges
                0x0000000000000a90      0x170 ./build/rpi3/debug/bl31/psci_common.o
 .debug_aranges
                0x0000000000000c00       0xe0 ./build/rpi3/debug/bl31/psci_main.o
 .debug_aranges
                0x0000000000000ce0       0x50 ./build/rpi3/debug/bl31/psci_setup.o
 .debug_aranges
                0x0000000000000d30       0x50 ./build/rpi3/debug/bl31/psci_system_off.o
 .debug_aranges
                0x0000000000000d80       0x40 ./build/rpi3/debug/bl31/psci_mem_protect.o
 .debug_aranges
                0x0000000000000dc0       0x40 ./build/rpi3/debug/bl31/bakery_lock_coherent.o
 .debug_aranges
                0x0000000000000e00       0x60 ./build/rpi3/debug/bl31/spe.o
 .debug_aranges
                0x0000000000000e60       0x60 ./build/rpi3/debug/bl31/sve.o
 .debug_aranges
                0x0000000000000ec0       0x50 ./build/rpi3/debug/bl31/opteed_common.o
 .debug_aranges
                0x0000000000000f10       0x60 ./build/rpi3/debug/bl31/opteed_main.o
 .debug_aranges
                0x0000000000000f70       0xa0 ./build/rpi3/debug/bl31/opteed_pm.o
 .debug_aranges
                0x0000000000001010       0x50 ./build/rpi3/debug/bl31/bl_common.o
 .debug_aranges
                0x0000000000001060       0x40 ./build/rpi3/debug/bl31/tf_log.o
 .debug_aranges
                0x00000000000010a0       0xa0 ./build/rpi3/debug/bl31/multi_console.o
 .debug_aranges
                0x0000000000001140       0x30 ./build/rpi3/debug/bl31/plat_log_common.o
 .debug_aranges
                0x0000000000001170       0x50 ./build/rpi3/debug/bl31/plat_common.o
 .debug_aranges
                0x00000000000011c0       0x50 ./build/rpi3/debug/bl31/backtrace.o
 .debug_aranges
                0x0000000000001210       0x90 ./build/rpi3/debug/bl31/rpi3_common.o
 .debug_aranges
                0x00000000000012a0       0xe0 ./build/rpi3/debug/bl31/xlat_tables_arch.o
 .debug_aranges
                0x0000000000001380       0xc0 ./build/rpi3/debug/bl31/xlat_tables_context.o
 .debug_aranges
                0x0000000000001440       0x90 ./build/rpi3/debug/bl31/xlat_tables_core.o
 .debug_aranges
                0x00000000000014d0       0x70 ./build/rpi3/debug/bl31/xlat_tables_utils.o
 .debug_aranges
                0x0000000000001540      0x140 ./build/rpi3/debug/bl31/cortex_a53.o
 .debug_aranges
                0x0000000000001680       0xb0 ./build/rpi3/debug/bl31/plat_helpers.o
 .debug_aranges
                0x0000000000001730       0x40 ./build/rpi3/debug/bl31/bl31_entrypoint.o
 .debug_aranges
                0x0000000000001770       0xa0 ./build/rpi3/debug/bl31/crash_reporting.o
 .debug_aranges
                0x0000000000001810       0x80 ./build/rpi3/debug/bl31/ea_delegate.o
 .debug_aranges
                0x0000000000001890       0x40 ./build/rpi3/debug/bl31/runtime_exceptions.o
 .debug_aranges
                0x00000000000018d0       0x40 ./build/rpi3/debug/bl31/platform_mp_stack.o
 .debug_aranges
                0x0000000000001910       0x40 ./build/rpi3/debug/bl31/cpu_data.o
 .debug_aranges
                0x0000000000001950       0xe0 ./build/rpi3/debug/bl31/cpu_helpers.o
 .debug_aranges
                0x0000000000001a30       0x40 ./build/rpi3/debug/bl31/spinlock.o
 .debug_aranges
                0x0000000000001a70       0x50 ./build/rpi3/debug/bl31/psci_helpers.o
 .debug_aranges
                0x0000000000001ac0       0x70 ./build/rpi3/debug/bl31/context.o
 .debug_aranges
                0x0000000000001b30       0x40 ./build/rpi3/debug/bl31/opteed_helpers.o
 .debug_aranges
                0x0000000000001b70       0x70 ./build/rpi3/debug/bl31/debug.o
 .debug_aranges
                0x0000000000001be0       0xb0 ./build/rpi3/debug/bl31/cache_helpers.o
 .debug_aranges
                0x0000000000001c90       0xb0 ./build/rpi3/debug/bl31/misc_helpers.o
 .debug_aranges
                0x0000000000001d40       0xc0 ./build/rpi3/debug/bl31/platform_helpers.o
 .debug_aranges
                0x0000000000001e00       0xa0 ./build/rpi3/debug/bl31/16550_console.o
 .debug_aranges
                0x0000000000001ea0       0x50 ./build/rpi3/debug/bl31/enable_mmu.o
 .debug_aranges
                0x0000000000001ef0       0x30 ./build/rpi3/debug/lib/libc.a(assert.o)
 .debug_aranges
                0x0000000000001f20       0x30 ./build/rpi3/debug/lib/libc.a(memcpy.o)
 .debug_aranges
                0x0000000000001f50       0x30 ./build/rpi3/debug/lib/libc.a(memmove.o)
 .debug_aranges
                0x0000000000001f80       0x30 ./build/rpi3/debug/lib/libc.a(memset.o)
 .debug_aranges
                0x0000000000001fb0       0x50 ./build/rpi3/debug/lib/libc.a(printf.o)
 .debug_aranges
                0x0000000000002000       0x30 ./build/rpi3/debug/lib/libc.a(putchar.o)

.debug_line     0x0000000000000000     0xd4cf
 .debug_line    0x0000000000000000       0x28 ./build/rpi3/debug/bl31/build_message.o
 .debug_line    0x0000000000000028      0x128 ./build/rpi3/debug/bl31/plat_psci_common.o
 .debug_line    0x0000000000000150      0x3af ./build/rpi3/debug/bl31/rpi3_bl31_setup.o
 .debug_line    0x00000000000004ff      0x476 ./build/rpi3/debug/bl31/rpi3_pm.o
 .debug_line    0x0000000000000975      0x115 ./build/rpi3/debug/bl31/rpi3_topology.o
 .debug_line    0x0000000000000a8a      0x50c ./build/rpi3/debug/bl31/fdt.o
 .debug_line    0x0000000000000f96     0x107c ./build/rpi3/debug/bl31/fdt_ro.o
 .debug_line    0x0000000000002012      0xf30 ./build/rpi3/debug/bl31/fdt_rw.o
 .debug_line    0x0000000000002f42      0x3bd ./build/rpi3/debug/bl31/bl31_main.o
 .debug_line    0x00000000000032ff      0x3db ./build/rpi3/debug/bl31/interrupt_mgmt.o
 .debug_line    0x00000000000036da      0x259 ./build/rpi3/debug/bl31/bl31_context_mgmt.o
 .debug_line    0x0000000000003933      0x372 ./build/rpi3/debug/bl31/runtime_svc.o
 .debug_line    0x0000000000003ca5      0x153 ./build/rpi3/debug/bl31/arm_arch_svc_setup.o
 .debug_line    0x0000000000003df8      0x2d8 ./build/rpi3/debug/bl31/std_svc_setup.o
 .debug_line    0x00000000000040d0       0xc6 ./build/rpi3/debug/bl31/cpu_data_array.o
 .debug_line    0x0000000000004196      0x855 ./build/rpi3/debug/bl31/context_mgmt.o