
Discarded input sections

 .data          0x0000000000000000        0x0 arch/arm/cpu/armv8/start.o
 .bss           0x0000000000000000        0x0 arch/arm/cpu/armv8/start.o
 .text.sdelay   0x0000000000000000        0xc arch/arm/cpu/armv8/built-in.o
 .text.timer_read_counter
                0x0000000000000000        0xc arch/arm/cpu/armv8/built-in.o
 .text.usec2ticks
                0x0000000000000000       0x44 arch/arm/cpu/armv8/built-in.o
 .text.timer_get_boot_us
                0x0000000000000000       0x28 arch/arm/cpu/armv8/built-in.o
 .text.flush_dcache_all
                0x0000000000000000       0x14 arch/arm/cpu/armv8/built-in.o
 .text.arch_get_page_table
                0x0000000000000000       0x20 arch/arm/cpu/armv8/built-in.o
 .text.mmu_change_region_attr
                0x0000000000000000       0xe8 arch/arm/cpu/armv8/built-in.o
 .text.icache_status
                0x0000000000000000       0x34 arch/arm/cpu/armv8/built-in.o
 .text.armv8_switch_to_el1
                0x0000000000000000       0xd0 arch/arm/cpu/armv8/built-in.o
 .text.smc_call
                0x0000000000000000       0x44 arch/arm/cpu/armv8/built-in.o
 .text.psci_system_reset
                0x0000000000000000       0x20 arch/arm/cpu/armv8/built-in.o
 .text.psci_system_off
                0x0000000000000000       0x20 arch/arm/cpu/armv8/built-in.o
 .rodata.arch_get_page_table.str1.1
                0x0000000000000000       0x1e arch/arm/cpu/armv8/built-in.o
 .eh_frame      0x0000000000000000      0x4a4 arch/arm/cpu/armv8/built-in.o
 .data          0x0000000000000000        0x0 arch/arm/cpu/armv8/built-in.o
 .bss           0x0000000000000000        0x0 arch/arm/cpu/armv8/built-in.o
 .text.armv7_boot_nonsec_default
                0x0000000000000000        0x8 arch/arm/lib/built-in.o
 .text.enable_caches
                0x0000000000000000        0xc arch/arm/lib/built-in.o
 .text.invalidate_dcache_range
                0x0000000000000000        0x4 arch/arm/lib/built-in.o
 .text.flush_dcache_range
                0x0000000000000000        0x4 arch/arm/lib/built-in.o
 .text.flush_dcache_all
                0x0000000000000000        0xc arch/arm/lib/built-in.o
 .text.check_cache_range
                0x0000000000000000       0x3c arch/arm/lib/built-in.o
 .text.fdt_psci
                0x0000000000000000        0x8 arch/arm/lib/built-in.o
 .rodata.enable_caches.str1.1
                0x0000000000000000       0x1d arch/arm/lib/built-in.o
 .rodata.check_cache_range.str1.1
                0x0000000000000000       0x35 arch/arm/lib/built-in.o
 .eh_frame      0x0000000000000000      0x468 arch/arm/lib/built-in.o
 .data          0x0000000000000000        0x0 arch/arm/lib/built-in.o
 .__efi_runtime_rel_start
                0x0000000000000000        0x0 arch/arm/lib/built-in.o
 .__efi_runtime_rel_stop
                0x0000000000000000        0x0 arch/arm/lib/built-in.o
 .__efi_runtime_start
                0x0000000000000000        0x0 arch/arm/lib/built-in.o
 .__efi_runtime_stop
                0x0000000000000000        0x0 arch/arm/lib/built-in.o
 .__end         0x0000000000000000        0x0 arch/arm/lib/built-in.o
 .__secure_end  0x0000000000000000        0x0 arch/arm/lib/built-in.o
 .__secure_stack_end
                0x0000000000000000        0x0 arch/arm/lib/built-in.o
 .__secure_stack_start
                0x0000000000000000        0x0 arch/arm/lib/built-in.o
 .__secure_start
                0x0000000000000000        0x0 arch/arm/lib/built-in.o
 .bss           0x0000000000000000        0x0 arch/arm/lib/built-in.o
 .text          0x0000000000000000        0x0 arch/arm/mach-bcm283x/built-in.o
 .text.hw_watchdog_disable
                0x0000000000000000        0x4 arch/arm/mach-bcm283x/built-in.o
 .eh_frame      0x0000000000000000      0x22c arch/arm/mach-bcm283x/built-in.o
 .data          0x0000000000000000        0x0 arch/arm/mach-bcm283x/built-in.o
 .bss           0x0000000000000000        0x0 arch/arm/mach-bcm283x/built-in.o
 .text.board_fdt_blob_setup
                0x0000000000000000       0x20 board/raspberrypi/rpi/built-in.o
 .eh_frame      0x0000000000000000       0xdc board/raspberrypi/rpi/built-in.o
 .data          0x0000000000000000        0x0 board/raspberrypi/rpi/built-in.o
 .bss           0x0000000000000000        0x0 board/raspberrypi/rpi/built-in.o
 .text          0x0000000000000000        0x0 cmd/built-in.o
 .text.name_to_gpio
                0x0000000000000000       0x1c cmd/built-in.o
 .eh_frame      0x0000000000000000     0x2428 cmd/built-in.o
 .data          0x0000000000000000        0x0 cmd/built-in.o
 .bss           0x0000000000000000        0x0 cmd/built-in.o
 .text          0x0000000000000000        0x0 common/built-in.o
 .text.hash_finish_crc32
                0x0000000000000000       0x38 common/built-in.o
 .text.hash_finish_crc16_ccitt
                0x0000000000000000       0x38 common/built-in.o
 .text.hash_update_crc32
                0x0000000000000000       0x34 common/built-in.o
[...]
Memory Configuration

Name             Origin             Length             Attributes
*default*        0x0000000000000000 0xffffffffffffffff

Linker script and memory map

Address of section .text set to 0x11000000
                0x0000000000000000                . = 0x0
                0x0000000000000000                . = ALIGN (0x8)

.text           0x0000000011000000      0x114
 *(.__image_copy_start)
 .__image_copy_start
                0x0000000011000000        0x0 arch/arm/lib/built-in.o
                0x0000000011000000                __image_copy_start
 arch/arm/cpu/armv8/start.o(.text*)
 .text          0x0000000011000000      0x114 arch/arm/cpu/armv8/start.o
                0x0000000011000000                _start
                0x0000000011000008                _TEXT_BASE
                0x0000000011000010                _end_ofs
                0x0000000011000018                _bss_start_ofs
                0x0000000011000020                _bss_end_ofs
                0x000000001100002c                save_boot_params_ret
                0x000000001100008c                apply_core_errata
                0x00000000110000c8                lowlevel_init
                0x00000000110000d4                smp_kick_all_cpus
                0x00000000110000d8                c_runtime_cpu_setup

.efi_runtime    0x0000000011000118      0x968
                0x0000000011000118                __efi_runtime_start = .
 *(.text.efi_runtime*)
 .text.efi_runtime
                0x0000000011000118       0xb4 arch/arm/mach-bcm283x/built-in.o
                0x0000000011000118                reset_cpu
                0x000000001100016c                efi_reset_system
 .text.efi_runtime
                0x00000000110001cc      0x164 lib/built-in.o
                0x00000000110001d0                efi_get_time
                0x00000000110001f4                efi_update_capsule
                0x00000000110001fc                efi_query_capsule_caps
                0x0000000011000204                efi_query_variable_info
                0x000000001100020c                efi_update_table_header_crc32
                0x0000000011000240                crc32_no_comp
                0x0000000011000314                crc32
 .text.efi_runtime_relocate
                0x0000000011000330      0x12c lib/built-in.o
                0x0000000011000330                efi_runtime_relocate
 *(.rodata.efi_runtime*)
 .rodata.efi_runtime_relocate.str1.1
                0x000000001100045c       0x4e lib/built-in.o
 *fill*         0x00000000110004aa        0x6 
 .rodata.efi_runtime_detach_list
                0x00000000110004b0       0xa0 lib/built-in.o
 *(.data.efi_runtime*)
 .data.efi_runtime
                0x0000000011000550        0x8 arch/arm/mach-bcm283x/built-in.o
                0x0000000011000550                wdog_regs
 .data.efi_runtime
                0x0000000011000558      0x518 lib/built-in.o
                0x0000000011000558                systab
                0x00000000110005e8                efi_runtime_services
 .data.efi_runtime_mmio
                0x0000000011000a70       0x10 lib/built-in.o
                0x0000000011000a70                efi_runtime_mmio
                0x0000000011000a80                __efi_runtime_stop = .

.text_rest      0x0000000011001000    0x4eb6c
 *(.text*)
 .text          0x0000000011001000      0x390 arch/arm/cpu/armv8/built-in.o
                0x0000000011001000                vectors
 .text.cleanup_before_linux
                0x0000000011001390       0x28 arch/arm/cpu/armv8/built-in.o
                0x0000000011001390                cleanup_before_linux
 .text.get_tbclk
                0x00000000110013b8        0x8 arch/arm/cpu/armv8/built-in.o
                0x00000000110013b8                get_tbclk
 .text.get_ticks
                0x00000000110013c0       0x10 arch/arm/cpu/armv8/built-in.o
                0x00000000110013c0                get_ticks
 .text.count_required_pts
                0x00000000110013d0       0xf8 arch/arm/cpu/armv8/built-in.o
 .text.create_table
                0x00000000110014c8       0x70 arch/arm/cpu/armv8/built-in.o
 .text.split_block
                0x0000000011001538       0x90 arch/arm/cpu/armv8/built-in.o
 .text.get_tcr  0x00000000110015c8       0xe4 arch/arm/cpu/armv8/built-in.o
                0x00000000110015c8                get_tcr
 .text.find_pte
                0x00000000110016ac       0x8c arch/arm/cpu/armv8/built-in.o
 .text.set_one_region
                0x0000000011001738       0xd8 arch/arm/cpu/armv8/built-in.o
 .text.get_page_table_size
                0x0000000011001810       0x48 arch/arm/cpu/armv8/built-in.o
                0x0000000011001810                get_page_table_size
 .text.setup_pgtables
                0x0000000011001858      0x16c arch/arm/cpu/armv8/built-in.o
                0x0000000011001858                setup_pgtables
 .text.mmu_setup
                0x00000000110019c4      0x13c arch/arm/cpu/armv8/built-in.o
                0x00000000110019c4                mmu_setup
 .text.invalidate_dcache_all
                0x0000000011001b00       0x14 arch/arm/cpu/armv8/built-in.o
                0x0000000011001b00                invalidate_dcache_all
 .text.invalidate_dcache_range
                0x0000000011001b14        0x4 arch/arm/cpu/armv8/built-in.o
                0x0000000011001b14                invalidate_dcache_range
 .text.flush_dcache_range
                0x0000000011001b18        0x4 arch/arm/cpu/armv8/built-in.o
                0x0000000011001b18                flush_dcache_range
 .text.dcache_enable
                0x0000000011001b1c      0x110 arch/arm/cpu/armv8/built-in.o
                0x0000000011001b1c                dcache_enable
 .text.dcache_disable
                0x0000000011001c2c       0x84 arch/arm/cpu/armv8/built-in.o
                0x0000000011001c2c                dcache_disable
 .text.dcache_status
                0x0000000011001cb0       0x34 arch/arm/cpu/armv8/built-in.o
                0x0000000011001cb0                dcache_status
 .text.mmu_set_region_dcache_behaviour
                0x0000000011001ce4       0xa8 arch/arm/cpu/armv8/built-in.o
                0x0000000011001ce4                mmu_set_region_dcache_behaviour
 .text.icache_disable
                0x0000000011001d8c       0x64 arch/arm/cpu/armv8/built-in.o
                0x0000000011001d8c                icache_disable
 .text.invalidate_icache_all
                0x0000000011001df0       0x14 arch/arm/cpu/armv8/built-in.o
                0x0000000011001df0                invalidate_icache_all
 .text.icache_enable
                0x0000000011001e04       0x74 arch/arm/cpu/armv8/built-in.o
                0x0000000011001e04                icache_enable
 .text.enable_caches
                0x0000000011001e78       0x14 arch/arm/cpu/armv8/built-in.o
                0x0000000011001e78                enable_caches
 .text.__asm_dcache_level
                0x0000000011001e8c       0x64 arch/arm/cpu/armv8/built-in.o
                0x0000000011001e8c                __asm_dcache_level
 .text.__asm_dcache_all
                0x0000000011001ef0       0x60 arch/arm/cpu/armv8/built-in.o
                0x0000000011001ef0                __asm_dcache_all
 .text.__asm_flush_dcache_all
                0x0000000011001f50        0x8 arch/arm/cpu/armv8/built-in.o
                0x0000000011001f50                __asm_flush_dcache_all
 .text.__asm_invalidate_dcache_all
                0x0000000011001f58        0x8 arch/arm/cpu/armv8/built-in.o
                0x0000000011001f58                __asm_invalidate_dcache_all
 .text.__asm_flush_dcache_range
                0x0000000011001f60       0x34 arch/arm/cpu/armv8/built-in.o
                0x0000000011001f60                __asm_flush_dcache_range
 .text.__asm_invalidate_dcache_range
                0x0000000011001f94       0x30 arch/arm/cpu/armv8/built-in.o
                0x0000000011001f94                __asm_invalidate_dcache_range
 .text.__asm_invalidate_icache_all
                0x0000000011001fc4        0xc arch/arm/cpu/armv8/built-in.o
                0x0000000011001fc4                __asm_invalidate_icache_all
 .text.__asm_invalidate_l3_dcache
                0x0000000011001fd0        0x8 arch/arm/cpu/armv8/built-in.o
                0x0000000011001fd0                __asm_invalidate_l3_dcache
 .text.__asm_flush_l3_dcache
                0x0000000011001fd8        0x8 arch/arm/cpu/armv8/built-in.o
                0x0000000011001fd8                __asm_flush_l3_dcache
 .text.__asm_invalidate_l3_icache
                0x0000000011001fe0        0x8 arch/arm/cpu/armv8/built-in.o
                0x0000000011001fe0                __asm_invalidate_l3_icache
 .text.__asm_switch_ttbr
                0x0000000011001fe8       0xe0 arch/arm/cpu/armv8/built-in.o
                0x0000000011001fe8                __asm_switch_ttbr
 .text.__asm_invalidate_tlb_all
                0x00000000110020c8       0x4c arch/arm/cpu/armv8/built-in.o
                0x00000000110020c8                __asm_invalidate_tlb_all
 *fill*         0x0000000011002114        0x4 
 .text.armv8_switch_to_el2
                0x0000000011002118       0xb8 arch/arm/cpu/armv8/built-in.o
                0x0000000011002118                armv8_switch_to_el2
 .text.armv8_el2_to_aarch32
                0x00000000110021d0        0x4 arch/arm/cpu/armv8/built-in.o
                0x00000000110021d0                armv8_el2_to_aarch32
 *fill*         0x00000000110021d4        0x4 
 .text          0x00000000110021d8      0x140 arch/arm/lib/built-in.o
                0x00000000110021d8                _main
                0x0000000011002258                relocate_code
 .text.setjmp   0x0000000011002318       0x28 arch/arm/lib/built-in.o
                0x0000000011002318                setjmp
 .text.longjmp  0x0000000011002340       0x2c arch/arm/lib/built-in.o
                0x0000000011002340                longjmp
 .text.arch_fixup_fdt
                0x000000001100236c       0x2c arch/arm/lib/built-in.o
                0x000000001100236c                arch_fixup_fdt
 .text.setup_initrd_tag.isra.0
                0x0000000011002398       0x40 arch/arm/lib/built-in.o
 .text.arch_lmb_reserve
                0x00000000110023d8       0x40 arch/arm/lib/built-in.o
                0x00000000110023d8                arch_lmb_reserve
 .text.board_quiesce_devices
                0x0000000011002418        0x4 arch/arm/lib/built-in.o
                0x0000000011002418                board_quiesce_devices
 .text.setup_board_tags
                0x000000001100241c        0x4 arch/arm/lib/built-in.o
                0x000000001100241c                setup_board_tags
 .text.boot_prep_linux
                0x0000000011002420      0x18c arch/arm/lib/built-in.o
 .text.update_os_arch_secondary_cores
                0x00000000110025ac        0x4 arch/arm/lib/built-in.o
                0x00000000110025ac                update_os_arch_secondary_cores
 .text.boot_jump_linux
                0x00000000110025b0       0xc0 arch/arm/lib/built-in.o
 .text.do_bootm_linux
                0x0000000011002670       0x7c arch/arm/lib/built-in.o
                0x0000000011002670                do_bootm_linux
 .text.boot_prep_vxworks
                0x00000000110026ec       0x50 arch/arm/lib/built-in.o
                0x00000000110026ec                boot_prep_vxworks
 .text.boot_jump_vxworks
                0x000000001100273c       0x10 arch/arm/lib/built-in.o
                0x000000001100273c                boot_jump_vxworks
 .text.booti_setup
                0x000000001100274c       0xb8 arch/arm/lib/built-in.o
                0x000000001100274c                booti_setup
 .text.arch_reserve_stacks
                0x0000000011002804       0x10 arch/arm/lib/built-in.o
                0x0000000011002804                arch_reserve_stacks
 .text.interrupt_init
                0x0000000011002814        0x8 arch/arm/lib/built-in.o
                0x0000000011002814                interrupt_init
 .text.enable_interrupts
                0x000000001100281c        0x4 arch/arm/lib/built-in.o
                0x000000001100281c                enable_interrupts
 .text.disable_interrupts
                0x0000000011002820        0x8 arch/arm/lib/built-in.o
                0x0000000011002820                disable_interrupts
 .text.show_regs
                0x0000000011002828       0x9c arch/arm/lib/built-in.o
                0x0000000011002828                show_regs
 .text.do_bad_sync
                0x00000000110028c4       0x3c arch/arm/lib/built-in.o
                0x00000000110028c4                do_bad_sync
 .text.do_bad_irq
                0x0000000011002900       0x3c arch/arm/lib/built-in.o
                0x0000000011002900                do_bad_irq
 .text.do_bad_fiq
                0x000000001100293c       0x3c arch/arm/lib/built-in.o
                0x000000001100293c                do_bad_fiq
 .text.do_bad_error
                0x0000000011002978       0x3c arch/arm/lib/built-in.o
                0x0000000011002978                do_bad_error
 .text.do_sync  0x00000000110029b4       0x3c arch/arm/lib/built-in.o
                0x00000000110029b4                do_sync
 .text.do_irq   0x00000000110029f0       0x3c arch/arm/lib/built-in.o
                0x00000000110029f0                do_irq
 .text.do_fiq   0x0000000011002a2c       0x3c arch/arm/lib/built-in.o
                0x0000000011002a2c                do_fiq
 .text.do_error
                0x0000000011002a68       0x3c arch/arm/lib/built-in.o
                0x0000000011002a68                do_error
 .text.reset_misc
                0x0000000011002aa4        0x4 arch/arm/lib/built-in.o
                0x0000000011002aa4                reset_misc
 .text.do_reset
                0x0000000011002aa8       0x38 arch/arm/lib/built-in.o
                0x0000000011002aa8                do_reset
 .text.flush_cache
                0x0000000011002ae0        0x8 arch/arm/lib/built-in.o
                0x0000000011002ae0                flush_cache
 .text.arch_cpu_init
                0x0000000011002ae8       0x18 arch/arm/mach-bcm283x/built-in.o
                0x0000000011002ae8                arch_cpu_init
 .text.efi_reset_system_init
                0x0000000011002b00       0x10 arch/arm/mach-bcm283x/built-in.o
                0x0000000011002b00                efi_reset_system_init
 .text.bcm2835_mbox_call_raw
                0x0000000011002b10      0x138 arch/arm/mach-bcm283x/built-in.o
                0x0000000011002b10                bcm2835_mbox_call_raw
 .text.bcm2835_mbox_call_prop
                0x0000000011002c48      0x100 arch/arm/mach-bcm283x/built-in.o
                0x0000000011002c48                bcm2835_mbox_call_prop
 .text.bcm2835_power_on_module
                0x0000000011002d48       0x80 arch/arm/mach-bcm283x/built-in.o
                0x0000000011002d48                bcm2835_power_on_module
 .text.bcm2835_get_mmc_clock
                0x0000000011002dc8       0x90 arch/arm/mach-bcm283x/built-in.o
                0x0000000011002dc8                bcm2835_get_mmc_clock
 .text.bcm2835_get_video_size
                0x0000000011002e58       0x98 arch/arm/mach-bcm283x/built-in.o
                0x0000000011002e58                bcm2835_get_video_size
 .text.bcm2835_set_video_params
                0x0000000011002ef0      0x1ac arch/arm/mach-bcm283x/built-in.o
                0x0000000011002ef0                bcm2835_set_video_params
 .text.phys_to_bus
                0x000000001100309c        0x8 arch/arm/mach-bcm283x/built-in.o
                0x000000001100309c                phys_to_bus
 .text.bus_to_phys
                0x00000000110030a4        0x8 arch/arm/mach-bcm283x/built-in.o
                0x00000000110030a4                bus_to_phys
 *fill*         0x00000000110030ac       0x54 
 .text          0x0000000011003100       0x14 board/raspberrypi/rpi/built-in.o
                0x0000000011003100                fw_dtb_pointer
                0x0000000011003108                save_boot_params
 .text.dram_init
                0x0000000011003114       0x7c board/raspberrypi/rpi/built-in.o
                0x0000000011003114                dram_init
 .text.board_get_usable_ram_top
                0x0000000011003190       0x2c board/raspberrypi/rpi/built-in.o
                0x0000000011003190                board_get_usable_ram_top
 .text.misc_init_r
                0x00000000110031bc      0x264 board/raspberrypi/rpi/built-in.o
                0x00000000110031bc                misc_init_r
 .text.board_init
                0x0000000011003420      0x13c board/raspberrypi/rpi/built-in.o
                0x0000000011003420                board_init
 .text.ft_board_setup
                0x000000001100355c       0x2c board/raspberrypi/rpi/built-in.o
                0x000000001100355c                ft_board_setup
 .text.do_go_exec
                0x0000000011003588       0x10 cmd/built-in.o
                0x0000000011003588                do_go_exec
 .text.do_go    0x0000000011003598       0x88 cmd/built-in.o
 .text.do_bootm
                0x0000000011003620      0x104 cmd/built-in.o
                0x0000000011003620                do_bootm
 .text.do_bootd
                0x0000000011003724       0x2c cmd/built-in.o
                0x0000000011003724                do_bootd
 .text.image_info
                0x0000000011003750       0xdc cmd/built-in.o
 .text.do_iminfo
                0x000000001100382c       0x7c cmd/built-in.o
 .text.bootm_maybe_autostart
                0x00000000110038a8       0x74 cmd/built-in.o
                0x00000000110038a8                bootm_maybe_autostart
 .text.do_help  0x000000001100391c       0x44 cmd/built-in.o
 .text.do_version
                0x0000000011003960       0x40 cmd/built-in.o
 .text.blk_common_cmd
                0x00000000110039a0      0x330 cmd/built-in.o
                0x00000000110039a0                blk_common_cmd
 .text.source   0x0000000011003cd0       0xf4 cmd/built-in.o
                0x0000000011003cd0                source
 .text.do_source
                0x0000000011003dc4       0x54 cmd/built-in.o
 .text.print_num
                0x0000000011003e18       0x18 cmd/built-in.o
 .text.do_bdinfo
                0x0000000011003e30      0x104 cmd/built-in.o
 .text.do_blkcache
                0x0000000011003f34       0x84 cmd/built-in.o
 .text.blkc_configure
                0x0000000011003fb8       0x78 cmd/built-in.o
 .text.blkc_show
                0x0000000011004030       0x34 cmd/built-in.o
 .text.efi_do_enter
                0x0000000011004064       0x5c cmd/built-in.o
 .text.efi_install_fdt
                0x00000000110040c0      0x1f8 cmd/built-in.o
 .text.efi_run_in_el2
                0x00000000110042b8       0x3c cmd/built-in.o
 .text.do_bootefi_exec
                0x00000000110042f4      0x29c cmd/built-in.o
 .text.efi_init_obj_list
                0x0000000011004590       0x7c cmd/built-in.o
                0x0000000011004590                efi_init_obj_list
 .text.allow_unaligned
                0x000000001100460c        0x4 cmd/built-in.o
                0x000000001100460c                allow_unaligned
 .text.do_bootefi
                0x0000000011004610      0x160 cmd/built-in.o
 .text.efi_set_bootdev
                0x0000000011004770       0x84 cmd/built-in.o
                0x0000000011004770                efi_set_bootdev
 .text.do_booti
                0x00000000110047f4      0x110 cmd/built-in.o
                0x00000000110047f4                do_booti
 .text.do_coninfo
                0x0000000011004904       0xdc cmd/built-in.o
 .text.do_dm_dump_devres
                0x00000000110049e0        0x8 cmd/built-in.o
 .text.do_dm    0x00000000110049e8       0x94 cmd/built-in.o
 .text.do_dm_dump_uclass
                0x0000000011004a7c       0x18 cmd/built-in.o
 .text.do_dm_dump_all
                0x0000000011004a94       0x18 cmd/built-in.o
 .text.do_echo  0x0000000011004aac       0xd4 cmd/built-in.o
 .text.load_elf_image_phdr
                0x0000000011004b80      0x120 cmd/built-in.o
 .text.valid_elf_image
                0x0000000011004ca0       0x58 cmd/built-in.o
                0x0000000011004ca0                valid_elf_image
 .text.do_bootelf
                0x0000000011004cf8      0x290 cmd/built-in.o
                0x0000000011004cf8                do_bootelf
 .text.do_bootvx
                0x0000000011004f88      0x334 cmd/built-in.o
                0x0000000011004f88                do_bootvx
 .text.do_exit  0x00000000110052bc       0x40 cmd/built-in.o
 .text.do_ext4_size
                0x00000000110052fc        0x8 cmd/built-in.o
                0x00000000110052fc                do_ext4_size
 .text.do_ext4_load
                0x0000000011005304        0x8 cmd/built-in.o
                0x0000000011005304                do_ext4_load
 .text.do_ext4_ls
                0x000000001100530c        0x8 cmd/built-in.o
                0x000000001100530c                do_ext4_ls
 .text.do_ext2load
                0x0000000011005314        0x8 cmd/built-in.o
                0x0000000011005314                do_ext2load
 .text.do_ext2ls
                0x000000001100531c        0x8 cmd/built-in.o
 .text.do_fat_size
                0x0000000011005324        0x8 cmd/built-in.o
                0x0000000011005324                do_fat_size
 .text.do_fat_fsload
                0x000000001100532c        0x8 cmd/built-in.o
                0x000000001100532c                do_fat_fsload
 .text.do_fat_ls
                0x0000000011005334        0x8 cmd/built-in.o
 .text.do_fat_fsinfo
                0x000000001100533c       0x94 cmd/built-in.o
 .text.do_fat_fswrite
                0x00000000110053d0      0x148 cmd/built-in.o
 .text.do_fat_rm
                0x0000000011005518        0x8 cmd/built-in.o
 .text.do_fat_mkdir
                0x0000000011005520        0x8 cmd/built-in.o
 .text.fdt_valid
                0x0000000011005528       0xcc cmd/built-in.o
 .text.is_printable_string
                0x00000000110055f4       0x84 cmd/built-in.o
 .text.print_data
                0x0000000011005678      0x1bc cmd/built-in.o
 .text.set_working_fdt_addr
                0x0000000011005834       0x18 cmd/built-in.o
                0x0000000011005834                set_working_fdt_addr
 .text.do_fdt   0x000000001100584c     0x1018 cmd/built-in.o
 .text.do_size_wrapper
                0x0000000011006864        0x8 cmd/built-in.o
 .text.do_load_wrapper
                0x000000001100686c       0x80 cmd/built-in.o
 .text.do_save_wrapper
                0x00000000110068ec        0x8 cmd/built-in.o
 .text.do_ls_wrapper
                0x00000000110068f4        0x8 cmd/built-in.o
 .text.do_fstype_wrapper
                0x00000000110068fc        0x4 cmd/built-in.o
 .text.gpio_get_description
                0x0000000011006900       0xcc cmd/built-in.o
 .text.do_gpio  0x00000000110069cc      0x350 cmd/built-in.o
 .text.evalexp  0x0000000011006d1c       0x94 cmd/built-in.o
 .text.evalstr  0x0000000011006db0       0x5c cmd/built-in.o
 .text.binary_test
                0x0000000011006e0c      0x198 cmd/built-in.o
 .text.do_itest
                0x0000000011006fa4       0x8c cmd/built-in.o
 .text.bin_data_init
                0x0000000011007030       0x1c cmd/built-in.o
 .text.k_data_save
                0x000000001100704c       0x34 cmd/built-in.o
 .text.k_data_restore
                0x0000000011007080       0x34 cmd/built-in.o
 .text.getcxmodem
                0x00000000110070b4       0x24 cmd/built-in.o
 .text.load_serial_ymodem
                0x00000000110070d8       0xf0 cmd/built-in.o
 .text.bin_data_char
                0x00000000110071c8       0x28 cmd/built-in.o
 .text.chk1.constprop.0
                0x00000000110071f0       0x34 cmd/built-in.o
 .text.s1_sendpacket.constprop.0
                0x0000000011007224       0x5c cmd/built-in.o
 .text.load_serial
                0x0000000011007280      0x1d4 cmd/built-in.o
 .text.do_load_serial
                0x0000000011007454       0xe0 cmd/built-in.o
 .text.do_load_serial_bin
                0x0000000011007534      0x79c cmd/built-in.o
 .text.do_mem_md
                0x0000000011007cd0       0xf4 cmd/built-in.o
 .text.do_mem_base
                0x0000000011007dc4       0x4c cmd/built-in.o
 .text.do_mem_crc
                0x0000000011007e10       0x30 cmd/built-in.o
 .text.do_mem_loop
                0x0000000011007e40      0x128 cmd/built-in.o
 .text.do_mem_cmp
                0x0000000011007f68      0x1a4 cmd/built-in.o
 .text.mod_mem.isra.0.part.0
                0x000000001100810c      0x1b4 cmd/built-in.o
 .text.do_mem_mm
                0x00000000110082c0       0x1c cmd/built-in.o
 .text.do_mem_mw
                0x00000000110082dc      0x108 cmd/built-in.o
 .text.do_mem_cp
                0x00000000110083e4       0xc0 cmd/built-in.o
 .text.do_mem_nm
                0x00000000110084a4       0x1c cmd/built-in.o
 .text.extract_range
                0x00000000110084c0       0xfc cmd/built-in.o
 .text.do_mii   0x00000000110085bc      0x8f0 cmd/built-in.o
 .text.do_mdio  0x0000000011008eac      0x49c cmd/built-in.o
 .text.do_sleep
                0x0000000011009348       0xe8 cmd/built-in.o
 .text.do_mmcops
                0x0000000011009430       0xe8 cmd/built-in.o
 .text.init_mmc_device
                0x0000000011009518       0x84 cmd/built-in.o
 .text.do_mmc_rescan
                0x000000001100959c       0x28 cmd/built-in.o
 .text.do_mmc_hwpartition
                0x00000000110095c4      0x4e8 cmd/built-in.o
 .text.do_mmc_list
                0x0000000011009aac       0x1c cmd/built-in.o
 .text.do_mmc_dev
                0x0000000011009ac8      0x14c cmd/built-in.o
 .text.do_mmcinfo
                0x0000000011009c14      0x3b4 cmd/built-in.o
 .text.do_mmc_setdsr
                0x0000000011009fc8       0xbc cmd/built-in.o
 .text.do_mmc_part
                0x000000001100a084       0x64 cmd/built-in.o
 .text.do_mmc_erase
                0x000000001100a0e8      0x104 cmd/built-in.o
 .text.do_mmc_write
                0x000000001100a1ec      0x124 cmd/built-in.o
 .text.do_mmc_read
                0x000000001100a310       0xfc cmd/built-in.o
 .text.netboot_common
                0x000000001100a40c      0x2bc cmd/built-in.o
 .text.do_bootp
                0x000000001100a6c8        0xc cmd/built-in.o
 .text.do_dhcp  0x000000001100a6d4        0xc cmd/built-in.o
 .text.do_nfs   0x000000001100a6e0        0xc cmd/built-in.o
 .text.do_tftpb
                0x000000001100a6ec       0x58 cmd/built-in.o
                0x000000001100a6ec                do_tftpb
 .text.do_ping  0x000000001100a744       0x7c cmd/built-in.o
 .text.do_part_list
                0x000000001100a7c0      0x18c cmd/built-in.o
 .text.do_part_info
                0x000000001100a94c      0x10c cmd/built-in.o
 .text.do_part  0x000000001100aa58      0x110 cmd/built-in.o
 .text.do_pinmux
                0x000000001100ab68       0x80 cmd/built-in.o
 .text.do_list  0x000000001100abe8       0xa0 cmd/built-in.o
 .text.show_pinmux
                0x000000001100ac88       0xec cmd/built-in.o
 .text.do_status
                0x000000001100ad74       0xfc cmd/built-in.o
 .text.do_dev   0x000000001100ae70       0x90 cmd/built-in.o
 .text.eol_or_eof
                0x000000001100af00       0x24 cmd/built-in.o
 .text.do_pxe   0x000000001100af24       0x90 cmd/built-in.o
 .text.label_print
                0x000000001100afb4       0x1c cmd/built-in.o
 .text.do_get_tftp
                0x000000001100afd0       0x3c cmd/built-in.o
 .text.from_env
                0x000000001100b00c       0x3c cmd/built-in.o
 .text.get_string
                0x000000001100b048       0xe0 cmd/built-in.o
 .text.label_destroy
                0x000000001100b128       0x74 cmd/built-in.o
 .text.destroy_pxe_menu
                0x000000001100b19c       0x68 cmd/built-in.o
 .text.get_token
                0x000000001100b204      0x12c cmd/built-in.o
 .text.parse_sliteral
                0x000000001100b330       0x6c cmd/built-in.o
 .text.parse_integer
                0x000000001100b39c       0x84 cmd/built-in.o
 .text.do_get_any
                0x000000001100b420       0x44 cmd/built-in.o
 .text.do_get_fat
                0x000000001100b464       0x40 cmd/built-in.o
 .text.do_get_ext2
                0x000000001100b4a4       0x40 cmd/built-in.o
 .text.get_relfile
                0x000000001100b4e4      0x138 cmd/built-in.o
 .text.get_pxe_file
                0x000000001100b61c       0x60 cmd/built-in.o
 .text.handle_include
                0x000000001100b67c       0xc4 cmd/built-in.o
 .text.parse_pxefile_top
                0x000000001100b740      0x43c cmd/built-in.o
 .text.parse_pxefile
                0x000000001100bb7c       0x7c cmd/built-in.o
 .text.get_pxelinux_path
                0x000000001100bbf8       0x98 cmd/built-in.o
 .text.get_relfile_envaddr
                0x000000001100bc90       0x5c cmd/built-in.o
 .text.format_mac_pxe.constprop.0
                0x000000001100bcec       0x6c cmd/built-in.o
 .text.do_pxe_get
                0x000000001100bd58      0x168 cmd/built-in.o
 .text.label_boot
                0x000000001100bec0      0x5f0 cmd/built-in.o
 .text.handle_pxe_menu
                0x000000001100c4b0      0x17c cmd/built-in.o
 .text.do_pxe_boot
                0x000000001100c62c       0xf0 cmd/built-in.o
 .text.do_sysboot
                0x000000001100c71c      0x1fc cmd/built-in.o
 .text.substitute
                0x000000001100c918      0x118 cmd/built-in.o
 .text.get_arg  0x000000001100ca30       0x70 cmd/built-in.o
 .text.regex_sub.part.0
                0x000000001100caa0      0x2c4 cmd/built-in.o
 .text.do_setexpr
                0x000000001100cd64      0x1a4 cmd/built-in.o
 .text.do_false
                0x000000001100cf08        0x8 cmd/built-in.o
 .text.do_true  0x000000001100cf10        0x8 cmd/built-in.o
 .text.do_test  0x000000001100cf18      0x35c cmd/built-in.o
 .text.do_unzip
                0x000000001100d274       0xbc cmd/built-in.o
 .text.do_gzwrite
                0x000000001100d330      0x118 cmd/built-in.o
 .text.do_lzmadec
                0x000000001100d448       0xbc cmd/built-in.o
 .text.usb_get_class_desc
                0x000000001100d504       0xac cmd/built-in.o
 .text.usb_display_class_sub
                0x000000001100d5b0      0x18c cmd/built-in.o
 .text.usb_display_desc
                0x000000001100d73c      0x14c cmd/built-in.o
 .text.usb_show_tree_graph
                0x000000001100d888      0x230 cmd/built-in.o
 .text.usb_show_subtree
                0x000000001100dab8       0x38 cmd/built-in.o
 .text.usb_for_each_root_dev
                0x000000001100daf0       0x68 cmd/built-in.o
 .text.usb_display_string
                0x000000001100db58       0x4c cmd/built-in.o
 .text.usb_display_config
                0x000000001100dba4      0x254 cmd/built-in.o
 .text.usb_show_info
                0x000000001100ddf8       0x78 cmd/built-in.o
 .text.usb_find_device
                0x000000001100de70       0xb0 cmd/built-in.o
 .text.do_usbboot
                0x000000001100df20        0xc cmd/built-in.o
 .text.do_usb_start
                0x000000001100df2c       0x30 cmd/built-in.o
 .text.usb_show_tree
                0x000000001100df5c        0xc cmd/built-in.o
                0x000000001100df5c                usb_show_tree
 .text.do_usb   0x000000001100df68      0x3ec cmd/built-in.o
 .text.common_diskboot
                0x000000001100e354      0x23c cmd/built-in.o
                0x000000001100e354                common_diskboot
 .text.do_fs_uuid_wrapper
                0x000000001100e590        0x8 cmd/built-in.o
 .text.do_imgextract
                0x000000001100e598      0x2a0 cmd/built-in.o
 .text.do_env_delete
                0x000000001100e838       0xc4 cmd/built-in.o
 .text.do_env_save
                0x000000001100e8fc       0x1c cmd/built-in.o
 .text.do_env   0x000000001100e918       0x84 cmd/built-in.o
 .text.env_print
                0x000000001100e99c       0xc4 cmd/built-in.o
 .text.do_env_print
                0x000000001100ea60       0xe0 cmd/built-in.o
 .text.do_env_import
                0x000000001100eb40      0x28c cmd/built-in.o
 .text.do_env_default
                0x000000001100edcc       0x98 cmd/built-in.o
 .text.do_env_exists
                0x000000001100ee64       0x60 cmd/built-in.o
 .text._do_env_set.isra.0
                0x000000001100eec4      0x1b8 cmd/built-in.o
 .text.do_env_set
                0x000000001100f07c       0x20 cmd/built-in.o
 .text.get_env_id
                0x000000001100f09c        0xc cmd/built-in.o
                0x000000001100f09c                get_env_id
 .text.env_set  0x000000001100f0a8       0x58 cmd/built-in.o
                0x000000001100f0a8                env_set
 .text.env_set_ulong
                0x000000001100f100       0x2c cmd/built-in.o
                0x000000001100f100                env_set_ulong
 .text.env_set_hex
                0x000000001100f12c       0x3c cmd/built-in.o
                0x000000001100f12c                env_set_hex
 .text.do_env_export
                0x000000001100f168      0x21c cmd/built-in.o
 .text.eth_parse_enetaddr
                0x000000001100f384       0x70 cmd/built-in.o
                0x000000001100f384                eth_parse_enetaddr
 .text.envmatch
                0x000000001100f3f4       0x7c cmd/built-in.o
                0x000000001100f3f4                envmatch
 .text.env_get_f
                0x000000001100f470      0x100 cmd/built-in.o
                0x000000001100f470                env_get_f
 .text.env_get  0x000000001100f570       0x70 cmd/built-in.o
                0x000000001100f570                env_get
 .text.env_get_hex
                0x000000001100f5e0       0x44 cmd/built-in.o
                0x000000001100f5e0                env_get_hex
 .text.eth_env_get_enetaddr
                0x000000001100f624       0x68 cmd/built-in.o
                0x000000001100f624                eth_env_get_enetaddr
 .text.eth_env_set_enetaddr
                0x000000001100f68c       0x54 cmd/built-in.o
                0x000000001100f68c                eth_env_set_enetaddr
 .text.env_get_ulong
                0x000000001100f6e0       0x40 cmd/built-in.o
                0x000000001100f6e0                env_get_ulong
 .text.do_env_edit.part.0
                0x000000001100f720       0xb4 cmd/built-in.o
 .text.do_env_edit
                0x000000001100f7d4       0x28 cmd/built-in.o
 .text.board_init_f_alloc_reserve
                0x000000001100f7fc       0x10 common/built-in.o
                0x000000001100f7fc                board_init_f_alloc_reserve
 .text.board_init_f_init_reserve
                0x000000001100f80c       0x30 common/built-in.o
                0x000000001100f80c                board_init_f_init_reserve
 .text.show_boot_progress
                0x000000001100f83c        0x8 common/built-in.o
                0x000000001100f83c                show_boot_progress
 .text.main_loop
                0x000000001100f844       0x68 common/built-in.o
                0x000000001100f844                main_loop
 .text.mdelay   0x000000001100f8ac        0xc common/built-in.o
 .text.dummy    0x000000001100f8b8        0x4 common/built-in.o
 .text.get_version
                0x000000001100f8bc        0x8 common/built-in.o
                0x000000001100f8bc                get_version
 .text.jumptable_init
                0x000000001100f8c4      0x1e8 common/built-in.o
                0x000000001100f8c4                jumptable_init
 .text.hash_command
                0x000000001100faac       0xd0 common/built-in.o
                0x000000001100faac                hash_command
 .text.b_reset  0x000000001100fb7c       0x18 common/built-in.o
 .text.static_get
                0x000000001100fb94       0x1c common/built-in.o
 .text.static_peek
                0x000000001100fbb0        0xc common/built-in.o
 .text.mapset   0x000000001100fbbc       0x20 common/built-in.o
 .text.syntax_err
                0x000000001100fbdc        0xc common/built-in.o
 .text.free_pipe_list
                0x000000001100fbe8       0xf0 common/built-in.o
 .text.xmalloc  0x000000001100fcd8       0x28 common/built-in.o
 .text.new_pipe
                0x000000001100fd00       0x24 common/built-in.o
 .text.xrealloc
                0x000000001100fd24       0x28 common/built-in.o
 .text.done_command
                0x000000001100fd4c       0x94 common/built-in.o
 .text.done_pipe
                0x000000001100fde0       0x58 common/built-in.o
 .text.done_word
                0x000000001100fe38      0x2a0 common/built-in.o
 .text.is_assignment
                0x00000000110100d8       0x50 common/built-in.o
 .text.file_get
                0x0000000011010128      0x1e4 common/built-in.o
 .text.do_showvar
                0x000000001101030c      0x10c common/built-in.o
 .text.b_addchr
                0x0000000011010418       0x94 common/built-in.o
 .text.b_addqchr
                0x00000000110104ac       0x58 common/built-in.o
 .text.file_peek
                0x0000000011010504        0xc common/built-in.o
 .text.get_local_var
                0x0000000011010510       0x9c common/built-in.o
                0x0000000011010510                get_local_var
 .text.set_local_var
                0x00000000110105ac      0x1a0 common/built-in.o
                0x00000000110105ac                set_local_var
 .text.insert_var_value_sub
                0x000000001101074c      0x2b8 common/built-in.o
 .text.parse_string_outer
                0x0000000011010a04       0xe4 common/built-in.o
                0x0000000011010a04                parse_string_outer
 .text.run_list_real
                0x0000000011010ae8      0x724 common/built-in.o
 .text.parse_stream_outer
                0x000000001101120c      0x670 common/built-in.o
 .text.parse_file_outer
                0x000000001101187c       0x40 common/built-in.o
                0x000000001101187c                parse_file_outer
 .text.u_boot_hush_start
                0x00000000110118bc       0x58 common/built-in.o
                0x00000000110118bc                u_boot_hush_start
 .text.bootdelay_process
                0x0000000011011914       0xd4 common/built-in.o
                0x0000000011011914                bootdelay_process
 .text.autoboot_command
                0x00000000110119e8      0x114 common/built-in.o
                0x00000000110119e8                autoboot_command
 .text.log_init
                0x0000000011011afc       0x10 common/built-in.o
 .text.display_text_info
                0x0000000011011b0c        0x8 common/built-in.o
 .text.setup_mon_len
                0x0000000011011b14       0x20 common/built-in.o
 .text.reserve_round_4k
                0x0000000011011b34       0x14 common/built-in.o
 .text.reserve_uboot
                0x0000000011011b48       0x38 common/built-in.o
 .text.reserve_malloc
                0x0000000011011b80       0x14 common/built-in.o
 .text.reserve_global_data
                0x0000000011011b94       0x1c common/built-in.o
 .text.dram_init_banksize
                0x0000000011011bb0       0x30 common/built-in.o
                0x0000000011011bb0                dram_init_banksize
 .text.reserve_mmu
                0x0000000011011be0       0x4c common/built-in.o
                0x0000000011011be0                reserve_mmu
 .text.setup_reloc
                0x0000000011011c2c       0x48 common/built-in.o
 .text.reserve_board
                0x0000000011011c74       0x48 common/built-in.o
 .text.reserve_video
                0x0000000011011cbc       0x2c common/built-in.o
 .text.announce_dram_init
                0x0000000011011ce8       0x20 common/built-in.o
 .text.init_baud_rate
                0x0000000011011d08       0x30 common/built-in.o
 .text.initf_dm
                0x0000000011011d38        0x8 common/built-in.o
 .text.initf_bootstage
                0x0000000011011d40       0x1c common/built-in.o
 .text.arch_cpu_init_dm
                0x0000000011011d5c        0x8 common/built-in.o
                0x0000000011011d5c                arch_cpu_init_dm
 .text.setup_spl_handoff
                0x0000000011011d64        0x8 common/built-in.o
 .text.mach_cpu_init
                0x0000000011011d6c        0x8 common/built-in.o
                0x0000000011011d6c                mach_cpu_init
 .text.reserve_trace
                0x0000000011011d74        0x8 common/built-in.o
 .text.setup_machine
                0x0000000011011d7c        0x8 common/built-in.o
 .text.reserve_fdt
                0x0000000011011d84        0x8 common/built-in.o
 .text.reserve_bootstage
                0x0000000011011d8c        0x8 common/built-in.o
 .text.reserve_bloblist
                0x0000000011011d94        0x8 common/built-in.o
 .text.display_new_sp
                0x0000000011011d9c        0x8 common/built-in.o
 .text.reloc_fdt
                0x0000000011011da4        0x8 common/built-in.o
 .text.reloc_bootstage
                0x0000000011011dac        0x8 common/built-in.o
 .text.reloc_bloblist
                0x0000000011011db4        0x8 common/built-in.o
 .text.initf_console_record
                0x0000000011011dbc        0x8 common/built-in.o
 .text.reserve_arch
                0x0000000011011dc4        0x8 common/built-in.o
                0x0000000011011dc4                reserve_arch
 .text.board_add_ram_info
                0x0000000011011dcc        0x4 common/built-in.o
                0x0000000011011dcc                board_add_ram_info
 .text.show_dram_config
                0x0000000011011dd0       0x38 common/built-in.o
 .text.setup_dest_addr
                0x0000000011011e08       0x48 common/built-in.o
 .text.reserve_stacks
                0x0000000011011e50       0x1c common/built-in.o
 .text.board_init_f
                0x0000000011011e6c       0x2c common/built-in.o
                0x0000000011011e6c                board_init_f
 .text.initr_trace
                0x0000000011011e98        0x8 common/built-in.o
 .text.initr_reloc
                0x0000000011011ea0       0x18 common/built-in.o
 .text.run_main_loop
                0x0000000011011eb8       0x10 common/built-in.o
 .text.initr_net
                0x0000000011011ec8       0x24 common/built-in.o
 .text.initr_ethaddr
                0x0000000011011eec       0x28 common/built-in.o
 .text.initr_enable_interrupts
                0x0000000011011f14       0x18 common/built-in.o
 .text.initr_jumptable
                0x0000000011011f2c       0x18 common/built-in.o
 .text.initr_env
                0x0000000011011f44       0x74 common/built-in.o
 .text.initr_mmc
                0x0000000011011fb8       0x28 common/built-in.o
 .text.initr_serial
                0x0000000011011fe0       0x18 common/built-in.o
 .text.initr_dm
                0x0000000011011ff8       0x14 common/built-in.o
 .text.initr_bootstage
                0x000000001101200c       0x1c common/built-in.o
 .text.initr_malloc
                0x0000000011012028       0x28 common/built-in.o
 .text.initr_reloc_global_data
                0x0000000011012050       0x5c common/built-in.o
 .text.initr_caches
                0x00000000110120ac       0x18 common/built-in.o
 .text.bootstage_relocate
                0x00000000110120c4        0x8 common/built-in.o
 .text.initr_barrier
                0x00000000110120cc        0x8 common/built-in.o
 .text.initr_console_record
                0x00000000110120d4        0x8 common/built-in.o
 .text.power_init_board
                0x00000000110120dc        0x8 common/built-in.o
                0x00000000110120dc                power_init_board
 .text.initr_announce
                0x00000000110120e4        0x8 common/built-in.o
 .text.cpu_secondary_init_r
                0x00000000110120ec        0x4 common/built-in.o
                0x00000000110120ec                cpu_secondary_init_r
 .text.initr_secondary_cpu
                0x00000000110120f0       0x18 common/built-in.o
 .text.board_init_r
                0x0000000011012108       0x24 common/built-in.o
                0x0000000011012108                board_init_r
 .text.bootm_find_images
                0x000000001101212c       0xa8 common/built-in.o
                0x000000001101212c                bootm_find_images
 .text.bootm_decomp_image
                0x00000000110121d4      0x1ac common/built-in.o
                0x00000000110121d4                bootm_decomp_image
 .text.bootm_disable_interrupts
                0x0000000011012380       0x28 common/built-in.o
                0x0000000011012380                bootm_disable_interrupts
 .text.do_bootm_states
                0x00000000110123a8      0x72c common/built-in.o
                0x00000000110123a8                do_bootm_states
 .text.do_bootm_vxworks
                0x0000000011012ad4      0x128 common/built-in.o
                0x0000000011012ad4                do_bootm_vxworks
 .text.copy_args
                0x0000000011012bfc       0x6c common/built-in.o
 .text.do_bootm_rtems
                0x0000000011012c68       0x50 common/built-in.o
 .text.do_bootm_plan9
                0x0000000011012cb8       0xb8 common/built-in.o
 .text.do_bootm_standalone
                0x0000000011012d70       0x74 common/built-in.o
 .text.do_bootm_qnxelf
                0x0000000011012de4       0x7c common/built-in.o
 .text.do_bootm_netbsd
                0x0000000011012e60      0x118 common/built-in.o
 .text.arch_preboot_os
                0x0000000011012f78        0x4 common/built-in.o
                0x0000000011012f78                arch_preboot_os
 .text.board_preboot_os
                0x0000000011012f7c        0x4 common/built-in.o
                0x0000000011012f7c                board_preboot_os
 .text.boot_selected_os
                0x0000000011012f80       0x7c common/built-in.o
                0x0000000011012f80                boot_selected_os
 .text.bootm_os_get_boot_func
                0x0000000011012ffc       0x10 common/built-in.o
                0x0000000011012ffc                bootm_os_get_boot_func
 .text.of_bus_default_map
                0x000000001101300c       0xa8 common/built-in.o
 .text.of_bus_default_translate
                0x00000000110130b4       0xb8 common/built-in.o
 .text.fdt_support_default_count_cells
                0x000000001101316c       0x70 common/built-in.o
                0x000000001101316c                fdt_support_default_count_cells
 .text.fdt_find_and_setprop
                0x00000000110131dc       0x94 common/built-in.o
                0x00000000110131dc                fdt_find_and_setprop
 .text.fdt_find_or_add_subnode
                0x0000000011013270       0x74 common/built-in.o
                0x0000000011013270                fdt_find_or_add_subnode
 .text.fdt_root
                0x00000000110132e4       0x98 common/built-in.o
                0x00000000110132e4                fdt_root
 .text.fdt_initrd
                0x000000001101337c      0x1b4 common/built-in.o
                0x000000001101337c                fdt_initrd
 .text.fdt_chosen
                0x0000000011013530       0xbc common/built-in.o
                0x0000000011013530                fdt_chosen
 .text.do_fixup_by_path
                0x00000000110135ec       0x4c common/built-in.o
                0x00000000110135ec                do_fixup_by_path
 .text.fdt_fixup_memory_banks
                0x0000000011013638      0x238 common/built-in.o
                0x0000000011013638                fdt_fixup_memory_banks
 .text.fdt_fixup_memory
                0x0000000011013870       0x24 common/built-in.o
                0x0000000011013870                fdt_fixup_memory
 .text.fdt_fixup_ethernet
                0x0000000011013894      0x1ac common/built-in.o
                0x0000000011013894                fdt_fixup_ethernet
 .text.fdt_shrink_to_minimum
                0x0000000011013a40       0xc8 common/built-in.o
                0x0000000011013a40                fdt_shrink_to_minimum
 .text.fdt_translate_address
                0x0000000011013b08      0x268 common/built-in.o
                0x0000000011013b08                fdt_translate_address
 .text.fdt_setup_simplefb_node
                0x0000000011013d70      0x1f8 common/built-in.o
                0x0000000011013d70                fdt_setup_simplefb_node
 .text.fdt_overlay_apply_verbose
                0x0000000011013f68       0x80 common/built-in.o
                0x0000000011013f68                fdt_overlay_apply_verbose
 .text.miiphy_get_dev_by_name
                0x0000000011013fe8       0x68 common/built-in.o
                0x0000000011013fe8                miiphy_get_dev_by_name
 .text.miiphy_init
                0x0000000011014050       0x1c common/built-in.o
                0x0000000011014050                miiphy_init
 .text.mdio_alloc
                0x000000001101406c       0x3c common/built-in.o
                0x000000001101406c                mdio_alloc
 .text.mdio_free
                0x00000000110140a8        0x4 common/built-in.o
                0x00000000110140a8                mdio_free
 .text.mdio_register
                0x00000000110140ac       0x8c common/built-in.o
                0x00000000110140ac                mdio_register
 .text.mdio_unregister
                0x0000000011014138       0x30 common/built-in.o
                0x0000000011014138                mdio_unregister
 .text.mdio_list_devices
                0x0000000011014168       0xc8 common/built-in.o
                0x0000000011014168                mdio_list_devices
 .text.miiphy_set_current_dev
                0x0000000011014230       0x48 common/built-in.o
                0x0000000011014230                miiphy_set_current_dev
 .text.miiphy_get_active_dev
                0x0000000011014278       0x60 common/built-in.o
 .text.mdio_get_current_dev
                0x00000000110142d8        0xc common/built-in.o
                0x00000000110142d8                mdio_get_current_dev
 .text.mdio_phydev_for_ethname
                0x00000000110142e4       0xa0 common/built-in.o
                0x00000000110142e4                mdio_phydev_for_ethname
 .text.miiphy_get_current_dev
                0x0000000011014384       0x14 common/built-in.o
                0x0000000011014384                miiphy_get_current_dev
 .text.miiphy_read
                0x0000000011014398       0x5c common/built-in.o
                0x0000000011014398                miiphy_read
 .text.miiphy_write
                0x00000000110143f4       0x60 common/built-in.o
                0x00000000110143f4                miiphy_write
 .text.miiphy_listdev
                0x0000000011014454       0x90 common/built-in.o
                0x0000000011014454                miiphy_listdev
 .text.miiphy_info
                0x00000000110144e4       0xa0 common/built-in.o
                0x00000000110144e4                miiphy_info
 .text.miiphy_speed
                0x0000000011014584       0xc8 common/built-in.o
                0x0000000011014584                miiphy_speed
 .text.miiphy_duplex
                0x000000001101464c       0xc8 common/built-in.o
                0x000000001101464c                miiphy_duplex
 .text.miiphy_is_1000base_x
                0x0000000011014714        0x8 common/built-in.o
                0x0000000011014714                miiphy_is_1000base_x
 .text.usb_set_maxpacket_ep
                0x000000001101471c       0x84 common/built-in.o
 .text.usb_submit_int_msg
                0x00000000110147a0        0x4 common/built-in.o
                0x00000000110147a0                usb_submit_int_msg
 .text.usb_control_msg
                0x00000000110147a4       0xa0 common/built-in.o
                0x00000000110147a4                usb_control_msg
 .text.usb_get_descriptor
                0x0000000011014844       0x5c common/built-in.o
 .text.get_descriptor_len
                0x00000000110148a0       0xa4 common/built-in.o
 .text.usb_setup_descriptor
                0x0000000011014944       0xec common/built-in.o
 .text.usb_get_string
                0x0000000011014a30       0xa4 common/built-in.o
 .text.usb_string_sub
                0x0000000011014ad4      0x114 common/built-in.o
 .text.usb_bulk_msg
                0x0000000011014be8       0x80 common/built-in.o
                0x0000000011014be8                usb_bulk_msg
 .text.usb_maxpacket
                0x0000000011014c68       0x1c common/built-in.o
                0x0000000011014c68                usb_maxpacket
 .text.usb_clear_halt
                0x0000000011014c84       0x9c common/built-in.o
                0x0000000011014c84                usb_clear_halt
 .text.usb_get_configuration_len
                0x0000000011014d20       0x78 common/built-in.o
                0x0000000011014d20                usb_get_configuration_len
 .text.usb_get_configuration_no
                0x0000000011014d98       0x40 common/built-in.o
                0x0000000011014d98                usb_get_configuration_no
 .text.usb_set_interface
                0x0000000011014dd8       0xb0 common/built-in.o
                0x0000000011014dd8                usb_set_interface
 .text.usb_set_protocol
                0x0000000011014e88       0x4c common/built-in.o
                0x0000000011014e88                usb_set_protocol
 .text.usb_set_idle
                0x0000000011014ed4       0x4c common/built-in.o
                0x0000000011014ed4                usb_set_idle
 .text.usb_string
                0x0000000011014f20      0x118 common/built-in.o
                0x0000000011014f20                usb_string
 .text.usb_select_config
                0x0000000011015038      0x4b8 common/built-in.o
                0x0000000011015038                usb_select_config
 .text.usb_setup_device
                0x00000000110154f0      0x114 common/built-in.o
                0x00000000110154f0                usb_setup_device
 .text.usb_device_has_child_on_port
                0x0000000011015604        0x8 common/built-in.o
                0x0000000011015604                usb_device_has_child_on_port
 .text.usb_find_usb2_hub_address_port
                0x000000001101560c       0x90 common/built-in.o
                0x000000001101560c                usb_find_usb2_hub_address_port
 .text.usb_set_port_feature
                0x000000001101569c       0x4c common/built-in.o
 .text.usb_clear_port_feature
                0x00000000110156e8       0x4c common/built-in.o
 .text.usb_get_hub_descriptor
                0x0000000011015734       0x64 common/built-in.o
 .text.usb_hub_reset_devices
                0x0000000011015798        0x4 common/built-in.o
                0x0000000011015798                usb_hub_reset_devices
 .text.usb_hub_is_root_hub
                0x000000001101579c       0x20 common/built-in.o
                0x000000001101579c                usb_hub_is_root_hub
 .text.usb_get_port_status
                0x00000000110157bc       0xc8 common/built-in.o
                0x00000000110157bc                usb_get_port_status
 .text.usb_hub_port_connect_change
                0x0000000011015884      0x180 common/built-in.o
                0x0000000011015884                usb_hub_port_connect_change
 .text.usb_hub_configure
                0x0000000011015a04      0x5a4 common/built-in.o
 .text.usb_hub_scan
                0x0000000011015fa8       0x14 common/built-in.o
                0x0000000011015fa8                usb_hub_scan
 .text.usb_hub_post_probe
                0x0000000011015fbc        0x4 common/built-in.o
 .text.usb_stor_irq
                0x0000000011015fc0       0x18 common/built-in.o
 .text.usb_stor_BBB_reset
                0x0000000011015fd8       0xec common/built-in.o
 .text.usb_stor_CB_reset
                0x00000000110160c4       0xd4 common/built-in.o
 .text.usb_stor_BBB_clear_endpt_stall.isra.0
                0x0000000011016198       0x4c common/built-in.o
 .text.usb_stor_BBB_transport
                0x00000000110161e4      0x248 common/built-in.o
 .text.usb_stor_CB_comdat
                0x000000001101642c      0x1ec common/built-in.o
 .text.usb_stor_CBI_get_status.isra.0
                0x0000000011016618       0xd0 common/built-in.o
 .text.usb_stor_CB_transport
                0x00000000110166e8      0x1f4 common/built-in.o
 .text.usb_request_sense.constprop.0
                0x00000000110168dc       0x8c common/built-in.o
 .text.usb_stor_read
                0x0000000011016968      0x174 common/built-in.o
 .text.usb_stor_write
                0x0000000011016adc      0x174 common/built-in.o
 .text.usb_stor_info
                0x0000000011016c50       0x88 common/built-in.o
                0x0000000011016c50                usb_stor_info
 .text.usb_stor_reset
                0x0000000011016cd8        0xc common/built-in.o
                0x0000000011016cd8                usb_stor_reset
 .text.usb_stor_scan
                0x0000000011016ce4       0x4c common/built-in.o
                0x0000000011016ce4                usb_stor_scan
 .text.usb_storage_probe
                0x0000000011016d30      0x264 common/built-in.o
                0x0000000011016d30                usb_storage_probe
 .text.usb_stor_get_info
                0x0000000011016f94      0x2e4 common/built-in.o
                0x0000000011016f94                usb_stor_get_info
 .text.usb_mass_storage_probe
                0x0000000011017278      0x18c common/built-in.o
 .text.iomux_doenv
                0x0000000011017404      0x1cc common/built-in.o
                0x0000000011017404                iomux_doenv
 .text.lcd_dt_simplefb_configure_node
                0x00000000110175d0       0xa0 common/built-in.o
 .text.lcd_dt_simplefb_add_node
                0x0000000011017670       0x94 common/built-in.o
                0x0000000011017670                lcd_dt_simplefb_add_node
 .text.menu_display_statusline
                0x0000000011017704        0x4 common/built-in.o
                0x0000000011017704                menu_display_statusline
 .text.menu_default_set
                0x0000000011017708       0x94 common/built-in.o
                0x0000000011017708                menu_default_set
 .text.menu_get_choice
                0x000000001101779c      0x1cc common/built-in.o
                0x000000001101779c                menu_get_choice
 .text.menu_item_add
                0x0000000011017968       0xd8 common/built-in.o
                0x0000000011017968                menu_item_add
 .text.menu_create
                0x0000000011017a40       0xa4 common/built-in.o
                0x0000000011017a40                menu_create
 .text.menu_destroy
                0x0000000011017ae4       0x80 common/built-in.o
                0x0000000011017ae4                menu_destroy
 .text.usb_kbd_remove
                0x0000000011017b64       0xa4 common/built-in.o
 .text.usb_kbd_translate.part.0
                0x0000000011017c08      0x15c common/built-in.o
 .text.usb_kbd_probe
                0x0000000011017d64      0x1cc common/built-in.o
 .text.usb_kbd_irq_worker
                0x0000000011017f30      0x1bc common/built-in.o
 .text.usb_kbd_getc
                0x00000000110180ec       0x6c common/built-in.o
 .text.usb_kbd_testc
                0x0000000011018158       0x88 common/built-in.o
 .text.usb_kbd_irq
                0x00000000110181e0       0x20 common/built-in.o
 .text.delete_char.part.0
                0x0000000011018200       0xfc common/built-in.o
 .text.cread_add_char
                0x00000000110182fc      0x100 common/built-in.o
 .text.cli_readline_into_buffer
                0x00000000110183fc      0x8c8 common/built-in.o
                0x00000000110183fc                cli_readline_into_buffer
 .text.cli_readline
                0x0000000011018cc4       0x14 common/built-in.o
                0x0000000011018cc4                cli_readline
 .text.cli_simple_process_macros
                0x0000000011018cd8      0x208 common/built-in.o
                0x0000000011018cd8                cli_simple_process_macros
 .text.console_tstc
                0x0000000011018ee0       0xa8 common/built-in.o
 .text.console_putc
                0x0000000011018f88       0x70 common/built-in.o
 .text.console_puts
                0x0000000011018ff8       0x70 common/built-in.o
 .text.on_console
                0x0000000011019068       0xc0 common/built-in.o
 .text.serial_printf
                0x0000000011019128       0xb0 common/built-in.o
                0x0000000011019128                serial_printf
 .text.puts     0x00000000110191d8       0x28 common/built-in.o
                0x00000000110191d8                puts
 .text.putc     0x0000000011019200       0x2c common/built-in.o
                0x0000000011019200                putc
 .text.console_getc.isra.0
                0x000000001101922c       0x30 common/built-in.o
 .text.tstc     0x000000001101925c       0x24 common/built-in.o
                0x000000001101925c                tstc
 .text.getc     0x0000000011019280       0x4c common/built-in.o
                0x0000000011019280                getc
 .text.fputs    0x00000000110192cc       0x10 common/built-in.o
                0x00000000110192cc                fputs
 .text.ctrlc    0x00000000110192dc       0x54 common/built-in.o
                0x00000000110192dc                ctrlc
 .text.disable_ctrlc
                0x0000000011019330       0x14 common/built-in.o
                0x0000000011019330                disable_ctrlc
 .text.had_ctrlc
                0x0000000011019344        0xc common/built-in.o
                0x0000000011019344                had_ctrlc
 .text.clear_ctrlc
                0x0000000011019350        0xc common/built-in.o
                0x0000000011019350                clear_ctrlc
 .text.search_device
                0x000000001101935c       0x34 common/built-in.o
                0x000000001101935c                search_device
 .text.console_assign
                0x0000000011019390       0xd8 common/built-in.o
                0x0000000011019390                console_assign
 .text.console_init_f
                0x0000000011019468       0x10 common/built-in.o
                0x0000000011019468                console_init_f
 .text.stdio_print_current_devices
                0x0000000011019478       0xbc common/built-in.o
                0x0000000011019478                stdio_print_current_devices
 .text.console_init_r
                0x0000000011019534      0x1a0 common/built-in.o
                0x0000000011019534                console_init_r
 .text.sbrk     0x00000000110196d4       0x74 common/built-in.o
                0x00000000110196d4                sbrk
 .text.mem_malloc_init
                0x0000000011019748       0x28 common/built-in.o
                0x0000000011019748                mem_malloc_init
 .text.malloc_trim
                0x0000000011019770       0xd8 common/built-in.o
                0x0000000011019770                malloc_trim
 .text.free     0x0000000011019848      0x21c common/built-in.o
                0x0000000011019848                free
 .text.malloc   0x0000000011019a64      0x62c common/built-in.o
                0x0000000011019a64                malloc
 .text.calloc   0x000000001101a090      0x10c common/built-in.o
                0x000000001101a090                calloc
 .text.realloc  0x000000001101a19c      0x460 common/built-in.o
                0x000000001101a19c                realloc
 .text.memalign
                0x000000001101a5fc      0x1bc common/built-in.o
                0x000000001101a5fc                memalign
 .text.initf_malloc
                0x000000001101a7b8       0x18 common/built-in.o
                0x000000001101a7b8                initf_malloc
 .text.alloc_simple
                0x000000001101a7d0       0x54 common/built-in.o
 .text.malloc_simple
                0x000000001101a824        0x8 common/built-in.o
                0x000000001101a824                malloc_simple
 .text.on_loadaddr
                0x000000001101a82c       0x3c common/built-in.o
 .text.image_check_hcrc
                0x000000001101a868       0x50 common/built-in.o
                0x000000001101a868                image_check_hcrc
 .text.image_check_dcrc
                0x000000001101a8b8       0x44 common/built-in.o
                0x000000001101a8b8                image_check_dcrc
 .text.image_multi_count
                0x000000001101a8fc       0x20 common/built-in.o
                0x000000001101a8fc                image_multi_count
 .text.image_multi_getimg
                0x000000001101a91c       0x84 common/built-in.o
                0x000000001101a91c                image_multi_getimg
 .text.env_get_bootm_low
                0x000000001101a9a0       0x30 common/built-in.o
                0x000000001101a9a0                env_get_bootm_low
 .text.env_get_bootm_size
                0x000000001101a9d0       0x78 common/built-in.o
                0x000000001101a9d0                env_get_bootm_size
 .text.env_get_bootm_mapsize
                0x000000001101aa48       0x30 common/built-in.o
                0x000000001101aa48                env_get_bootm_mapsize
 .text.memmove_wd
                0x000000001101aa78       0x10 common/built-in.o
                0x000000001101aa78                memmove_wd
 .text.genimg_print_size
                0x000000001101aa88       0x38 common/built-in.o
                0x000000001101aa88                genimg_print_size
 .text.get_table_entry
                0x000000001101aac0       0x20 common/built-in.o
                0x000000001101aac0                get_table_entry
 .text.get_table_entry_name
                0x000000001101aae0       0x28 common/built-in.o
                0x000000001101aae0                get_table_entry_name
 .text.genimg_get_os_name
                0x000000001101ab08       0x18 common/built-in.o
                0x000000001101ab08                genimg_get_os_name
 .text.genimg_get_arch_name
                0x000000001101ab20       0x18 common/built-in.o
                0x000000001101ab20                genimg_get_arch_name
 .text.genimg_get_type_name
                0x000000001101ab38       0x18 common/built-in.o
                0x000000001101ab38                genimg_get_type_name
 .text.genimg_get_comp_name
                0x000000001101ab50       0x18 common/built-in.o
                0x000000001101ab50                genimg_get_comp_name
 .text.image_print_contents
                0x000000001101ab68      0x1c4 common/built-in.o
                0x000000001101ab68                image_print_contents
 .text.genimg_get_kernel_addr_fit
                0x000000001101ad2c       0x1c common/built-in.o
                0x000000001101ad2c                genimg_get_kernel_addr_fit
 .text.genimg_get_kernel_addr
                0x000000001101ad48       0x20 common/built-in.o
                0x000000001101ad48                genimg_get_kernel_addr
 .text.genimg_get_format
                0x000000001101ad68       0x3c common/built-in.o
                0x000000001101ad68                genimg_get_format
 .text.genimg_has_config
                0x000000001101ada4        0x8 common/built-in.o
                0x000000001101ada4                genimg_has_config
 .text.boot_get_ramdisk
                0x000000001101adac      0x26c common/built-in.o
                0x000000001101adac                boot_get_ramdisk
 .text.boot_ramdisk_high
                0x000000001101b018      0x12c common/built-in.o
                0x000000001101b018                boot_ramdisk_high
 .text.boot_get_setup
                0x000000001101b144        0x8 common/built-in.o
                0x000000001101b144                boot_get_setup
 .text.image_setup_linux
                0x000000001101b14c       0x6c common/built-in.o
                0x000000001101b14c                image_setup_linux
 .text.fdt_error
                0x000000001101b1b8       0x38 common/built-in.o
 .text.boot_fdt_add_mem_rsv_regions
                0x000000001101b1f0       0x94 common/built-in.o
                0x000000001101b1f0                boot_fdt_add_mem_rsv_regions
 .text.boot_relocate_fdt
                0x000000001101b284      0x1a8 common/built-in.o
                0x000000001101b284                boot_relocate_fdt
 .text.boot_get_fdt
                0x000000001101b42c      0x29c common/built-in.o
                0x000000001101b42c                boot_get_fdt
 .text.ft_verify_fdt
                0x000000001101b6c8        0x8 common/built-in.o
                0x000000001101b6c8                ft_verify_fdt
 .text.image_setup_libfdt
                0x000000001101b6d0      0x148 common/built-in.o
                0x000000001101b6d0                image_setup_libfdt
 .text.get_effective_memsize
                0x000000001101b818        0x8 common/built-in.o
                0x000000001101b818                get_effective_memsize
 .text.nulldev_putc
                0x000000001101b820        0x4 common/built-in.o
 .text.nulldev_puts
                0x000000001101b824        0x4 common/built-in.o
 .text.nulldev_input
                0x000000001101b828        0x8 common/built-in.o
 .text.stdio_serial_tstc
                0x000000001101b830        0x4 common/built-in.o
 .text.stdio_serial_getc
                0x000000001101b834        0x4 common/built-in.o
 .text.stdio_serial_puts
                0x000000001101b838        0x8 common/built-in.o
 .text.stdio_serial_putc
                0x000000001101b840        0x8 common/built-in.o
 .text.stdio_get_list
                0x000000001101b848       0x10 common/built-in.o
                0x000000001101b848                stdio_get_list
 .text.stdio_get_by_name
                0x000000001101b858       0xfc common/built-in.o
                0x000000001101b858                stdio_get_by_name
 .text.stdio_clone
                0x000000001101b954       0x4c common/built-in.o
                0x000000001101b954                stdio_clone
 .text.stdio_register_dev
                0x000000001101b9a0       0x58 common/built-in.o
                0x000000001101b9a0                stdio_register_dev
 .text.stdio_register
                0x000000001101b9f8        0x8 common/built-in.o
                0x000000001101b9f8                stdio_register
 .text.stdio_deregister_dev
                0x000000001101ba00      0x120 common/built-in.o
                0x000000001101ba00                stdio_deregister_dev
 .text.stdio_init_tables
                0x000000001101bb20       0x18 common/built-in.o
                0x000000001101bb20                stdio_init_tables
 .text.stdio_add_devices
                0x000000001101bb38      0x13c common/built-in.o
                0x000000001101bb38                stdio_add_devices
 .text.run_command
                0x000000001101bc74       0x14 common/built-in.o
                0x000000001101bc74                run_command
 .text.run_command_list
                0x000000001101bc88       0x90 common/built-in.o
                0x000000001101bc88                run_command_list
 .text.do_run   0x000000001101bd18       0x88 common/built-in.o
                0x000000001101bd18                do_run
 .text.cli_process_fdt
                0x000000001101bda0       0x50 common/built-in.o
                0x000000001101bda0                cli_process_fdt
 .text.cli_secure_boot_cmd
                0x000000001101bdf0       0x74 common/built-in.o
                0x000000001101bdf0                cli_secure_boot_cmd
 .text.cli_loop
                0x000000001101be64       0x10 common/built-in.o
                0x000000001101be64                cli_loop
 .text.cli_init
                0x000000001101be74        0x4 common/built-in.o
                0x000000001101be74                cli_init
 .text.find_cmd_tbl
                0x000000001101be78       0xc0 common/built-in.o
                0x000000001101be78                find_cmd_tbl
 .text.find_cmd
                0x000000001101bf38       0x30 common/built-in.o
                0x000000001101bf38                find_cmd
 .text.cmd_usage
                0x000000001101bf68       0x68 common/built-in.o
                0x000000001101bf68                cmd_usage
 .text._do_help
                0x000000001101bfd0      0x188 common/built-in.o
                0x000000001101bfd0                _do_help
 .text.var_complete
                0x000000001101c158       0x80 common/built-in.o
                0x000000001101c158                var_complete
 .text.complete_subcmdv
                0x000000001101c1d8      0x1b8 common/built-in.o
                0x000000001101c1d8                complete_subcmdv
 .text.cmd_auto_complete
                0x000000001101c390      0x3f0 common/built-in.o
                0x000000001101c390                cmd_auto_complete
 .text.cmd_get_data_size
                0x000000001101c780       0x6c common/built-in.o
                0x000000001101c780                cmd_get_data_size
 .text.cmd_always_repeatable
                0x000000001101c7ec       0x14 common/built-in.o
                0x000000001101c7ec                cmd_always_repeatable
 .text.cmd_never_repeatable
                0x000000001101c800       0x10 common/built-in.o
                0x000000001101c800                cmd_never_repeatable
 .text.cmd_process
                0x000000001101c810      0x108 common/built-in.o
                0x000000001101c810                cmd_process
 .text.cmd_process_error
                0x000000001101c918       0x40 common/built-in.o
                0x000000001101c918                cmd_process_error
 .text.hex1_bin
                0x000000001101c958       0x44 common/built-in.o
 .text.hex2_bin
                0x000000001101c99c       0x40 common/built-in.o
 .text.srec_decode
                0x000000001101c9dc      0x214 common/built-in.o
                0x000000001101c9dc                srec_decode
 .text.CYGACC_COMM_IF_GETC_TIMEOUT.isra.0
                0x000000001101cbf0       0x54 common/built-in.o
 .text.xyzModem_flush
                0x000000001101cc44       0x1c common/built-in.o
 .text.xyzModem_get_hdr
                0x000000001101cc60      0x200 common/built-in.o
 .text.xyzModem_stream_open
                0x000000001101ce60      0x238 common/built-in.o
                0x000000001101ce60                xyzModem_stream_open
 .text.xyzModem_stream_read
                0x000000001101d098      0x254 common/built-in.o
                0x000000001101d098                xyzModem_stream_read
 .text.xyzModem_stream_close
                0x000000001101d2ec       0x3c common/built-in.o
                0x000000001101d2ec                xyzModem_stream_close
 .text.xyzModem_stream_terminate
                0x000000001101d328       0xa4 common/built-in.o
                0x000000001101d328                xyzModem_stream_terminate
 .text.xyzModem_error
                0x000000001101d3cc       0x24 common/built-in.o
                0x000000001101d3cc                xyzModem_error
 .text.part_driver_lookup_type
                0x000000001101d3f0       0xa4 disk/built-in.o
 .text.dev_print
                0x000000001101d494      0x1e4 disk/built-in.o
                0x000000001101d494                dev_print
 .text.part_init
                0x000000001101d678       0x88 disk/built-in.o
                0x000000001101d678                part_init
 .text.part_print
                0x000000001101d700      0x13c disk/built-in.o
                0x000000001101d700                part_print
 .text.part_get_info
                0x000000001101d83c       0x68 disk/built-in.o
                0x000000001101d83c                part_get_info
 .text.part_get_info_whole_disk
                0x000000001101d8a4       0x5c disk/built-in.o
                0x000000001101d8a4                part_get_info_whole_disk
 .text.blk_get_device_by_str
                0x000000001101d900      0x144 disk/built-in.o
                0x000000001101d900                blk_get_device_by_str
 .text.blk_get_device_part_str
                0x000000001101da44      0x360 disk/built-in.o
                0x000000001101da44                blk_get_device_part_str
 .text.part_get_info_by_name_type
                0x000000001101dda4       0x8c disk/built-in.o
                0x000000001101dda4                part_get_info_by_name_type
 .text.part_get_info_by_name
                0x000000001101de30        0x8 disk/built-in.o
                0x000000001101de30                part_get_info_by_name
 .text.part_set_generic_name
                0x000000001101de38       0x48 disk/built-in.o
                0x000000001101de38                part_set_generic_name
 .text.test_block_type
                0x000000001101de80       0x80 disk/built-in.o
 .text.print_partition_extended
                0x000000001101df00      0x25c disk/built-in.o
 .text.part_print_dos
                0x000000001101e15c       0x3c disk/built-in.o
                0x000000001101e15c                part_print_dos
 .text.part_test_dos
                0x000000001101e198       0x78 disk/built-in.o
 .text.part_get_info_extended
                0x000000001101e210      0x2b4 disk/built-in.o
 .text.part_get_info_dos
                0x000000001101e4c4       0x1c disk/built-in.o
                0x000000001101e4c4                part_get_info_dos
 .text.iso_dread
                0x000000001101e4e0       0x48 disk/built-in.o
                0x000000001101e4e0                iso_dread
 .text.part_get_info_iso_verb
                0x000000001101e528      0x374 disk/built-in.o
                0x000000001101e528                part_get_info_iso_verb
 .text.part_test_iso
                0x000000001101e89c       0x20 disk/built-in.o
 .text.part_print_iso
                0x000000001101e8bc       0xa4 disk/built-in.o
 .text.part_get_info_iso
                0x000000001101e960        0x8 disk/built-in.o
 .text.print_efiname
                0x000000001101e968       0x54 disk/built-in.o
 .text.part_test_efi
                0x000000001101e9bc       0xb4 disk/built-in.o
 .text.validate_gpt_entries
                0x000000001101ea70       0xa8 disk/built-in.o
 .text.validate_gpt_header
                0x000000001101eb18      0x230 disk/built-in.o
 .text.is_gpt_valid
                0x000000001101ed48      0x278 disk/built-in.o
 .text.is_pte_valid
                0x000000001101efc0       0x64 disk/built-in.o
 .text.part_print_efi
                0x000000001101f024      0x274 disk/built-in.o
                0x000000001101f024                part_print_efi
 .text.part_get_info_efi
                0x000000001101f298      0x240 disk/built-in.o
                0x000000001101f298                part_get_info_efi
 .text.device_bind_common.isra.0
                0x000000001101f4d8      0x310 drivers/built-in.o
 .text.alloc_priv
                0x000000001101f7e8       0x64 drivers/built-in.o
 .text.device_bind_with_driver_data
                0x000000001101f84c       0x14 drivers/built-in.o
                0x000000001101f84c                device_bind_with_driver_data
 .text.device_bind
                0x000000001101f860       0x10 drivers/built-in.o
                0x000000001101f860                device_bind
 .text.device_bind_by_name
                0x000000001101f870       0x7c drivers/built-in.o
                0x000000001101f870                device_bind_by_name
 .text.device_probe
                0x000000001101f8ec      0x250 drivers/built-in.o
                0x000000001101f8ec                device_probe
 .text.dev_get_platdata
                0x000000001101fb3c       0x40 drivers/built-in.o
                0x000000001101fb3c                dev_get_platdata
 .text.dev_get_parent_platdata
                0x000000001101fb7c       0x40 drivers/built-in.o
                0x000000001101fb7c                dev_get_parent_platdata
 .text.dev_get_uclass_platdata
                0x000000001101fbbc       0x40 drivers/built-in.o
                0x000000001101fbbc                dev_get_uclass_platdata
 .text.dev_get_priv
                0x000000001101fbfc       0x40 drivers/built-in.o
                0x000000001101fbfc                dev_get_priv
 .text.dev_get_uclass_priv
                0x000000001101fc3c       0x40 drivers/built-in.o
                0x000000001101fc3c                dev_get_uclass_priv
 .text.dev_get_parent_priv
                0x000000001101fc7c       0x40 drivers/built-in.o
                0x000000001101fc7c                dev_get_parent_priv
 .text.device_find_first_child
                0x000000001101fcbc       0x20 drivers/built-in.o
                0x000000001101fcbc                device_find_first_child
 .text.device_find_next_child
                0x000000001101fcdc       0x28 drivers/built-in.o
                0x000000001101fcdc                device_find_next_child
 .text.dev_get_parent
                0x000000001101fd04        0x8 drivers/built-in.o
                0x000000001101fd04                dev_get_parent
 .text.dev_get_driver_data
                0x000000001101fd0c        0x8 drivers/built-in.o
                0x000000001101fd0c                dev_get_driver_data
 .text.device_get_uclass_id
                0x000000001101fd14       0x10 drivers/built-in.o
                0x000000001101fd14                device_get_uclass_id
 .text.device_has_active_children
                0x000000001101fd24       0x3c drivers/built-in.o
                0x000000001101fd24                device_has_active_children
 .text.device_is_last_sibling
                0x000000001101fd60       0x24 drivers/built-in.o
                0x000000001101fd60                device_is_last_sibling
 .text.device_set_name_alloced
                0x000000001101fd84       0x10 drivers/built-in.o
                0x000000001101fd84                device_set_name_alloced
 .text.devfdt_get_addr_index
                0x000000001101fd94       0xe4 drivers/built-in.o
                0x000000001101fd94                devfdt_get_addr_index
 .text.devfdt_get_addr
                0x000000001101fe78        0x8 drivers/built-in.o
                0x000000001101fe78                devfdt_get_addr
 .text.devfdt_get_addr_ptr
                0x000000001101fe80        0x8 drivers/built-in.o
                0x000000001101fe80                devfdt_get_addr_ptr
 .text.lists_driver_lookup_name
                0x000000001101fe88       0x78 drivers/built-in.o
                0x000000001101fe88                lists_driver_lookup_name
 .text.lists_uclass_lookup
                0x000000001101ff00       0x54 drivers/built-in.o
                0x000000001101ff00                lists_uclass_lookup
 .text.lists_bind_drivers
                0x000000001101ff54       0xb0 drivers/built-in.o
                0x000000001101ff54                lists_bind_drivers
 .text.device_bind_driver_to_node
                0x0000000011020004       0x68 drivers/built-in.o
                0x0000000011020004                device_bind_driver_to_node
 .text.device_bind_driver
                0x000000001102006c        0xc drivers/built-in.o
                0x000000001102006c                device_bind_driver
 .text.lists_bind_fdt
                0x0000000011020078      0x1b8 drivers/built-in.o
                0x0000000011020078                lists_bind_fdt
 .text.dm_scan_fdt_node
                0x0000000011020230      0x108 drivers/built-in.o
 .text.dm_scan_fdt_ofnode_path
                0x0000000011020338       0x48 drivers/built-in.o
 .text.dm_root  0x0000000011020380       0x38 drivers/built-in.o
                0x0000000011020380                dm_root
 .text.dm_get_translation_offset
                0x00000000110203b8       0x1c drivers/built-in.o
                0x00000000110203b8                dm_get_translation_offset
 .text.dm_init  0x00000000110203d4       0x64 drivers/built-in.o
                0x00000000110203d4                dm_init
 .text.dm_remove_devices_flags
                0x0000000011020438       0x2c drivers/built-in.o
                0x0000000011020438                dm_remove_devices_flags
 .text.dm_scan_platdata
                0x0000000011020464       0x34 drivers/built-in.o
                0x0000000011020464                dm_scan_platdata
 .text.dm_scan_fdt_dev
                0x0000000011020498       0x28 drivers/built-in.o
                0x0000000011020498                dm_scan_fdt_dev
 .text.dm_scan_fdt
                0x00000000110204c0       0x14 drivers/built-in.o
                0x00000000110204c0                dm_scan_fdt
 .text.dm_extended_scan_fdt
                0x00000000110204d4       0x58 drivers/built-in.o
                0x00000000110204d4                dm_extended_scan_fdt
 .text.dm_scan_other
                0x000000001102052c        0x8 drivers/built-in.o
                0x000000001102052c                dm_scan_other
 .text.dm_init_and_scan
                0x0000000011020534       0x54 drivers/built-in.o
                0x0000000011020534                dm_init_and_scan
 .text.uclass_find
                0x0000000011020588       0x48 drivers/built-in.o
                0x0000000011020588                uclass_find
 .text.uclass_get
                0x00000000110205d0      0x130 drivers/built-in.o
                0x00000000110205d0                uclass_get
 .text.dev_get_uclass_index
                0x0000000011020700       0x58 drivers/built-in.o
                0x0000000011020700                dev_get_uclass_index
 .text.uclass_find_device
                0x0000000011020758       0x78 drivers/built-in.o
                0x0000000011020758                uclass_find_device
 .text.uclass_find_first_device
                0x00000000110207d0       0x48 drivers/built-in.o
                0x00000000110207d0                uclass_find_first_device
 .text.uclass_find_next_device
                0x0000000011020818       0x2c drivers/built-in.o
                0x0000000011020818                uclass_find_next_device
 .text.uclass_find_device_by_name
                0x0000000011020844       0x98 drivers/built-in.o
                0x0000000011020844                uclass_find_device_by_name
 .text.uclass_find_device_by_seq
                0x00000000110208dc       0x90 drivers/built-in.o
                0x00000000110208dc                uclass_find_device_by_seq
 .text.uclass_find_device_by_of_offset
                0x000000001102096c       0x78 drivers/built-in.o
                0x000000001102096c                uclass_find_device_by_of_offset
 .text.uclass_find_device_by_ofnode
                0x00000000110209e4       0x7c drivers/built-in.o
                0x00000000110209e4                uclass_find_device_by_ofnode
 .text.uclass_find_device_by_phandle
                0x0000000011020a60       0xb4 drivers/built-in.o
                0x0000000011020a60                uclass_find_device_by_phandle
 .text.uclass_get_device_tail
                0x0000000011020b14       0x40 drivers/built-in.o
                0x0000000011020b14                uclass_get_device_tail
 .text.uclass_get_device
                0x0000000011020b54       0x38 drivers/built-in.o
                0x0000000011020b54                uclass_get_device
 .text.uclass_get_device_by_name
                0x0000000011020b8c       0x38 drivers/built-in.o
                0x0000000011020b8c                uclass_get_device_by_name
 .text.uclass_get_device_by_seq
                0x0000000011020bc4       0x68 drivers/built-in.o
                0x0000000011020bc4                uclass_get_device_by_seq
 .text.uclass_get_device_by_of_offset
                0x0000000011020c2c       0x38 drivers/built-in.o
                0x0000000011020c2c                uclass_get_device_by_of_offset
 .text.uclass_get_device_by_ofnode
                0x0000000011020c64       0x38 drivers/built-in.o
                0x0000000011020c64                uclass_get_device_by_ofnode
 .text.uclass_get_device_by_phandle_id
                0x0000000011020c9c       0x90 drivers/built-in.o
                0x0000000011020c9c                uclass_get_device_by_phandle_id
 .text.uclass_get_device_by_phandle
                0x0000000011020d2c       0x38 drivers/built-in.o
                0x0000000011020d2c                uclass_get_device_by_phandle
 .text.uclass_first_device
                0x0000000011020d64       0x44 drivers/built-in.o
                0x0000000011020d64                uclass_first_device
 .text.uclass_first_device_err
                0x0000000011020da8       0x34 drivers/built-in.o
                0x0000000011020da8                uclass_first_device_err
 .text.uclass_next_device
                0x0000000011020ddc       0x44 drivers/built-in.o
                0x0000000011020ddc                uclass_next_device
 .text.uclass_next_device_err
                0x0000000011020e20       0x34 drivers/built-in.o
                0x0000000011020e20                uclass_next_device_err
 .text.uclass_first_device_check
                0x0000000011020e54       0x40 drivers/built-in.o
                0x0000000011020e54                uclass_first_device_check
 .text.uclass_next_device_check
                0x0000000011020e94       0x30 drivers/built-in.o
                0x0000000011020e94                uclass_next_device_check
 .text.uclass_bind_device
                0x0000000011020ec4       0x70 drivers/built-in.o
                0x0000000011020ec4                uclass_bind_device
 .text.uclass_unbind_device
                0x0000000011020f34       0x4c drivers/built-in.o
                0x0000000011020f34                uclass_unbind_device
 .text.uclass_resolve_seq
                0x0000000011020f80       0xb8 drivers/built-in.o
                0x0000000011020f80                uclass_resolve_seq
 .text.uclass_pre_probe_device
                0x0000000011021038       0x68 drivers/built-in.o
                0x0000000011021038                uclass_pre_probe_device
 .text.uclass_post_probe_device
                0x00000000110210a0       0x68 drivers/built-in.o
                0x00000000110210a0                uclass_post_probe_device
 .text.uclass_pre_remove_device
                0x0000000011021108       0x20 drivers/built-in.o
                0x0000000011021108                uclass_pre_remove_device
 .text.dm_warn  0x0000000011021128       0x78 drivers/built-in.o
                0x0000000011021128                dm_warn
 .text.dm_ofnode_pre_reloc
                0x00000000110211a0       0x64 drivers/built-in.o
                0x00000000110211a0                dm_ofnode_pre_reloc
 .text.device_unbind
                0x0000000011021204       0xe8 drivers/built-in.o
                0x0000000011021204                device_unbind
 .text.device_chld_unbind
                0x00000000110212ec       0x78 drivers/built-in.o
                0x00000000110212ec                device_chld_unbind
 .text.device_free
                0x0000000011021364       0x80 drivers/built-in.o
                0x0000000011021364                device_free
 .text.device_remove
                0x00000000110213e4      0x154 drivers/built-in.o
                0x00000000110213e4                device_remove
 .text.device_chld_remove
                0x0000000011021538       0x78 drivers/built-in.o
                0x0000000011021538                device_chld_remove
 .text.simple_bus_post_bind
                0x00000000110215b0       0x60 drivers/built-in.o
 .text.show_devices
                0x0000000011021610      0x134 drivers/built-in.o
 .text.dm_dump_all
                0x0000000011021744       0x54 drivers/built-in.o
                0x0000000011021744                dm_dump_all
 .text.dm_dump_uclass
                0x0000000011021798      0x120 drivers/built-in.o
                0x0000000011021798                dm_dump_uclass
 .text.ofnode_read_u32
                0x00000000110218b8       0x58 drivers/built-in.o
                0x00000000110218b8                ofnode_read_u32
 .text.ofnode_read_u32_default
                0x0000000011021910       0x20 drivers/built-in.o
                0x0000000011021910                ofnode_read_u32_default
 .text.ofnode_read_u32_array
                0x0000000011021930       0x18 drivers/built-in.o
                0x0000000011021930                ofnode_read_u32_array
 .text.ofnode_first_subnode
                0x0000000011021948       0x20 drivers/built-in.o
                0x0000000011021948                ofnode_first_subnode
 .text.ofnode_next_subnode
                0x0000000011021968       0x20 drivers/built-in.o
                0x0000000011021968                ofnode_next_subnode
 .text.ofnode_get_name
                0x0000000011021988       0x10 drivers/built-in.o
                0x0000000011021988                ofnode_get_name
 .text.ofnode_stringlist_search
                0x0000000011021998       0x40 drivers/built-in.o
                0x0000000011021998                ofnode_stringlist_search
 .text.ofnode_parse_phandle_with_args
                0x00000000110219d8       0x68 drivers/built-in.o
                0x00000000110219d8                ofnode_parse_phandle_with_args
 .text.ofnode_path
                0x0000000011021a40       0x20 drivers/built-in.o
                0x0000000011021a40                ofnode_path
 .text.ofnode_get_property
                0x0000000011021a60       0x14 drivers/built-in.o
                0x0000000011021a60                ofnode_get_property
 .text.ofnode_read_bool
                0x0000000011021a74       0x20 drivers/built-in.o
                0x0000000011021a74                ofnode_read_bool
 .text.ofnode_pre_reloc
                0x0000000011021a94       0x7c drivers/built-in.o
                0x0000000011021a94                ofnode_pre_reloc
 .text.input_tstc
                0x0000000011021b10       0x48 drivers/built-in.o
                0x0000000011021b10                input_tstc
 .text.input_getc
                0x0000000011021b58       0x58 drivers/built-in.o
                0x0000000011021b58                input_getc
 .text.input_init
                0x0000000011021bb0       0x34 drivers/built-in.o
                0x0000000011021bb0                input_init
 .text.keyboard_start
                0x0000000011021be4       0x24 drivers/built-in.o
 .text.keyboard_stop
                0x0000000011021c08       0x24 drivers/built-in.o
 .text.keyboard_pre_probe
                0x0000000011021c2c       0x78 drivers/built-in.o
 .text.keyboard_tstc
                0x0000000011021ca4       0x64 drivers/built-in.o
 .text.keyboard_getc
                0x0000000011021d08       0x64 drivers/built-in.o
 .text.pinconfig_post_bind
                0x0000000011021d6c       0xdc drivers/built-in.o
 .text.pinctrl_post_bind
                0x0000000011021e48       0x28 drivers/built-in.o
 .text.pinctrl_select_state
                0x0000000011021e70      0x164 drivers/built-in.o
                0x0000000011021e70                pinctrl_select_state